Component: ARM Compiler 5.06 update 6 (build 750) Tool: armlink [4d35ed]

==============================================================================

Section Cross References

    startup_stm32f407xx.o(RESET) refers to startup_stm32f407xx.o(STACK) for __initial_sp
    startup_stm32f407xx.o(RESET) refers to startup_stm32f407xx.o(.text) for Reset_Handler
    startup_stm32f407xx.o(RESET) refers to stm32f4xx_it.o(i.NMI_Handler) for NMI_Handler
    startup_stm32f407xx.o(RESET) refers to stm32f4xx_it.o(i.HardFault_Handler) for HardFault_Handler
    startup_stm32f407xx.o(RESET) refers to stm32f4xx_it.o(i.MemManage_Handler) for MemManage_Handler
    startup_stm32f407xx.o(RESET) refers to stm32f4xx_it.o(i.BusFault_Handler) for BusFault_Handler
    startup_stm32f407xx.o(RESET) refers to stm32f4xx_it.o(i.UsageFault_Handler) for UsageFault_Handler
    startup_stm32f407xx.o(RESET) refers to port.o(.emb_text) for SVC_Handler
    startup_stm32f407xx.o(RESET) refers to stm32f4xx_it.o(i.DebugMon_Handler) for DebugMon_Handler
    startup_stm32f407xx.o(RESET) refers to port.o(i.SysTick_Handler) for SysTick_Handler
    startup_stm32f407xx.o(RESET) refers to stm32f4xx_it.o(i.DMA1_Stream0_IRQHandler) for DMA1_Stream0_IRQHandler
    startup_stm32f407xx.o(RESET) refers to stm32f4xx_it.o(i.DMA1_Stream2_IRQHandler) for DMA1_Stream2_IRQHandler
    startup_stm32f407xx.o(RESET) refers to stm32f4xx_it.o(i.DMA1_Stream5_IRQHandler) for DMA1_Stream5_IRQHandler
    startup_stm32f407xx.o(RESET) refers to stm32f4xx_it.o(i.CAN1_RX0_IRQHandler) for CAN1_RX0_IRQHandler
    startup_stm32f407xx.o(RESET) refers to stm32f4xx_it.o(i.TIM2_IRQHandler) for TIM2_IRQHandler
    startup_stm32f407xx.o(RESET) refers to stm32f4xx_it.o(i.USART1_IRQHandler) for USART1_IRQHandler
    startup_stm32f407xx.o(RESET) refers to stm32f4xx_it.o(i.USART2_IRQHandler) for USART2_IRQHandler
    startup_stm32f407xx.o(RESET) refers to stm32f4xx_it.o(i.DMA1_Stream7_IRQHandler) for DMA1_Stream7_IRQHandler
    startup_stm32f407xx.o(RESET) refers to stm32f4xx_it.o(i.DMA2_Stream2_IRQHandler) for DMA2_Stream2_IRQHandler
    startup_stm32f407xx.o(RESET) refers to stm32f4xx_it.o(i.CAN2_RX0_IRQHandler) for CAN2_RX0_IRQHandler
    startup_stm32f407xx.o(.text) refers to system_stm32f4xx.o(i.SystemInit) for SystemInit
    startup_stm32f407xx.o(.text) refers to entry.o(.ARM.Collect$$$$00000000) for __main
    bmi.o(i.BMI_Get_ACC) refers to bmi2_common.o(i.MPU_Read_Byte) for MPU_Read_Byte
    bmi.o(i.BMI_Get_AUX) refers to bmi2_common.o(i.MPU_Read_Byte) for MPU_Read_Byte
    bmi.o(i.BMI_Get_EulerAngle) refers to bmi.o(i.lsb_to_dps) for lsb_to_dps
    bmi.o(i.BMI_Get_EulerAngle) refers to bmi.o(i.lsb_to_mps2) for lsb_to_mps2
    bmi.o(i.BMI_Get_EulerAngle) refers to bmi.o(i.inVSqrt) for inVSqrt
    bmi.o(i.BMI_Get_EulerAngle) refers to f2d.o(.text) for __aeabi_f2d
    bmi.o(i.BMI_Get_EulerAngle) refers to atan2.o(i.__hardfp_atan2) for __hardfp_atan2
    bmi.o(i.BMI_Get_EulerAngle) refers to dmul.o(.text) for __aeabi_dmul
    bmi.o(i.BMI_Get_EulerAngle) refers to d2f.o(.text) for __aeabi_d2f
    bmi.o(i.BMI_Get_EulerAngle) refers to asin.o(i.__hardfp_asin) for __hardfp_asin
    bmi.o(i.BMI_Get_EulerAngle) refers to bmi.o(.data) for .data
    bmi.o(i.BMI_Get_EulerAngle) refers to bmi.o(.bss) for .bss
    bmi.o(i.BMI_Get_GRO) refers to bmi2_common.o(i.MPU_Read_Byte) for MPU_Read_Byte
    bmi.o(i.BMI_Get_RawData) refers to bmi2_common.o(i.MPU_Read_all) for MPU_Read_all
    bmi.o(i.BMI_Init) refers to bmi2_common.o(i.bmi2_interface_selection) for bmi2_interface_selection
    bmi.o(i.BMI_Init) refers to bmi2_common.o(i.bmi2_error_codes_print_result) for bmi2_error_codes_print_result
    bmi.o(i.BMI_Init) refers to bmi270.o(i.bmi270_init) for bmi270_init
    bmi.o(i.BMI_Init) refers to bmi2.o(i.bmi2_sensor_enable) for bmi2_sensor_enable
    bmi.o(i.BMI_Init) refers to bmi.o(i.Set_gyro) for Set_gyro
    bmi.o(i.BMI_Init) refers to bmi.o(i.Set_accel) for Set_accel
    bmi.o(i.BMI_Init) refers to bmi.o(.bss) for .bss
    bmi.o(i.Set_accel) refers to bmi2.o(i.bmi2_get_sensor_config) for bmi2_get_sensor_config
    bmi.o(i.Set_accel) refers to bmi2_common.o(i.bmi2_error_codes_print_result) for bmi2_error_codes_print_result
    bmi.o(i.Set_accel) refers to bmi2.o(i.bmi2_map_data_int) for bmi2_map_data_int
    bmi.o(i.Set_accel) refers to bmi2.o(i.bmi2_set_sensor_config) for bmi2_set_sensor_config
    bmi.o(i.Set_gyro) refers to bmi2.o(i.bmi2_get_sensor_config) for bmi2_get_sensor_config
    bmi.o(i.Set_gyro) refers to bmi2_common.o(i.bmi2_error_codes_print_result) for bmi2_error_codes_print_result
    bmi.o(i.Set_gyro) refers to bmi2.o(i.bmi2_map_data_int) for bmi2_map_data_int
    bmi.o(i.Set_gyro) refers to bmi2.o(i.bmi2_set_sensor_config) for bmi2_set_sensor_config
    bmi2.o(i.abort_bmi2) refers to bmi2.o(i.bmi2_extract_input_feat_config) for bmi2_extract_input_feat_config
    bmi2.o(i.abort_bmi2) refers to bmi2.o(i.bmi2_get_feat_config) for bmi2_get_feat_config
[...]
    TIM4_IRQHandler                          0x08000277   Thumb Code     0  startup_stm32f407xx.o(.text)
    TIM5_IRQHandler                          0x08000277   Thumb Code     0  startup_stm32f407xx.o(.text)
    TIM6_DAC_IRQHandler                      0x08000277   Thumb Code     0  startup_stm32f407xx.o(.text)
    TIM7_IRQHandler                          0x08000277   Thumb Code     0  startup_stm32f407xx.o(.text)
    TIM8_BRK_TIM12_IRQHandler                0x08000277   Thumb Code     0  startup_stm32f407xx.o(.text)
    TIM8_CC_IRQHandler                       0x08000277   Thumb Code     0  startup_stm32f407xx.o(.text)
    TIM8_TRG_COM_TIM14_IRQHandler            0x08000277   Thumb Code     0  startup_stm32f407xx.o(.text)
    TIM8_UP_TIM13_IRQHandler                 0x08000277   Thumb Code     0  startup_stm32f407xx.o(.text)
    UART4_IRQHandler                         0x08000277   Thumb Code     0  startup_stm32f407xx.o(.text)
    UART5_IRQHandler                         0x08000277   Thumb Code     0  startup_stm32f407xx.o(.text)
    USART3_IRQHandler                        0x08000277   Thumb Code     0  startup_stm32f407xx.o(.text)
    USART6_IRQHandler                        0x08000277   Thumb Code     0  startup_stm32f407xx.o(.text)
    WWDG_IRQHandler                          0x08000277   Thumb Code     0  startup_stm32f407xx.o(.text)
    __aeabi_uldivmod                         0x08000281   Thumb Code    98  uldiv.o(.text)
    __aeabi_memcpy                           0x080002e3   Thumb Code    36  memcpya.o(.text)
    __aeabi_memcpy4                          0x080002e3   Thumb Code     0  memcpya.o(.text)
    __aeabi_memcpy8                          0x080002e3   Thumb Code     0  memcpya.o(.text)
    __aeabi_memset                           0x08000307   Thumb Code    14  memseta.o(.text)
    __aeabi_memset4                          0x08000307   Thumb Code     0  memseta.o(.text)
    __aeabi_memset8                          0x08000307   Thumb Code     0  memseta.o(.text)
    __aeabi_memclr                           0x08000315   Thumb Code     4  memseta.o(.text)
    __aeabi_memclr4                          0x08000315   Thumb Code     0  memseta.o(.text)
    __aeabi_memclr8                          0x08000315   Thumb Code     0  memseta.o(.text)
    memset                                   0x08000319   Thumb Code    18  memseta.o(.text)
    __aeabi_dmul                             0x0800032b   Thumb Code   228  dmul.o(.text)
    __aeabi_f2d                              0x0800040f   Thumb Code    38  f2d.o(.text)
    __aeabi_d2f                              0x08000435   Thumb Code    56  d2f.o(.text)
    __aeabi_llsl                             0x0800046d   Thumb Code    30  llshl.o(.text)
    _ll_shift_l                              0x0800046d   Thumb Code     0  llshl.o(.text)
    __aeabi_llsr                             0x0800048b   Thumb Code    32  llushr.o(.text)
    _ll_ushift_r                             0x0800048b   Thumb Code     0  llushr.o(.text)
    __I$use$fp                               0x080004ab   Thumb Code     0  iusefp.o(.text)
    _float_round                             0x080004ab   Thumb Code    18  fepilogue.o(.text)
    _float_epilogue                          0x080004bd   Thumb Code    92  fepilogue.o(.text)
    _double_round                            0x08000519   Thumb Code    30  depilogue.o(.text)
    _double_epilogue                         0x08000537   Thumb Code   156  depilogue.o(.text)
    __aeabi_dadd                             0x080005d3   Thumb Code   322  dadd.o(.text)
    __aeabi_dsub                             0x08000715   Thumb Code     6  dadd.o(.text)
    __aeabi_drsub                            0x0800071b   Thumb Code     6  dadd.o(.text)
    __aeabi_ddiv                             0x08000721   Thumb Code   222  ddiv.o(.text)
    __scatterload                            0x08000801   Thumb Code    28  init.o(.text)
    __scatterload_rt2                        0x08000801   Thumb Code     0  init.o(.text)
    __aeabi_lasr                             0x08000825   Thumb Code    36  llsshr.o(.text)
    _ll_sshift_r                             0x08000825   Thumb Code     0  llsshr.o(.text)
    _dsqrt                                   0x08000849   Thumb Code   162  dsqrt.o(.text)
    __decompress                             0x080008eb   Thumb Code     0  __dczerorl2.o(.text)
    __decompress1                            0x080008eb   Thumb Code    86  __dczerorl2.o(.text)
    BMI_Get_EulerAngle                       0x08000a69   Thumb Code  1116  bmi.o(i.BMI_Get_EulerAngle)
    BMI_Get_GRO                              0x08000ec5   Thumb Code    78  bmi.o(i.BMI_Get_GRO)
    BMI_Get_RawData                          0x08000f13   Thumb Code    72  bmi.o(i.BMI_Get_RawData)
    BMI_Init                                 0x08000f5d   Thumb Code   104  bmi.o(i.BMI_Init)
    BusFault_Handler                         0x08000fc9   Thumb Code     2  stm32f4xx_it.o(i.BusFault_Handler)
    CAN1_Init                                0x08000fcd   Thumb Code    36  drv_can.o(i.CAN1_Init)
    CAN1_RX0_IRQHandler                      0x08000ff5   Thumb Code     6  stm32f4xx_it.o(i.CAN1_RX0_IRQHandler)
    CAN1_rxDataHandler                       0x08001001   Thumb Code   112  motor.o(i.CAN1_rxDataHandler)
    CAN2_Init                                0x08001079   Thumb Code    36  drv_can.o(i.CAN2_Init)
    CAN2_RX0_IRQHandler                      0x080010a1   Thumb Code     6  stm32f4xx_it.o(i.CAN2_RX0_IRQHandler)
    CAN2_rxDataHandler                       0x080010ad   Thumb Code    16  motor.o(i.CAN2_rxDataHandler)
    CAN_SendData                             0x08001135   Thumb Code    96  drv_can.o(i.CAN_SendData)
    CHASSIS_Motor_Update                     0x080011a1   Thumb Code    26  motor.o(i.CHASSIS_Motor_Update)
    DEV_Init                                 0x080011bd   Thumb Code    20  device.o(i.DEV_Init)
    DMA1_Stream0_IRQHandler                  0x080011d5   Thumb Code     6  stm32f4xx_it.o(i.DMA1_Stream0_IRQHandler)
    DMA1_Stream2_IRQHandler                  0x080011e1   Thumb Code     6  stm32f4xx_it.o(i.DMA1_Stream2_IRQHandler)
    DMA1_Stream5_IRQHandler                  0x080011ed   Thumb Code     6  stm32f4xx_it.o(i.DMA1_Stream5_IRQHandler)
    DMA1_Stream7_IRQHandler                  0x080011f9   Thumb Code     6  stm32f4xx_it.o(i.DMA1_Stream7_IRQHandler)
    DMA2_Stream2_IRQHandler                  0x08001205   Thumb Code     6  stm32f4xx_it.o(i.DMA2_Stream2_IRQHandler)
    DRIVER_Init                              0x08001533   Thumb Code    30  driver.o(i.DRIVER_Init)
    DRV_UART_IRQHandler                      0x08001551   Thumb Code    20  drv_uart.o(i.DRV_UART_IRQHandler)
    DebugMon_Handler                         0x08001565   Thumb Code     2  stm32f4xx_it.o(i.DebugMon_Handler)
    Error_Handler                            0x08001567   Thumb Code     4  main.o(i.Error_Handler)
    GIMBAL_Motor_Update                      0x0800156b   Thumb Code    26  motor.o(i.GIMBAL_Motor_Update)
    HAL_ADC_ConfigChannel                    0x08001585   Thumb Code   316  stm32f4xx_hal_adc.o(i.HAL_ADC_ConfigChannel)
    HAL_ADC_Init                             0x080016d1   Thumb Code    84  stm32f4xx_hal_adc.o(i.HAL_ADC_Init)
    HAL_ADC_MspInit                          0x08001725   Thumb Code    84  adc.o(i.HAL_ADC_MspInit)
    HAL_CAN_ActivateNotification             0x08001785   Thumb Code    36  stm32f4xx_hal_can.o(i.HAL_CAN_ActivateNotification)
    HAL_CAN_AddTxMessage                     0x080017a9   Thumb Code   200  stm32f4xx_hal_can.o(i.HAL_CAN_AddTxMessage)
    HAL_CAN_ConfigFilter                     0x08001871   Thumb Code   262  stm32f4xx_hal_can.o(i.HAL_CAN_ConfigFilter)
    HAL_CAN_ErrorCallback                    0x0800197d   Thumb Code     2  stm32f4xx_hal_can.o(i.HAL_CAN_ErrorCallback)
    HAL_CAN_GetRxMessage                     0x0800197f   Thumb Code   232  stm32f4xx_hal_can.o(i.HAL_CAN_GetRxMessage)
    HAL_CAN_IRQHandler                       0x08001a67   Thumb Code   508  stm32f4xx_hal_can.o(i.HAL_CAN_IRQHandler)
    HAL_CAN_Init                             0x08001c63   Thumb Code   282  stm32f4xx_hal_can.o(i.HAL_CAN_Init)
    HAL_CAN_MspInit                          0x08001d7d   Thumb Code   226  can.o(i.HAL_CAN_MspInit)
    HAL_CAN_RxFifo0FullCallback              0x08001e79   Thumb Code     2  stm32f4xx_hal_can.o(i.HAL_CAN_RxFifo0FullCallback)
    HAL_CAN_RxFifo0MsgPendingCallback        0x08001e7d   Thumb Code    20  drv_can.o(i.HAL_CAN_RxFifo0MsgPendingCallback)
    HAL_CAN_RxFifo1FullCallback              0x08001e99   Thumb Code     2  stm32f4xx_hal_can.o(i.HAL_CAN_RxFifo1FullCallback)
    HAL_CAN_RxFifo1MsgPendingCallback        0x08001e9b   Thumb Code     2  stm32f4xx_hal_can.o(i.HAL_CAN_RxFifo1MsgPendingCallback)
    HAL_CAN_SleepCallback                    0x08001e9d   Thumb Code     2  stm32f4xx_hal_can.o(i.HAL_CAN_SleepCallback)
    HAL_CAN_Start                            0x08001ea1   Thumb Code    88  stm32f4xx_hal_can.o(i.HAL_CAN_Start)
    HAL_CAN_TxMailbox0AbortCallback          0x08001ef9   Thumb Code     2  stm32f4xx_hal_can.o(i.HAL_CAN_TxMailbox0AbortCallback)
    HAL_CAN_TxMailbox0CompleteCallback       0x08001efb   Thumb Code     2  stm32f4xx_hal_can.o(i.HAL_CAN_TxMailbox0CompleteCallback)
    HAL_CAN_TxMailbox1AbortCallback          0x08001efd   Thumb Code     2  stm32f4xx_hal_can.o(i.HAL_CAN_TxMailbox1AbortCallback)
    HAL_CAN_TxMailbox1CompleteCallback       0x08001eff   Thumb Code     2  stm32f4xx_hal_can.o(i.HAL_CAN_TxMailbox1CompleteCallback)
    HAL_CAN_TxMailbox2AbortCallback          0x08001f01   Thumb Code     2  stm32f4xx_hal_can.o(i.HAL_CAN_TxMailbox2AbortCallback)
    HAL_CAN_TxMailbox2CompleteCallback       0x08001f03   Thumb Code     2  stm32f4xx_hal_can.o(i.HAL_CAN_TxMailbox2CompleteCallback)
    HAL_CAN_WakeUpFromRxMsgCallback          0x08001f05   Thumb Code     2  stm32f4xx_hal_can.o(i.HAL_CAN_WakeUpFromRxMsgCallback)
    HAL_DAC_ConfigChannel                    0x08001f07   Thumb Code    70  stm32f4xx_hal_dac.o(i.HAL_DAC_ConfigChannel)
    HAL_DAC_Init                             0x08001f4d   Thumb Code    40  stm32f4xx_hal_dac.o(i.HAL_DAC_Init)
    HAL_DAC_MspInit                          0x08001f75   Thumb Code    84  dac.o(i.HAL_DAC_MspInit)
    HAL_DMA_Abort                            0x08001fd5   Thumb Code   146  stm32f4xx_hal_dma.o(i.HAL_DMA_Abort)
    HAL_DMA_Abort_IT                         0x08002067   Thumb Code    36  stm32f4xx_hal_dma.o(i.HAL_DMA_Abort_IT)
    HAL_DMA_IRQHandler                       0x0800208d   Thumb Code   412  stm32f4xx_hal_dma.o(i.HAL_DMA_IRQHandler)
    HAL_DMA_Init                             0x0800222d   Thumb Code   206  stm32f4xx_hal_dma.o(i.HAL_DMA_Init)
    HAL_GPIO_Init                            0x08002301   Thumb Code   450  stm32f4xx_hal_gpio.o(i.HAL_GPIO_Init)
    HAL_GPIO_WritePin                        0x080024f1   Thumb Code    10  stm32f4xx_hal_gpio.o(i.HAL_GPIO_WritePin)
    HAL_GetTick                              0x080024fd   Thumb Code     6  stm32f4xx_hal.o(i.HAL_GetTick)
    HAL_IncTick                              0x08002509   Thumb Code    12  stm32f4xx_hal.o(i.HAL_IncTick)
    HAL_Init                                 0x08002519   Thumb Code    48  stm32f4xx_hal.o(i.HAL_Init)
    HAL_InitTick                             0x0800254d   Thumb Code   102  stm32f4xx_hal_timebase_tim.o(i.HAL_InitTick)
    HAL_MspInit                              0x080025c1   Thumb Code    52  stm32f4xx_hal_msp.o(i.HAL_MspInit)
    HAL_NVIC_EnableIRQ                       0x080025f9   Thumb Code    26  stm32f4xx_hal_cortex.o(i.HAL_NVIC_EnableIRQ)
    HAL_NVIC_SetPriority                     0x08002615   Thumb Code    60  stm32f4xx_hal_cortex.o(i.HAL_NVIC_SetPriority)
    HAL_NVIC_SetPriorityGrouping             0x08002655   Thumb Code    26  stm32f4xx_hal_cortex.o(i.HAL_NVIC_SetPriorityGrouping)
    HAL_RCC_ClockConfig                      0x08002679   Thumb Code   288  stm32f4xx_hal_rcc.o(i.HAL_RCC_ClockConfig)
    HAL_RCC_GetClockConfig                   0x080027ad   Thumb Code    54  stm32f4xx_hal_rcc.o(i.HAL_RCC_GetClockConfig)
    HAL_RCC_GetPCLK1Freq                     0x080027ed   Thumb Code    20  stm32f4xx_hal_rcc.o(i.HAL_RCC_GetPCLK1Freq)
    HAL_RCC_GetPCLK2Freq                     0x0800280d   Thumb Code    20  stm32f4xx_hal_rcc.o(i.HAL_RCC_GetPCLK2Freq)
    HAL_RCC_GetSysClockFreq                  0x0800282d   Thumb Code    88  stm32f4xx_hal_rcc.o(i.HAL_RCC_GetSysClockFreq)
    HAL_RCC_OscConfig                        0x08002891   Thumb Code   856  stm32f4xx_hal_rcc.o(i.HAL_RCC_OscConfig)
    HAL_TIMEx_BreakCallback                  0x08002bfd   Thumb Code     2  stm32f4xx_hal_tim_ex.o(i.HAL_TIMEx_BreakCallback)
    HAL_TIMEx_CommutCallback                 0x08002bff   Thumb Code     2  stm32f4xx_hal_tim_ex.o(i.HAL_TIMEx_CommutCallback)
    HAL_TIMEx_ConfigBreakDeadTime            0x08002c01   Thumb Code    84  stm32f4xx_hal_tim_ex.o(i.HAL_TIMEx_ConfigBreakDeadTime)
    HAL_TIMEx_MasterConfigSynchronization    0x08002c55   Thumb Code   116  stm32f4xx_hal_tim_ex.o(i.HAL_TIMEx_MasterConfigSynchronization)
    HAL_TIM_Base_Init                        0x08002ce5   Thumb Code    90  stm32f4xx_hal_tim.o(i.HAL_TIM_Base_Init)
    HAL_TIM_Base_MspInit                     0x08002d41   Thumb Code    56  tim.o(i.HAL_TIM_Base_MspInit)
    HAL_TIM_Base_Start_IT                    0x08002d85   Thumb Code   100  stm32f4xx_hal_tim.o(i.HAL_TIM_Base_Start_IT)
    HAL_TIM_ConfigClockSource                0x08002e05   Thumb Code   220  stm32f4xx_hal_tim.o(i.HAL_TIM_ConfigClockSource)
    HAL_TIM_IC_CaptureCallback               0x08002ee1   Thumb Code     2  stm32f4xx_hal_tim.o(i.HAL_TIM_IC_CaptureCallback)
    HAL_TIM_IRQHandler                       0x08002ee3   Thumb Code   358  stm32f4xx_hal_tim.o(i.HAL_TIM_IRQHandler)
    HAL_TIM_MspPostInit                      0x08003049   Thumb Code   110  tim.o(i.HAL_TIM_MspPostInit)
    HAL_TIM_OC_DelayElapsedCallback          0x080030cd   Thumb Code     2  stm32f4xx_hal_tim.o(i.HAL_TIM_OC_DelayElapsedCallback)
    HAL_TIM_PWM_ConfigChannel                0x080030cf   Thumb Code   204  stm32f4xx_hal_tim.o(i.HAL_TIM_PWM_ConfigChannel)
    HAL_TIM_PWM_Init                         0x0800319b   Thumb Code    90  stm32f4xx_hal_tim.o(i.HAL_TIM_PWM_Init)
    HAL_TIM_PWM_MspInit                      0x080031f5   Thumb Code     2  stm32f4xx_hal_tim.o(i.HAL_TIM_PWM_MspInit)
    HAL_TIM_PWM_PulseFinishedCallback        0x080031f7   Thumb Code     2  stm32f4xx_hal_tim.o(i.HAL_TIM_PWM_PulseFinishedCallback)
    HAL_TIM_PeriodElapsedCallback            0x080031f9   Thumb Code    14  main.o(i.HAL_TIM_PeriodElapsedCallback)
    HAL_TIM_TriggerCallback                  0x08003207   Thumb Code     2  stm32f4xx_hal_tim.o(i.HAL_TIM_TriggerCallback)
    HAL_UARTEx_RxEventCallback               0x08003209   Thumb Code     2  stm32f4xx_hal_uart.o(i.HAL_UARTEx_RxEventCallback)
    HAL_UART_ErrorCallback                   0x0800320b   Thumb Code     2  stm32f4xx_hal_uart.o(i.HAL_UART_ErrorCallback)
    HAL_UART_IRQHandler                      0x0800320d   Thumb Code   610  stm32f4xx_hal_uart.o(i.HAL_UART_IRQHandler)
    HAL_UART_Init                            0x08003475   Thumb Code    98  stm32f4xx_hal_uart.o(i.HAL_UART_Init)
    HAL_UART_MspInit                         0x080034d9   Thumb Code   740  usart.o(i.HAL_UART_MspInit)
    HAL_UART_RxCpltCallback                  0x080037ed   Thumb Code     2  stm32f4xx_hal_uart.o(i.HAL_UART_RxCpltCallback)
    HAL_UART_TxCpltCallback                  0x080037ef   Thumb Code     2  stm32f4xx_hal_uart.o(i.HAL_UART_TxCpltCallback)
    HardFault_Handler                        0x080037f1   Thumb Code     2  stm32f4xx_it.o(i.HardFault_Handler)
    IIC_Ack                                  0x080037f5   Thumb Code    56  soft_iic.o(i.IIC_Ack)
    IIC_NAck                                 0x08003835   Thumb Code    56  soft_iic.o(i.IIC_NAck)
    IIC_Read_Byte                            0x08003875   Thumb Code    96  soft_iic.o(i.IIC_Read_Byte)
    IIC_Send_Byte                            0x080038dd   Thumb Code    86  soft_iic.o(i.IIC_Send_Byte)
    IIC_Start                                0x0800393d   Thumb Code    56  soft_iic.o(i.IIC_Start)
    IIC_Stop                                 0x0800397d   Thumb Code    58  soft_iic.o(i.IIC_Stop)
    IIC_Wait_Ack                             0x080039c1   Thumb Code    74  soft_iic.o(i.IIC_Wait_Ack)
    MPU_Read_Byte                            0x08003a15   Thumb Code    72  bmi2_common.o(i.MPU_Read_Byte)
    MPU_Read_all                             0x08003a61   Thumb Code    92  bmi2_common.o(i.MPU_Read_all)
    MX_ADC1_Init                             0x08003ac1   Thumb Code    88  adc.o(i.MX_ADC1_Init)
    MX_CAN1_Init                             0x08003b25   Thumb Code    62  can.o(i.MX_CAN1_Init)
    MX_CAN2_Init                             0x08003b6d   Thumb Code    62  can.o(i.MX_CAN2_Init)
    MX_DAC_Init                              0x08003bb5   Thumb Code    52  dac.o(i.MX_DAC_Init)
    MX_DMA_Init                              0x08003bf1   Thumb Code   120  dma.o(i.MX_DMA_Init)
    MX_FREERTOS_Init                         0x08003c6d   Thumb Code    52  freertos.o(i.MX_FREERTOS_Init)
    MX_GPIO_Init                             0x08003ca9   Thumb Code   272  gpio.o(i.MX_GPIO_Init)
    MX_TIM1_Init                             0x08003dcd   Thumb Code   194  tim.o(i.MX_TIM1_Init)
    MX_TIM3_Init                             0x08003e99   Thumb Code   160  tim.o(i.MX_TIM3_Init)
    MX_UART4_Init                            0x08003f41   Thumb Code    48  usart.o(i.MX_UART4_Init)
    MX_UART5_Init                            0x08003f79   Thumb Code    48  usart.o(i.MX_UART5_Init)
    MX_USART1_UART_Init                      0x08003fb1   Thumb Code    48  usart.o(i.MX_USART1_UART_Init)
    MX_USART2_UART_Init                      0x08003fe9   Thumb Code    46  usart.o(i.MX_USART2_UART_Init)
    MemManage_Handler                        0x08004025   Thumb Code     2  stm32f4xx_it.o(i.MemManage_Handler)
    Motor_Init                               0x08004027   Thumb Code    18  motor.o(i.Motor_Init)
    Motor_Send                               0x08004039   Thumb Code   152  motor.o(i.Motor_Send)
    Motor_TotalAngleCal                      0x080040e1   Thumb Code    88  motor.o(i.Motor_TotalAngleCal)
    Motor_check                              0x08004139   Thumb Code    64  motor.o(i.Motor_check)
    Motor_info_update                        0x08004181   Thumb Code   156  motor.o(i.Motor_info_update)
    Motor_pid_init                           0x08004229   Thumb Code   160  motor.o(i.Motor_pid_init)
    NMI_Handler                              0x080042d9   Thumb Code     2  stm32f4xx_it.o(i.NMI_Handler)
    RP_CAN_Update                            0x080042db   Thumb Code    40  rp_can.o(i.RP_CAN_Update)
    Set_accel                                0x08004303   Thumb Code    84  bmi.o(i.Set_accel)
    Set_gyro                                 0x08004357   Thumb Code    88  bmi.o(i.Set_gyro)
    StartDefaultTask                         0x080043af   Thumb Code     8  freertos.o(i.StartDefaultTask)
    StartMonitorTask                         0x080043b7   Thumb Code    12  freertos.o(i.StartMonitorTask)
    SysTick_Handler                          0x080043c5   Thumb Code    38  port.o(i.SysTick_Handler)
    SystemClock_Config                       0x080043f1   Thumb Code   142  main.o(i.SystemClock_Config)
    SystemInit                               0x08004489   Thumb Code    12  system_stm32f4xx.o(i.SystemInit)
    TIM2_IRQHandler                          0x08004499   Thumb Code     6  stm32f4xx_it.o(i.TIM2_IRQHandler)
    TIM_Base_SetConfig                       0x080044a5   Thumb Code   156  stm32f4xx_hal_tim.o(i.TIM_Base_SetConfig)
    TIM_ETR_SetConfig                        0x0800456d   Thumb Code    20  stm32f4xx_hal_tim.o(i.TIM_ETR_SetConfig)
    TIM_OC2_SetConfig                        0x080045f1   Thumb Code    98  stm32f4xx_hal_tim.o(i.TIM_OC2_SetConfig)
    USART1_IRQHandler                        0x08004985   Thumb Code     6  stm32f4xx_it.o(i.USART1_IRQHandler)
    USART1_Init                              0x08004991   Thumb Code    48  drv_uart.o(i.USART1_Init)
    USART1_rxDataHandler                     0x080049c9   Thumb Code     2  drv_uart.o(i.USART1_rxDataHandler)
    USART2_IRQHandler                        0x080049cd   Thumb Code    18  stm32f4xx_it.o(i.USART2_IRQHandler)
    USART2_Init                              0x080049e5   Thumb Code    52  drv_uart.o(i.USART2_Init)
    USART2_rxDataHandler                     0x08004a21   Thumb Code    22  rc_potocol.o(i.USART2_rxDataHandler)
    USART4_Init                              0x08004a3d   Thumb Code    46  drv_uart.o(i.USART4_Init)
    USART4_rxDataHandler                     0x08004a75   Thumb Code     2  drv_uart.o(i.USART4_rxDataHandler)
    USART5_Init                              0x08004a79   Thumb Code    46  drv_uart.o(i.USART5_Init)
    USART5_rxDataHandler                     0x08004ab1   Thumb Code     2  drv_uart.o(i.USART5_rxDataHandler)
    UsageFault_Handler                       0x08004ab3   Thumb Code     2  stm32f4xx_it.o(i.UsageFault_Handler)
    __ARM_fpclassify                         0x08004ab5   Thumb Code    48  fpclassify.o(i.__ARM_fpclassify)
    __hardfp_asin                            0x08004b09   Thumb Code   770  asin.o(i.__hardfp_asin)
    __hardfp_atan                            0x08004e69   Thumb Code   622  atan.o(i.__hardfp_atan)
    __hardfp_atan2                           0x08005141   Thumb Code   432  atan2.o(i.__hardfp_atan2)
    __kernel_poly                            0x08005331   Thumb Code   248  poly.o(i.__kernel_poly)
    __mathlib_dbl_infnan                     0x08005429   Thumb Code    20  dunder.o(i.__mathlib_dbl_infnan)
    __mathlib_dbl_infnan2                    0x0800543d   Thumb Code    20  dunder.o(i.__mathlib_dbl_infnan2)
    __mathlib_dbl_invalid                    0x08005451   Thumb Code    24  dunder.o(i.__mathlib_dbl_invalid)
    __mathlib_dbl_underflow                  0x08005471   Thumb Code    24  dunder.o(i.__mathlib_dbl_underflow)
    __scatterload_copy                       0x08005491   Thumb Code    14  handlers.o(i.__scatterload_copy)
    __scatterload_null                       0x0800549f   Thumb Code     2  handlers.o(i.__scatterload_null)
    __scatterload_zeroinit                   0x080054a1   Thumb Code    14  handlers.o(i.__scatterload_zeroinit)
    __set_errno                              0x080054b1   Thumb Code     6  errno.o(i.__set_errno)
    atan                                     0x080054bd   Thumb Code    16  atan.o(i.atan)
    bmi270_init                              0x080054cd   Thumb Code   110  bmi270.o(i.bmi270_init)
    bmi2_error_codes_print_result            0x08005545   Thumb Code     2  bmi2_common.o(i.bmi2_error_codes_print_result)
    bmi2_extract_input_feat_config           0x08005547   Thumb Code    54  bmi2.o(i.bmi2_extract_input_feat_config)
    bmi2_get_feat_config                     0x0800557d   Thumb Code   160  bmi2.o(i.bmi2_get_feat_config)
    bmi2_get_gyro_cross_sense                0x0800561d   Thumb Code    60  bmi2.o(i.bmi2_get_gyro_cross_sense)
    bmi2_get_internal_status                 0x08005659   Thumb Code    48  bmi2.o(i.bmi2_get_internal_status)
    bmi2_get_regs                            0x08005689   Thumb Code   146  bmi2.o(i.bmi2_get_regs)
    bmi2_get_sensor_config                   0x0800571d   Thumb Code   570  bmi2.o(i.bmi2_get_sensor_config)
    bmi2_get_sensor_data                     0x08005957   Thumb Code   734  bmi2.o(i.bmi2_get_sensor_data)
    bmi2_get_status                          0x08005c35   Thumb Code    38  bmi2.o(i.bmi2_get_status)
    bmi2_interface_selection                 0x08005c5d   Thumb Code    48  bmi2_common.o(i.bmi2_interface_selection)
    bmi2_map_data_int                        0x08005c9d   Thumb Code   118  bmi2.o(i.bmi2_map_data_int)
    bmi2_sec_init                            0x08005d15   Thumb Code    96  bmi2.o(i.bmi2_sec_init)
    bmi2_sensor_enable                       0x08005d79   Thumb Code    56  bmi2.o(i.bmi2_sensor_enable)
    bmi2_set_adv_power_save                  0x08005db1   Thumb Code    98  bmi2.o(i.bmi2_set_adv_power_save)
    bmi2_set_regs                            0x08005e15   Thumb Code   156  bmi2.o(i.bmi2_set_regs)
    bmi2_set_sensor_config                   0x08005eb1   Thumb Code   486  bmi2.o(i.bmi2_set_sensor_config)
    bmi2_soft_reset                          0x08006097   Thumb Code    96  bmi2.o(i.bmi2_soft_reset)
    bmi2_write_config_file                   0x080060f7   Thumb Code    86  bmi2.o(i.bmi2_write_config_file)
    delay_us                                 0x080062b1   Thumb Code    24  drv_haltick.o(i.delay_us)
    fabs                                     0x0800632f   Thumb Code    24  fabs.o(i.fabs)
    free                                     0x08006349   Thumb Code    76  malloc.o(i.free)
    imu_sensor_init                          0x080073cd   Thumb Code   156  imu_potocol.o(i.imu_sensor_init)
    imu_sensor_update                        0x0800746d   Thumb Code    86  imu_potocol.o(i.imu_sensor_update)
    inVSqrt                                  0x080074c9   Thumb Code    40  bmi.o(i.inVSqrt)
    main                                     0x08007551   Thumb Code    78  main.o(i.main)
    malloc                                   0x080075ad   Thumb Code    92  malloc.o(i.malloc)
    micros                                   0x08007619   Thumb Code    30  drv_haltick.o(i.micros)
    osDelay                                  0x08007655   Thumb Code    14  cmsis_os.o(i.osDelay)
    osKernelStart                            0x08007663   Thumb Code    10  cmsis_os.o(i.osKernelStart)
    osThreadCreate                           0x0800766d   Thumb Code    84  cmsis_os.o(i.osThreadCreate)
    pid_init                                 0x080077c5   Thumb Code    14  dji_pid.o(i.pid_init)
    pvPortMalloc                             0x08007b91   Thumb Code   216  heap_4.o(i.pvPortMalloc)
    pxPortInitialiseStack                    0x08007c6d   Thumb Code    40  port.o(i.pxPortInitialiseStack)
    rc_sensor_init                           0x08007d0f   Thumb Code    22  rc_potocol.o(i.rc_sensor_init)
    rc_sensor_update                         0x08007d25   Thumb Code   136  rc_potocol.o(i.rc_sensor_update)
    sqrt                                     0x08009d25   Thumb Code   110  sqrt.o(i.sqrt)
    user_delay_us                            0x08009ea1   Thumb Code     4  bmi2_common.o(i.user_delay_us)
    user_i2c_reg_read                        0x08009ea5   Thumb Code    36  bmi2_common.o(i.user_i2c_reg_read)
    user_i2c_reg_write                       0x08009ec9   Thumb Code    70  bmi2_common.o(i.user_i2c_reg_write)
    uxListRemove                             0x08009f15   Thumb Code    38  list.o(i.uxListRemove)
    vApplicationGetIdleTaskMemory            0x08009f3d   Thumb Code    16  freertos.o(i.vApplicationGetIdleTaskMemory)
    vListInitialise                          0x08009f51   Thumb Code    22  list.o(i.vListInitialise)
    vListInitialiseItem                      0x08009f67   Thumb Code     6  list.o(i.vListInitialiseItem)
    vListInsert                              0x08009f6d   Thumb Code    48  list.o(i.vListInsert)
    vListInsertEnd                           0x08009f9d   Thumb Code    24  list.o(i.vListInsertEnd)
    vPortEnterCritical                       0x08009fb5   Thumb Code    54  port.o(i.vPortEnterCritical)
    vPortExitCritical                        0x08009ff5   Thumb Code    34  port.o(i.vPortExitCritical)
    vPortFree                                0x0800a01d   Thumb Code    94  heap_4.o(i.vPortFree)
    vPortSetupTimerInterrupt                 0x0800a081   Thumb Code    32  port.o(i.vPortSetupTimerInterrupt)
    vTaskDelay                               0x0800a0a5   Thumb Code    66  tasks.o(i.vTaskDelay)
    vTaskStartScheduler                      0x0800a0f1   Thumb Code    90  tasks.o(i.vTaskStartScheduler)
    vTaskSuspendAll                          0x0800a15d   Thumb Code    10  tasks.o(i.vTaskSuspendAll)
    vTaskSwitchContext                       0x0800a16d   Thumb Code    82  tasks.o(i.vTaskSwitchContext)
    xPortStartScheduler                      0x0800a2ad   Thumb Code   222  port.o(i.xPortStartScheduler)
    xTaskCreate                              0x0800a3a1   Thumb Code    90  tasks.o(i.xTaskCreate)
    xTaskCreateStatic                        0x0800a3fb   Thumb Code    86  tasks.o(i.xTaskCreateStatic)
    xTaskIncrementTick                       0x0800a451   Thumb Code   194  tasks.o(i.xTaskIncrementTick)
    xTaskResumeAll                           0x0800a51d   Thumb Code   182  tasks.o(i.xTaskResumeAll)
    bmi270_config_file                       0x0800a5e6   Data        8192  bmi270.o(.constdata)
    bmi270_feat_in                           0x0800c5e6   Data          48  bmi270.o(.constdata)
    bmi270_feat_out                          0x0800c616   Data          21  bmi270.o(.constdata)
    AHBPrescTable                            0x0800c66c   Data          16  system_stm32f4xx.o(.constdata)
    APBPrescTable                            0x0800c67c   Data           8  system_stm32f4xx.o(.constdata)
    __mathlib_zero                           0x0800c770   Data           8  qnan.o(.constdata)
    Region$$Table$$Base                      0x0800c790   Number         0  anon$$obj.o(Region$$Table)
    Region$$Table$$Limit                     0x0800c7b0   Number         0  anon$$obj.o(Region$$Table)
    Kp                                       0x20000000   Data           4  bmi.o(.data)
    Ki                                       0x20000004   Data           4  bmi.o(.data)
    halfT                                    0x20000008   Data           4  bmi.o(.data)
    q0                                       0x2000000c   Data           4  bmi.o(.data)
    q1                                       0x20000010   Data           4  bmi.o(.data)
    q2                                       0x20000014   Data           4  bmi.o(.data)
    q3                                       0x20000018   Data           4  bmi.o(.data)
    norm                                     0x2000001c   Data           4  bmi.o(.data)
    vx                                       0x20000020   Data           4  bmi.o(.data)
    vy                                       0x20000024   Data           4  bmi.o(.data)
    vz                                       0x20000028   Data           4  bmi.o(.data)
    ex                                       0x2000002c   Data           4  bmi.o(.data)
    ey                                       0x20000030   Data           4  bmi.o(.data)
    ez                                       0x20000034   Data           4  bmi.o(.data)
    gx                                       0x20000038   Data           4  bmi.o(.data)
    gy                                       0x2000003c   Data           4  bmi.o(.data)
    gz                                       0x20000040   Data           4  bmi.o(.data)
    ax                                       0x20000044   Data           4  bmi.o(.data)
    ay                                       0x20000048   Data           4  bmi.o(.data)
    az                                       0x2000004c   Data           4  bmi.o(.data)
    exInt                                    0x20000050   Data           4  bmi.o(.data)
    eyInt                                    0x20000054   Data           4  bmi.o(.data)
    ezInt                                    0x20000058   Data           4  bmi.o(.data)
    q0temp                                   0x2000005c   Data           4  bmi.o(.data)
    q1temp                                   0x20000060   Data           4  bmi.o(.data)
    q2temp                                   0x20000064   Data           4  bmi.o(.data)
    q3temp                                   0x20000068   Data           4  bmi.o(.data)
    MPU_ADDR                                 0x2000006c   Data           1  bmi2_common.o(.data)
    haltick                                  0x20000070   Data           4  drv_haltick.o(.data)
    defaultTaskHandle                        0x20000074   Data           4  freertos.o(.data)
    MonitorTaskHandle                        0x20000078   Data           4  freertos.o(.data)
    uwTickFreq                               0x20000080   Data           1  stm32f4xx_hal.o(.data)
    uwTickPrio                               0x20000084   Data           4  stm32f4xx_hal.o(.data)
    uwTick                                   0x20000088   Data           4  stm32f4xx_hal.o(.data)
    SystemCoreClock                          0x2000008c   Data           4  system_stm32f4xx.o(.data)
    pxCurrentTCB                             0x20000090   Data           4  tasks.o(.data)
    gyrox                                    0x200000f8   Data           2  imu_potocol.o(.data)
    gyroy                                    0x200000fa   Data           2  imu_potocol.o(.data)
    gyroz                                    0x200000fc   Data           2  imu_potocol.o(.data)
    accx                                     0x200000fe   Data           2  imu_potocol.o(.data)
    accy                                     0x20000100   Data           2  imu_potocol.o(.data)
    accz                                     0x20000102   Data           2  imu_potocol.o(.data)
    imu_sensor_driver                        0x20000104   Data           1  imu_sensor.o(.data)
    imu_sensor_info                          0x20000108   Data          56  imu_sensor.o(.data)
    imu_sensor                               0x20000140   Data          28  imu_sensor.o(.data)
    set_speed_watch                          0x20000160   Data           2  motor.o(.data)
    real_speed_watch                         0x20000162   Data           2  motor.o(.data)
    set_degree_watch                         0x20000164   Data           4  motor.o(.data)
    real_degree_watch                        0x20000168   Data           4  motor.o(.data)
    Send_CHAS_Array                          0x2000016c   Data           8  motor.o(.data)
    Send_GIMB_Array                          0x20000174   Data           8  motor.o(.data)
    rc_sensor_info                           0x2000017c   Data          26  rc_sensor.o(.data)
    rc_sensor                                0x20000198   Data          28  rc_sensor.o(.data)
    dev_list                                 0x200001b4   Data           8  device.o(.data)
    __microlib_freelist                      0x200001bc   Data           4  mvars.o(.data)
    __microlib_freelist_initialised          0x200001c0   Data           4  mvars.o(.data)
    bmi2_dev                                 0x200001c8   Data         104  bmi.o(.bss)
    hcan1RxFrame                             0x20000230   Data          36  drv_can.o(.bss)
    hcan2RxFrame                             0x20000254   Data          36  drv_can.o(.bss)
    hcan1TxFrame                             0x20000278   Data          32  drv_can.o(.bss)
    hcan2TxFrame                             0x20000298   Data          32  drv_can.o(.bss)
    usart1_dma_rxbuf                         0x200002b8   Data         350  drv_uart.o(.bss)
    usart2_dma_rxbuf                         0x20000416   Data          48  drv_uart.o(.bss)
    usart4_dma_rxbuf                         0x20000446   Data         200  drv_uart.o(.bss)
    usart5_dma_rxbuf                         0x2000050e   Data         200  drv_uart.o(.bss)
    hcan1                                    0x2000082c   Data          40  can.o(.bss)
    hcan2                                    0x20000854   Data          40  can.o(.bss)
    hadc1                                    0x2000087c   Data          72  adc.o(.bss)
    hdac                                     0x200008c4   Data          20  dac.o(.bss)
    htim1                                    0x200008d8   Data          72  tim.o(.bss)
    htim3                                    0x20000920   Data          72  tim.o(.bss)
    huart4                                   0x20000968   Data          68  usart.o(.bss)
    huart5                                   0x200009ac   Data          68  usart.o(.bss)
    huart1                                   0x200009f0   Data          68  usart.o(.bss)
    huart2                                   0x20000a34   Data          68  usart.o(.bss)
    hdma_uart4_rx                            0x20000a78   Data          96  usart.o(.bss)
    hdma_uart5_rx                            0x20000ad8   Data          96  usart.o(.bss)
    hdma_uart5_tx                            0x20000b38   Data          96  usart.o(.bss)
    hdma_usart1_rx                           0x20000b98   Data          96  usart.o(.bss)
    hdma_usart2_rx                           0x20000bf8   Data          96  usart.o(.bss)
    htim2                                    0x20000c58   Data          72  stm32f4xx_hal_timebase_tim.o(.bss)
    M3508_data                               0x20004990   Data         944  motor.o(.bss)
    GM6020_data                              0x20004d40   Data          56  motor.o(.bss)
    info_pack                                0x20004d78   Data          16  rp_can.o(.bss)
    __heap_base                              0x20004d88   Data           0  startup_stm32f407xx.o(HEAP)
    __heap_limit                             0x20004f88   Data           0  startup_stm32f407xx.o(HEAP)
    __initial_sp                             0x20005388   Data           0  startup_stm32f407xx.o(STACK)



==============================================================================

Memory Map of the image

  Image Entry point : 0x08000189

  Load Region LR_IROM1 (Base: 0x08000000, Size: 0x0000c978, Max: 0x00080000, ABSOLUTE, COMPRESSED[0x0000c80c])

    Execution Region ER_IROM1 (Exec base: 0x08000000, Load base: 0x08000000, Size: 0x0000c7b0, Max: 0x00080000, ABSOLUTE)

    Exec Addr    Load Addr    Size         Type   Attr      Idx    E Section Name        Object

    0x08000000   0x08000000   0x00000188   Data   RO            3    RESET               startup_stm32f407xx.o
    0x08000188   0x08000188   0x00000000   Code   RO         7551  * .ARM.Collect$$$$00000000  mc_w.l(entry.o)
    0x08000188   0x08000188   0x00000004   Code   RO         7649    .ARM.Collect$$$$00000001  mc_w.l(entry2.o)
    0x0800018c   0x0800018c   0x00000004   Code   RO         7652    .ARM.Collect$$$$00000004  mc_w.l(entry5.o)
    0x08000190   0x08000190   0x00000000   Code   RO         7654    .ARM.Collect$$$$00000008  mc_w.l(entry7b.o)
    0x08000190   0x08000190   0x00000000   Code   RO         7656    .ARM.Collect$$$$0000000A  mc_w.l(entry8b.o)
    0x08000190   0x08000190   0x00000008   Code   RO         7657    .ARM.Collect$$$$0000000B  mc_w.l(entry9a.o)
    0x08000198   0x08000198   0x00000000   Code   RO         7659    .ARM.Collect$$$$0000000D  mc_w.l(entry10a.o)
    0x08000198   0x08000198   0x00000000   Code   RO         7661    .ARM.Collect$$$$0000000F  mc_w.l(entry11a.o)
    0x08000198   0x08000198   0x00000004   Code   RO         7650    .ARM.Collect$$$$00002712  mc_w.l(entry2.o)
    0x0800019c   0x0800019c   0x000000be   Code   RO         7019    .emb_text           port.o
    0x0800025a   0x0800025a   0x00000002   PAD
    0x0800025c   0x0800025c   0x00000024   Code   RO            4    .text               startup_stm32f407xx.o
    0x08000280   0x08000280   0x00000062   Code   RO         7554    .text               mc_w.l(uldiv.o)
    0x080002e2   0x080002e2   0x00000024   Code   RO         7556    .text               mc_w.l(memcpya.o)
    0x08000306   0x08000306   0x00000024   Code   RO         7560    .text               mc_w.l(memseta.o)
    0x0800032a   0x0800032a   0x000000e4   Code   RO         7592    .text               mf_w.l(dmul.o)
    0x0800040e   0x0800040e   0x00000026   Code   RO         7594    .text               mf_w.l(f2d.o)
    0x08000434   0x08000434   0x00000038   Code   RO         7596    .text               mf_w.l(d2f.o)
    0x0800046c   0x0800046c   0x0000001e   Code   RO         7663    .text               mc_w.l(llshl.o)
    0x0800048a   0x0800048a   0x00000020   Code   RO         7665    .text               mc_w.l(llushr.o)
    0x080004aa   0x080004aa   0x00000000   Code   RO         7676    .text               mc_w.l(iusefp.o)
    0x080004aa   0x080004aa   0x0000006e   Code   RO         7677    .text               mf_w.l(fepilogue.o)
    0x08000518   0x08000518   0x000000ba   Code   RO         7679    .text               mf_w.l(depilogue.o)
    0x080005d2   0x080005d2   0x0000014e   Code   RO         7681    .text               mf_w.l(dadd.o)
    0x08000720   0x08000720   0x000000de   Code   RO         7683    .text               mf_w.l(ddiv.o)
    0x080007fe   0x080007fe   0x00000002   PAD
    0x08000800   0x08000800   0x00000024   Code   RO         7687    .text               mc_w.l(init.o)
    0x08000824   0x08000824   0x00000024   Code   RO         7689    .text               mc_w.l(llsshr.o)
    0x08000848   0x08000848   0x000000a2   Code   RO         7691    .text               mf_w.l(dsqrt.o)
    0x080008ea   0x080008ea   0x00000056   Code   RO         7703    .text               mc_w.l(__dczerorl2.o)
    0x08000940   0x08000940   0x00000128   Code   RO         2553    i.ADC_Init          stm32f4xx_hal_adc.o
    0x08000a68   0x08000a68   0x0000045c   Code   RO           15    i.BMI_Get_EulerAngle  bmi.o
    0x08000ec4   0x08000ec4   0x0000004e   Code   RO           16    i.BMI_Get_GRO       bmi.o
    0x08000f12   0x08000f12   0x00000048   Code   RO           17    i.BMI_Get_RawData   bmi.o
    0x08000f5a   0x08000f5a   0x00000002   PAD
    0x08000f5c   0x08000f5c   0x0000006c   Code   RO           18    i.BMI_Init          bmi.o
    0x08000fc8   0x08000fc8   0x00000002   Code   RO         2369    i.BusFault_Handler  stm32f4xx_it.o
    0x08000fca   0x08000fca   0x00000002   PAD
    0x08000fcc   0x08000fcc   0x00000028   Code   RO         1633    i.CAN1_Init         drv_can.o
    0x08000ff4   0x08000ff4   0x0000000c   Code   RO         2370    i.CAN1_RX0_IRQHandler  stm32f4xx_it.o
    0x08001000   0x08001000   0x00000078   Code   RO         7212    i.CAN1_rxDataHandler  motor.o
    0x08001078   0x08001078   0x00000028   Code   RO         1636    i.CAN2_Init         drv_can.o
    0x080010a0   0x080010a0   0x0000000c   Code   RO         2371    i.CAN2_RX0_IRQHandler  stm32f4xx_it.o
    0x080010ac   0x080010ac   0x00000014   Code   RO         7213    i.CAN2_rxDataHandler  motor.o
    0x080010c0   0x080010c0   0x0000001a   Code   RO         1639    i.CAN_Filter_ParamsInit  drv_can.o
    0x080010da   0x080010da   0x00000002   PAD
    0x080010dc   0x080010dc   0x00000058   Code   RO         1640    i.CAN_Rx_Callback   drv_can.o
    0x08001134   0x08001134   0x0000006c   Code   RO         1641    i.CAN_SendData      drv_can.o
    0x080011a0   0x080011a0   0x0000001a   Code   RO         7218    i.CHASSIS_Motor_Update  motor.o
    0x080011ba   0x080011ba   0x00000002   PAD
    0x080011bc   0x080011bc   0x00000018   Code   RO         7462    i.DEV_Init          device.o
    0x080011d4   0x080011d4   0x0000000c   Code   RO         2372    i.DMA1_Stream0_IRQHandler  stm32f4xx_it.o
    0x080011e0   0x080011e0   0x0000000c   Code   RO         2373    i.DMA1_Stream2_IRQHandler  stm32f4xx_it.o
    0x080011ec   0x080011ec   0x0000000c   Code   RO         2374    i.DMA1_Stream5_IRQHandler  stm32f4xx_it.o
    0x080011f8   0x080011f8   0x0000000c   Code   RO         2375    i.DMA1_Stream7_IRQHandler  stm32f4xx_it.o
    0x08001204   0x08001204   0x0000000c   Code   RO         2376    i.DMA2_Stream2_IRQHandler  stm32f4xx_it.o
    0x08001210   0x08001210   0x00000244   Code   RO         1729    i.DMAEx_MultiBufferStart_NoIT  drv_uart.o
    0x08001454   0x08001454   0x00000028   Code   RO         3287    i.DMA_CalcBaseAndBitshift  stm32f4xx_hal_dma.o
    0x0800147c   0x0800147c   0x00000054   Code   RO         3288    i.DMA_CheckFifoParam  stm32f4xx_hal_dma.o
    0x080014d0   0x080014d0   0x00000062   Code   RO         1730    i.DMA_Start         drv_uart.o
    0x08001532   0x08001532   0x0000001e   Code   RO         1839    i.DRIVER_Init       driver.o
    0x08001550   0x08001550   0x00000014   Code   RO         1731    i.DRV_UART_IRQHandler  drv_uart.o
    0x08001564   0x08001564   0x00000002   Code   RO         2377    i.DebugMon_Handler  stm32f4xx_it.o
    0x08001566   0x08001566   0x00000004   Code   RO         1872    i.Error_Handler     main.o
    0x0800156a   0x0800156a   0x0000001a   Code   RO         7219    i.GIMBAL_Motor_Update  motor.o
    0x08001584   0x08001584   0x0000014c   Code   RO         2555    i.HAL_ADC_ConfigChannel  stm32f4xx_hal_adc.o
    0x080016d0   0x080016d0   0x00000054   Code   RO         2564    i.HAL_ADC_Init      stm32f4xx_hal_adc.o
    0x08001724   0x08001724   0x00000060   Code   RO         2148    i.HAL_ADC_MspInit   adc.o
    0x08001784   0x08001784   0x00000024   Code   RO         3961    i.HAL_CAN_ActivateNotification  stm32f4xx_hal_can.o
    0x080017a8   0x080017a8   0x000000c8   Code   RO         3962    i.HAL_CAN_AddTxMessage  stm32f4xx_hal_can.o
    0x08001870   0x08001870   0x0000010c   Code   RO         3963    i.HAL_CAN_ConfigFilter  stm32f4xx_hal_can.o
    0x0800197c   0x0800197c   0x00000002   Code   RO         3966    i.HAL_CAN_ErrorCallback  stm32f4xx_hal_can.o
    0x0800197e   0x0800197e   0x000000e8   Code   RO         3969    i.HAL_CAN_GetRxMessage  stm32f4xx_hal_can.o
    0x08001a66   0x08001a66   0x000001fc   Code   RO         3973    i.HAL_CAN_IRQHandler  stm32f4xx_hal_can.o
    0x08001c62   0x08001c62   0x0000011a   Code   RO         3974    i.HAL_CAN_Init      stm32f4xx_hal_can.o
    0x08001d7c   0x08001d7c   0x000000fc   Code   RO         2099    i.HAL_CAN_MspInit   can.o
    0x08001e78   0x08001e78   0x00000002   Code   RO         3981    i.HAL_CAN_RxFifo0FullCallback  stm32f4xx_hal_can.o
    0x08001e7a   0x08001e7a   0x00000002   PAD
    0x08001e7c   0x08001e7c   0x0000001c   Code   RO         1642    i.HAL_CAN_RxFifo0MsgPendingCallback  drv_can.o
    0x08001e98   0x08001e98   0x00000002   Code   RO         3983    i.HAL_CAN_RxFifo1FullCallback  stm32f4xx_hal_can.o
    0x08001e9a   0x08001e9a   0x00000002   Code   RO         3984    i.HAL_CAN_RxFifo1MsgPendingCallback  stm32f4xx_hal_can.o
    0x08001e9c   0x08001e9c   0x00000002   Code   RO         3985    i.HAL_CAN_SleepCallback  stm32f4xx_hal_can.o
    0x08001e9e   0x08001e9e   0x00000002   PAD
    0x08001ea0   0x08001ea0   0x00000058   Code   RO         3986    i.HAL_CAN_Start     stm32f4xx_hal_can.o
    0x08001ef8   0x08001ef8   0x00000002   Code   RO         3988    i.HAL_CAN_TxMailbox0AbortCallback  stm32f4xx_hal_can.o
    0x08001efa   0x08001efa   0x00000002   Code   RO         3989    i.HAL_CAN_TxMailbox0CompleteCallback  stm32f4xx_hal_can.o
    0x08001efc   0x08001efc   0x00000002   Code   RO         3990    i.HAL_CAN_TxMailbox1AbortCallback  stm32f4xx_hal_can.o
    0x08001efe   0x08001efe   0x00000002   Code   RO         3991    i.HAL_CAN_TxMailbox1CompleteCallback  stm32f4xx_hal_can.o
    0x08001f00   0x08001f00   0x00000002   Code   RO         3992    i.HAL_CAN_TxMailbox2AbortCallback  stm32f4xx_hal_can.o
    0x08001f02   0x08001f02   0x00000002   Code   RO         3993    i.HAL_CAN_TxMailbox2CompleteCallback  stm32f4xx_hal_can.o
    0x08001f04   0x08001f04   0x00000002   Code   RO         3995    i.HAL_CAN_WakeUpFromRxMsgCallback  stm32f4xx_hal_can.o
    0x08001f06   0x08001f06   0x00000046   Code   RO         4197    i.HAL_DAC_ConfigChannel  stm32f4xx_hal_dac.o
    0x08001f4c   0x08001f4c   0x00000028   Code   RO         4207    i.HAL_DAC_Init      stm32f4xx_hal_dac.o
    0x08001f74   0x08001f74   0x00000060   Code   RO         2190    i.HAL_DAC_MspInit   dac.o
    0x08001fd4   0x08001fd4   0x00000092   Code   RO         3290    i.HAL_DMA_Abort     stm32f4xx_hal_dma.o
    0x08002066   0x08002066   0x00000024   Code   RO         3291    i.HAL_DMA_Abort_IT  stm32f4xx_hal_dma.o
    0x0800208a   0x0800208a   0x00000002   PAD
    0x0800208c   0x0800208c   0x000001a0   Code   RO         3295    i.HAL_DMA_IRQHandler  stm32f4xx_hal_dma.o
    0x0800222c   0x0800222c   0x000000d4   Code   RO         3296    i.HAL_DMA_Init      stm32f4xx_hal_dma.o
    0x08002300   0x08002300   0x000001f0   Code   RO         3183    i.HAL_GPIO_Init     stm32f4xx_hal_gpio.o
    0x080024f0   0x080024f0   0x0000000a   Code   RO         3187    i.HAL_GPIO_WritePin  stm32f4xx_hal_gpio.o
    0x080024fa   0x080024fa   0x00000002   PAD
    0x080024fc   0x080024fc   0x0000000c   Code   RO         3715    i.HAL_GetTick       stm32f4xx_hal.o
    0x08002508   0x08002508   0x00000010   Code   RO         3721    i.HAL_IncTick       stm32f4xx_hal.o
    0x08002518   0x08002518   0x00000034   Code   RO         3722    i.HAL_Init          stm32f4xx_hal.o
    0x0800254c   0x0800254c   0x00000074   Code   RO         2511    i.HAL_InitTick      stm32f4xx_hal_timebase_tim.o
    0x080025c0   0x080025c0   0x00000038   Code   RO         2487    i.HAL_MspInit       stm32f4xx_hal_msp.o
    0x080025f8   0x080025f8   0x0000001a   Code   RO         3572    i.HAL_NVIC_EnableIRQ  stm32f4xx_hal_cortex.o
    0x08002612   0x08002612   0x00000002   PAD
    0x08002614   0x08002614   0x00000040   Code   RO         3578    i.HAL_NVIC_SetPriority  stm32f4xx_hal_cortex.o
    0x08002654   0x08002654   0x00000024   Code   RO         3579    i.HAL_NVIC_SetPriorityGrouping  stm32f4xx_hal_cortex.o
    0x08002678   0x08002678   0x00000134   Code   RO         2829    i.HAL_RCC_ClockConfig  stm32f4xx_hal_rcc.o
    0x080027ac   0x080027ac   0x00000040   Code   RO         2833    i.HAL_RCC_GetClockConfig  stm32f4xx_hal_rcc.o
    0x080027ec   0x080027ec   0x00000020   Code   RO         2836    i.HAL_RCC_GetPCLK1Freq  stm32f4xx_hal_rcc.o
    0x0800280c   0x0800280c   0x00000020   Code   RO         2837    i.HAL_RCC_GetPCLK2Freq  stm32f4xx_hal_rcc.o
    0x0800282c   0x0800282c   0x00000064   Code   RO         2838    i.HAL_RCC_GetSysClockFreq  stm32f4xx_hal_rcc.o
    0x08002890   0x08002890   0x0000036c   Code   RO         2841    i.HAL_RCC_OscConfig  stm32f4xx_hal_rcc.o
    0x08002bfc   0x08002bfc   0x00000002   Code   RO         5140    i.HAL_TIMEx_BreakCallback  stm32f4xx_hal_tim_ex.o
    0x08002bfe   0x08002bfe   0x00000002   Code   RO         5141    i.HAL_TIMEx_CommutCallback  stm32f4xx_hal_tim_ex.o
    0x08002c00   0x08002c00   0x00000054   Code   RO         5143    i.HAL_TIMEx_ConfigBreakDeadTime  stm32f4xx_hal_tim_ex.o
    0x08002c54   0x08002c54   0x00000090   Code   RO         5159    i.HAL_TIMEx_MasterConfigSynchronization  stm32f4xx_hal_tim_ex.o
    0x08002ce4   0x08002ce4   0x0000005a   Code   RO         4436    i.HAL_TIM_Base_Init  stm32f4xx_hal_tim.o
    0x08002d3e   0x08002d3e   0x00000002   PAD
    0x08002d40   0x08002d40   0x00000044   Code   RO         2256    i.HAL_TIM_Base_MspInit  tim.o
    0x08002d84   0x08002d84   0x00000080   Code   RO         4441    i.HAL_TIM_Base_Start_IT  stm32f4xx_hal_tim.o
    0x08002e04   0x08002e04   0x000000dc   Code   RO         4445    i.HAL_TIM_ConfigClockSource  stm32f4xx_hal_tim.o
    0x08002ee0   0x08002ee0   0x00000002   Code   RO         4470    i.HAL_TIM_IC_CaptureCallback  stm32f4xx_hal_tim.o
    0x08002ee2   0x08002ee2   0x00000166   Code   RO         4484    i.HAL_TIM_IRQHandler  stm32f4xx_hal_tim.o
    0x08003048   0x08003048   0x00000084   Code   RO         2257    i.HAL_TIM_MspPostInit  tim.o
    0x080030cc   0x080030cc   0x00000002   Code   RO         4487    i.HAL_TIM_OC_DelayElapsedCallback  stm32f4xx_hal_tim.o
    0x080030ce   0x080030ce   0x000000cc   Code   RO         4508    i.HAL_TIM_PWM_ConfigChannel  stm32f4xx_hal_tim.o
    0x0800319a   0x0800319a   0x0000005a   Code   RO         4511    i.HAL_TIM_PWM_Init  stm32f4xx_hal_tim.o
    0x080031f4   0x080031f4   0x00000002   Code   RO         4513    i.HAL_TIM_PWM_MspInit  stm32f4xx_hal_tim.o
    0x080031f6   0x080031f6   0x00000002   Code   RO         4514    i.HAL_TIM_PWM_PulseFinishedCallback  stm32f4xx_hal_tim.o
    0x080031f8   0x080031f8   0x0000000e   Code   RO         1873    i.HAL_TIM_PeriodElapsedCallback  main.o
    0x08003206   0x08003206   0x00000002   Code   RO         4527    i.HAL_TIM_TriggerCallback  stm32f4xx_hal_tim.o
    0x08003208   0x08003208   0x00000002   Code   RO         5418    i.HAL_UARTEx_RxEventCallback  stm32f4xx_hal_uart.o
    0x0800320a   0x0800320a   0x00000002   Code   RO         5432    i.HAL_UART_ErrorCallback  stm32f4xx_hal_uart.o
    0x0800320c   0x0800320c   0x00000268   Code   RO         5435    i.HAL_UART_IRQHandler  stm32f4xx_hal_uart.o
    0x08003474   0x08003474   0x00000062   Code   RO         5436    i.HAL_UART_Init     stm32f4xx_hal_uart.o
    0x080034d6   0x080034d6   0x00000002   PAD
    0x080034d8   0x080034d8   0x00000314   Code   RO         2310    i.HAL_UART_MspInit  usart.o
    0x080037ec   0x080037ec   0x00000002   Code   RO         5442    i.HAL_UART_RxCpltCallback  stm32f4xx_hal_uart.o
    0x080037ee   0x080037ee   0x00000002   Code   RO         5447    i.HAL_UART_TxCpltCallback  stm32f4xx_hal_uart.o
    0x080037f0   0x080037f0   0x00000002   Code   RO         2378    i.HardFault_Handler  stm32f4xx_it.o
    0x080037f2   0x080037f2   0x00000002   PAD
    0x080037f4   0x080037f4   0x00000040   Code   RO         1535    i.IIC_Ack           soft_iic.o
    0x08003834   0x08003834   0x00000040   Code   RO         1536    i.IIC_NAck          soft_iic.o
    0x08003874   0x08003874   0x00000068   Code   RO         1537    i.IIC_Read_Byte     soft_iic.o
    0x080038dc   0x080038dc   0x00000060   Code   RO         1538    i.IIC_Send_Byte     soft_iic.o
    0x0800393c   0x0800393c   0x00000040   Code   RO         1539    i.IIC_Start         soft_iic.o
    0x0800397c   0x0800397c   0x00000044   Code   RO         1540    i.IIC_Stop          soft_iic.o
    0x080039c0   0x080039c0   0x00000054   Code   RO         1541    i.IIC_Wait_Ack      soft_iic.o
    0x08003a14   0x08003a14   0x0000004c   Code   RO         1348    i.MPU_Read_Byte     bmi2_common.o
    0x08003a60   0x08003a60   0x00000060   Code   RO         1349    i.MPU_Read_all      bmi2_common.o
    0x08003ac0   0x08003ac0   0x00000064   Code   RO         2149    i.MX_ADC1_Init      adc.o
    0x08003b24   0x08003b24   0x00000048   Code   RO         2100    i.MX_CAN1_Init      can.o
    0x08003b6c   0x08003b6c   0x00000048   Code   RO         2101    i.MX_CAN2_Init      can.o
    0x08003bb4   0x08003bb4   0x0000003c   Code   RO         2191    i.MX_DAC_Init       dac.o
    0x08003bf0   0x08003bf0   0x0000007c   Code   RO         2231    i.MX_DMA_Init       dma.o
    0x08003c6c   0x08003c6c   0x0000003c   Code   RO         2031    i.MX_FREERTOS_Init  freertos.o
    0x08003ca8   0x08003ca8   0x00000124   Code   RO         2007    i.MX_GPIO_Init      gpio.o
    0x08003dcc   0x08003dcc   0x000000cc   Code   RO         2258    i.MX_TIM1_Init      tim.o
    0x08003e98   0x08003e98   0x000000a8   Code   RO         2259    i.MX_TIM3_Init      tim.o
    0x08003f40   0x08003f40   0x00000038   Code   RO         2311    i.MX_UART4_Init     usart.o
    0x08003f78   0x08003f78   0x00000038   Code   RO         2312    i.MX_UART5_Init     usart.o
    0x08003fb0   0x08003fb0   0x00000038   Code   RO         2313    i.MX_USART1_UART_Init  usart.o
    0x08003fe8   0x08003fe8   0x0000003c   Code   RO         2314    i.MX_USART2_UART_Init  usart.o
    0x08004024   0x08004024   0x00000002   Code   RO         2379    i.MemManage_Handler  stm32f4xx_it.o
    0x08004026   0x08004026   0x00000012   Code   RO         7220    i.Motor_Init        motor.o
    0x08004038   0x08004038   0x000000a8   Code   RO         7221    i.Motor_Send        motor.o
    0x080040e0   0x080040e0   0x00000058   Code   RO         7222    i.Motor_TotalAngleCal  motor.o
    0x08004138   0x08004138   0x00000048   Code   RO         7223    i.Motor_check       motor.o
    0x08004180   0x08004180   0x000000a8   Code   RO         7224    i.Motor_info_update  motor.o
    0x08004228   0x08004228   0x000000b0   Code   RO         7225    i.Motor_pid_init    motor.o
    0x080042d8   0x080042d8   0x00000002   Code   RO         2380    i.NMI_Handler       stm32f4xx_it.o
    0x080042da   0x080042da   0x00000028   Code   RO         7316    i.RP_CAN_Update     rp_can.o
    0x08004302   0x08004302   0x00000054   Code   RO           19    i.Set_accel         bmi.o
    0x08004356   0x08004356   0x00000058   Code   RO           20    i.Set_gyro          bmi.o
    0x080043ae   0x080043ae   0x00000008   Code   RO         2032    i.StartDefaultTask  freertos.o
    0x080043b6   0x080043b6   0x0000000c   Code   RO         2033    i.StartMonitorTask  freertos.o
    0x080043c2   0x080043c2   0x00000002   PAD
    0x080043c4   0x080043c4   0x0000002c   Code   RO         7020    i.SysTick_Handler   port.o
    0x080043f0   0x080043f0   0x00000098   Code   RO         1874    i.SystemClock_Config  main.o
    0x08004488   0x08004488   0x00000010   Code   RO         5765    i.SystemInit        system_stm32f4xx.o
    0x08004498   0x08004498   0x0000000c   Code   RO         2381    i.TIM2_IRQHandler   stm32f4xx_it.o
    0x080044a4   0x080044a4   0x000000c8   Code   RO         4529    i.TIM_Base_SetConfig  stm32f4xx_hal_tim.o
    0x0800456c   0x0800456c   0x00000014   Code   RO         4540    i.TIM_ETR_SetConfig  stm32f4xx_hal_tim.o
    0x08004580   0x08004580   0x00000010   Code   RO         4541    i.TIM_ITRx_SetConfig  stm32f4xx_hal_tim.o
    0x08004590   0x08004590   0x00000060   Code   RO         4542    i.TIM_OC1_SetConfig  stm32f4xx_hal_tim.o
    0x080045f0   0x080045f0   0x0000006c   Code   RO         4543    i.TIM_OC2_SetConfig  stm32f4xx_hal_tim.o
    0x0800465c   0x0800465c   0x00000068   Code   RO         4544    i.TIM_OC3_SetConfig  stm32f4xx_hal_tim.o
    0x080046c4   0x080046c4   0x00000050   Code   RO         4545    i.TIM_OC4_SetConfig  stm32f4xx_hal_tim.o
    0x08004714   0x08004714   0x00000022   Code   RO         4547    i.TIM_TI1_ConfigInputStage  stm32f4xx_hal_tim.o
    0x08004736   0x08004736   0x00000024   Code   RO         4549    i.TIM_TI2_ConfigInputStage  stm32f4xx_hal_tim.o
    0x0800475a   0x0800475a   0x00000010   Code   RO         5449    i.UART_DMAAbortOnError  stm32f4xx_hal_uart.o
    0x0800476a   0x0800476a   0x0000004e   Code   RO         5459    i.UART_EndRxTransfer  stm32f4xx_hal_uart.o
    0x080047b8   0x080047b8   0x000000c0   Code   RO         5461    i.UART_Receive_IT   stm32f4xx_hal_uart.o
    0x08004878   0x08004878   0x0000010c   Code   RO         5462    i.UART_SetConfig    stm32f4xx_hal_uart.o
    0x08004984   0x08004984   0x0000000c   Code   RO         2382    i.USART1_IRQHandler  stm32f4xx_it.o
    0x08004990   0x08004990   0x00000038   Code   RO         1733    i.USART1_Init       drv_uart.o
    0x080049c8   0x080049c8   0x00000002   Code   RO         1734    i.USART1_rxDataHandler  drv_uart.o
    0x080049ca   0x080049ca   0x00000002   PAD
    0x080049cc   0x080049cc   0x00000018   Code   RO         2383    i.USART2_IRQHandler  stm32f4xx_it.o
    0x080049e4   0x080049e4   0x0000003c   Code   RO         1735    i.USART2_Init       drv_uart.o
    0x08004a20   0x08004a20   0x0000001c   Code   RO         7132    i.USART2_rxDataHandler  rc_potocol.o
    0x08004a3c   0x08004a3c   0x00000038   Code   RO         1737    i.USART4_Init       drv_uart.o
    0x08004a74   0x08004a74   0x00000002   Code   RO         1738    i.USART4_rxDataHandler  drv_uart.o
    0x08004a76   0x08004a76   0x00000002   PAD
    0x08004a78   0x08004a78   0x00000038   Code   RO         1739    i.USART5_Init       drv_uart.o
    0x08004ab0   0x08004ab0   0x00000002   Code   RO         1740    i.USART5_rxDataHandler  drv_uart.o
    0x08004ab2   0x08004ab2   0x00000002   Code   RO         2384    i.UsageFault_Handler  stm32f4xx_it.o
    0x08004ab4   0x08004ab4   0x00000030   Code   RO         7632    i.__ARM_fpclassify  m_wm.l(fpclassify.o)
    0x08004ae4   0x08004ae4   0x00000020   Code   RO         3585    i.__NVIC_SetPriority  stm32f4xx_hal_cortex.o
    0x08004b04   0x08004b04   0x00000004   PAD
    0x08004b08   0x08004b08   0x00000360   Code   RO         7525    i.__hardfp_asin     m_wm.l(asin.o)
    0x08004e68   0x08004e68   0x000002d8   Code   RO         7598    i.__hardfp_atan     m_wm.l(atan.o)
    0x08005140   0x08005140   0x000001f0   Code   RO         7539    i.__hardfp_atan2    m_wm.l(atan2.o)
    0x08005330   0x08005330   0x000000f8   Code   RO         7634    i.__kernel_poly     m_wm.l(poly.o)
    0x08005428   0x08005428   0x00000014   Code   RO         7613    i.__mathlib_dbl_infnan  m_wm.l(dunder.o)
    0x0800543c   0x0800543c   0x00000014   Code   RO         7614    i.__mathlib_dbl_infnan2  m_wm.l(dunder.o)
    0x08005450   0x08005450   0x00000020   Code   RO         7615    i.__mathlib_dbl_invalid  m_wm.l(dunder.o)
    0x08005470   0x08005470   0x00000020   Code   RO         7618    i.__mathlib_dbl_underflow  m_wm.l(dunder.o)
    0x08005490   0x08005490   0x0000000e   Code   RO         7697    i.__scatterload_copy  mc_w.l(handlers.o)
    0x0800549e   0x0800549e   0x00000002   Code   RO         7698    i.__scatterload_null  mc_w.l(handlers.o)
    0x080054a0   0x080054a0   0x0000000e   Code   RO         7699    i.__scatterload_zeroinit  mc_w.l(handlers.o)
    0x080054ae   0x080054ae   0x00000002   PAD
    0x080054b0   0x080054b0   0x0000000c   Code   RO         7671    i.__set_errno       mc_w.l(errno.o)
    0x080054bc   0x080054bc   0x00000010   Code   RO         7600    i.atan              m_wm.l(atan.o)
    0x080054cc   0x080054cc   0x00000078   Code   RO         1506    i.bmi270_init       bmi270.o
    0x08005544   0x08005544   0x00000002   Code   RO         1351    i.bmi2_error_codes_print_result  bmi2_common.o
    0x08005546   0x08005546   0x00000036   Code   RO          255    i.bmi2_extract_input_feat_config  bmi2.o
    0x0800557c   0x0800557c   0x000000a0   Code   RO          260    i.bmi2_get_feat_config  bmi2.o
    0x0800561c   0x0800561c   0x0000003c   Code   RO          267    i.bmi2_get_gyro_cross_sense  bmi2.o
    0x08005658   0x08005658   0x00000030   Code   RO          270    i.bmi2_get_internal_status  bmi2.o
    0x08005688   0x08005688   0x00000092   Code   RO          271    i.bmi2_get_regs     bmi2.o
    0x0800571a   0x0800571a   0x00000002   PAD
    0x0800571c   0x0800571c   0x0000023a   Code   RO          273    i.bmi2_get_sensor_config  bmi2.o
    0x08005956   0x08005956   0x000002de   Code   RO          274    i.bmi2_get_sensor_data  bmi2.o
    0x08005c34   0x08005c34   0x00000026   Code   RO          275    i.bmi2_get_status   bmi2.o
    0x08005c5a   0x08005c5a   0x00000002   PAD
    0x08005c5c   0x08005c5c   0x00000040   Code   RO         1352    i.bmi2_interface_selection  bmi2_common.o
    0x08005c9c   0x08005c9c   0x00000076   Code   RO          276    i.bmi2_map_data_int  bmi2.o
    0x08005d12   0x08005d12   0x00000002   PAD
    0x08005d14   0x08005d14   0x00000064   Code   RO          286    i.bmi2_sec_init     bmi2.o
    0x08005d78   0x08005d78   0x00000038   Code   RO          288    i.bmi2_sensor_enable  bmi2.o
    0x08005db0   0x08005db0   0x00000062   Code   RO          290    i.bmi2_set_adv_power_save  bmi2.o
    0x08005e12   0x08005e12   0x00000002   PAD
    0x08005e14   0x08005e14   0x0000009c   Code   RO          300    i.bmi2_set_regs     bmi2.o
    0x08005eb0   0x08005eb0   0x000001e6   Code   RO          302    i.bmi2_set_sensor_config  bmi2.o
    0x08006096   0x08006096   0x00000060   Code   RO          303    i.bmi2_soft_reset   bmi2.o
    0x080060f6   0x080060f6   0x00000056   Code   RO          307    i.bmi2_write_config_file  bmi2.o
    0x0800614c   0x0800614c   0x0000003e   Code   RO          310    i.cfg_error_status  bmi2.o
    0x0800618a   0x0800618a   0x00000030   Code   RO          311    i.check_boundary_val  bmi2.o
    0x080061ba   0x080061ba   0x0000001a   Code   RO          313    i.comp_gyro_cross_axis_sensitivity  bmi2.o
    0x080061d4   0x080061d4   0x000000dc   Code   RO          314    i.config_aux_interface  bmi2.o
    0x080062b0   0x080062b0   0x00000018   Code   RO         1596    i.delay_us          drv_haltick.o
    0x080062c8   0x080062c8   0x00000018   Code   RO         1741    i.dma_m0_rxcplt_callback  drv_uart.o
    0x080062e0   0x080062e0   0x00000018   Code   RO         1742    i.dma_m1_rxcplt_callback  drv_uart.o
    0x080062f8   0x080062f8   0x00000036   Code   RO          321    i.extract_output_feat_config  bmi2.o
    0x0800632e   0x0800632e   0x00000018   Code   RO         7628    i.fabs              m_wm.l(fabs.o)
    0x08006346   0x08006346   0x00000002   PAD
    0x08006348   0x08006348   0x00000050   Code   RO         7564    i.free              mc_w.l(malloc.o)
    0x08006398   0x08006398   0x00000020   Code   RO          322    i.get_acc_gyr_data  bmi2.o
    0x080063b8   0x080063b8   0x0000004e   Code   RO          323    i.get_accel_config  bmi2.o
    0x08006406   0x08006406   0x00000068   Code   RO          324    i.get_accel_self_test_status  bmi2.o
    0x0800646e   0x0800646e   0x0000008a   Code   RO          325    i.get_any_motion_config  bmi2.o
    0x080064f8   0x080064f8   0x000000aa   Code   RO          326    i.get_aux_config    bmi2.o
    0x080065a2   0x080065a2   0x00000058   Code   RO          328    i.get_ext_sens_sync_config  bmi2.o
    0x080065fa   0x080065fa   0x00000086   Code   RO          329    i.get_flat_config   bmi2.o
    0x08006680   0x08006680   0x00000082   Code   RO          330    i.get_free_fall_det_config  bmi2.o
    0x08006702   0x08006702   0x00000058   Code   RO          331    i.get_glance_detect_config  bmi2.o
    0x0800675a   0x0800675a   0x0000005e   Code   RO          332    i.get_gyro_config   bmi2.o
    0x080067b8   0x080067b8   0x00000072   Code   RO          333    i.get_gyro_cross_sense  bmi2.o
    0x0800682a   0x0800682a   0x0000008a   Code   RO          334    i.get_gyro_gain_update_config  bmi2.o
    0x080068b4   0x080068b4   0x00000068   Code   RO          335    i.get_gyro_gain_update_status  bmi2.o
    0x0800691c   0x0800691c   0x000000a4   Code   RO          336    i.get_high_g_config  bmi2.o
    0x080069c0   0x080069c0   0x00000092   Code   RO          337    i.get_low_g_config  bmi2.o
    0x08006a52   0x08006a52   0x0000008a   Code   RO          339    i.get_no_motion_config  bmi2.o
    0x08006adc   0x08006adc   0x00000076   Code   RO          340    i.get_nvm_error_status  bmi2.o
    0x08006b52   0x08006b52   0x000000b4   Code   RO          341    i.get_ois_output    bmi2.o
    0x08006c06   0x08006c06   0x0000008c   Code   RO          342    i.get_orient_config  bmi2.o
    0x08006c92   0x08006c92   0x00000056   Code   RO          345    i.get_remapped_data  bmi2.o
    0x08006ce8   0x08006ce8   0x000000be   Code   RO          346    i.get_sig_motion_config  bmi2.o
    0x08006da6   0x08006da6   0x0000008a   Code   RO          348    i.get_step_config   bmi2.o
    0x08006e30   0x08006e30   0x000000aa   Code   RO          349    i.get_step_count_params_config  bmi2.o
    0x08006eda   0x08006eda   0x0000006e   Code   RO          350    i.get_step_counter_output  bmi2.o
    0x08006f48   0x08006f48   0x00000058   Code   RO          351    i.get_tilt_config   bmi2.o
    0x08006fa0   0x08006fa0   0x00000058   Code   RO          352    i.get_up_hold_to_wake_config  bmi2.o
    0x08006ff8   0x08006ff8   0x0000007c   Code   RO          354    i.get_wake_up_config  bmi2.o
    0x08007074   0x08007074   0x00000076   Code   RO          355    i.get_wrist_gest_config  bmi2.o
    0x080070ea   0x080070ea   0x0000008a   Code   RO          356    i.get_wrist_gest_w_config  bmi2.o
    0x08007174   0x08007174   0x0000008e   Code   RO          357    i.get_wrist_wear_wake_up_config  bmi2.o
    0x08007202   0x08007202   0x0000009c   Code   RO          358    i.get_wrist_wear_wake_up_wh_config  bmi2.o
    0x0800729e   0x0800729e   0x00000002   PAD
    0x080072a0   0x080072a0   0x00000124   Code   RO         7175    i.imu_sensor_check  imu_sensor.o
    0x080073c4   0x080073c4   0x00000006   Code   RO         7176    i.imu_sensor_heart_beat  imu_sensor.o
    0x080073ca   0x080073ca   0x00000002   PAD
    0x080073cc   0x080073cc   0x000000a0   Code   RO         7099    i.imu_sensor_init   imu_potocol.o
    0x0800746c   0x0800746c   0x0000005c   Code   RO         7100    i.imu_sensor_update  imu_potocol.o
    0x080074c8   0x080074c8   0x0000002c   Code   RO           21    i.inVSqrt           bmi.o
    0x080074f4   0x080074f4   0x00000026   Code   RO           22    i.lsb_to_dps        bmi.o
    0x0800751a   0x0800751a   0x00000002   PAD
    0x0800751c   0x0800751c   0x00000034   Code   RO           23    i.lsb_to_mps2       bmi.o
    0x08007550   0x08007550   0x0000004e   Code   RO         1875    i.main              main.o
    0x0800759e   0x0800759e   0x0000000c   Code   RO         6585    i.makeFreeRtosPriority  cmsis_os.o
    0x080075aa   0x080075aa   0x00000002   PAD
    0x080075ac   0x080075ac   0x0000006c   Code   RO         7565    i.malloc            mc_w.l(malloc.o)
    0x08007618   0x08007618   0x00000024   Code   RO         1597    i.micros            drv_haltick.o
    0x0800763c   0x0800763c   0x00000018   Code   RO          360    i.null_ptr_check    bmi2.o
    0x08007654   0x08007654   0x0000000e   Code   RO         6587    i.osDelay           cmsis_os.o
    0x08007662   0x08007662   0x0000000a   Code   RO         6590    i.osKernelStart     cmsis_os.o
    0x0800766c   0x0800766c   0x00000054   Code   RO         6624    i.osThreadCreate    cmsis_os.o
    0x080076c0   0x080076c0   0x00000102   Code   RO         7359    i.pid_calculate     dji_pid.o
    0x080077c2   0x080077c2   0x00000002   PAD
    0x080077c4   0x080077c4   0x0000001c   Code   RO         7360    i.pid_init          dji_pid.o
    0x080077e0   0x080077e0   0x0000005c   Code   RO         7361    i.pid_param_init    dji_pid.o
    0x0800783c   0x0800783c   0x00000008   Code   RO         7362    i.pid_reset         dji_pid.o
    0x08007844   0x08007844   0x00000070   Code   RO         6267    i.prvAddCurrentTaskToDelayedList  tasks.o
    0x080078b4   0x080078b4   0x000000d0   Code   RO         6268    i.prvAddNewTaskToReadyList  tasks.o
    0x08007984   0x08007984   0x00000034   Code   RO         6269    i.prvDeleteTCB      tasks.o
    0x080079b8   0x080079b8   0x0000004c   Code   RO         6952    i.prvHeapInit       heap_4.o
    0x08007a04   0x08007a04   0x00000060   Code   RO         6270    i.prvIdleTask       tasks.o
    0x08007a64   0x08007a64   0x00000098   Code   RO         6271    i.prvInitialiseNewTask  tasks.o
    0x08007afc   0x08007afc   0x0000004c   Code   RO         6953    i.prvInsertBlockIntoFreeList  heap_4.o
    0x08007b48   0x08007b48   0x00000020   Code   RO         6272    i.prvResetNextTaskUnblockTime  tasks.o
    0x08007b68   0x08007b68   0x00000028   Code   RO         7021    i.prvTaskExitError  port.o
    0x08007b90   0x08007b90   0x000000dc   Code   RO         6954    i.pvPortMalloc      heap_4.o
    0x08007c6c   0x08007c6c   0x0000002c   Code   RO         7022    i.pxPortInitialiseStack  port.o
    0x08007c98   0x08007c98   0x00000052   Code   RO         7408    i.rc_sensor_check   rc_sensor.o
    0x08007cea   0x08007cea   0x00000024   Code   RO         7409    i.rc_sensor_heart_beat  rc_sensor.o
    0x08007d0e   0x08007d0e   0x00000016   Code   RO         7133    i.rc_sensor_init    rc_potocol.o
    0x08007d24   0x08007d24   0x00000088   Code   RO         7134    i.rc_sensor_update  rc_potocol.o
    0x08007dac   0x08007dac   0x0000014e   Code   RO          374    i.select_sensor     bmi2.o
    0x08007efa   0x08007efa   0x00000002   PAD
    0x08007efc   0x08007efc   0x000003c4   Code   RO          377    i.sensor_enable     bmi2.o
    0x080082c0   0x080082c0   0x00000098   Code   RO          378    i.set_accel_config  bmi2.o
    0x08008358   0x08008358   0x00000056   Code   RO          380    i.set_act_recog     bmi2.o
    0x080083ae   0x080083ae   0x0000005a   Code   RO          381    i.set_any_motion    bmi2.o
    0x08008408   0x08008408   0x000000c6   Code   RO          382    i.set_any_motion_config  bmi2.o
    0x080084ce   0x080084ce   0x00000090   Code   RO          383    i.set_aux_config    bmi2.o
    0x0800855e   0x0800855e   0x00000036   Code   RO          384    i.set_config_load   bmi2.o
    0x08008594   0x08008594   0x00000056   Code   RO          385    i.set_double_tap    bmi2.o
    0x080085ea   0x080085ea   0x00000056   Code   RO          386    i.set_ext_sens_sync  bmi2.o
    0x08008640   0x08008640   0x0000008e   Code   RO          387    i.set_ext_sens_sync_config  bmi2.o
    0x080086ce   0x080086ce   0x00000002   PAD
    0x080086d0   0x080086d0   0x00000068   Code   RO          388    i.set_feat_accel_self_test  bmi2.o
    0x08008738   0x08008738   0x00000056   Code   RO          389    i.set_flat          bmi2.o
    0x0800878e   0x0800878e   0x000000bc   Code   RO          390    i.set_flat_config   bmi2.o
    0x0800884a   0x0800884a   0x00000056   Code   RO          391    i.set_free_fall_det  bmi2.o
    0x080088a0   0x080088a0   0x000000a8   Code   RO          392    i.set_free_fall_det_config  bmi2.o
    0x08008948   0x08008948   0x0000008e   Code   RO          393    i.set_glance_detect_config  bmi2.o
    0x080089d6   0x080089d6   0x00000056   Code   RO          394    i.set_glance_detector  bmi2.o
    0x08008a2c   0x08008a2c   0x000000ac   Code   RO          395    i.set_gyro_config   bmi2.o
    0x08008ad8   0x08008ad8   0x00000056   Code   RO          396    i.set_gyro_self_offset_corr  bmi2.o
    0x08008b2e   0x08008b2e   0x0000005a   Code   RO          397    i.set_gyro_user_gain  bmi2.o
    0x08008b88   0x08008b88   0x000000a2   Code   RO          398    i.set_gyro_user_gain_config  bmi2.o
    0x08008c2a   0x08008c2a   0x0000005a   Code   RO          399    i.set_high_g        bmi2.o
    0x08008c84   0x08008c84   0x000000da   Code   RO          400    i.set_high_g_config  bmi2.o
    0x08008d5e   0x08008d5e   0x0000005a   Code   RO          402    i.set_low_g         bmi2.o
    0x08008db8   0x08008db8   0x000000ba   Code   RO          403    i.set_low_g_config  bmi2.o
    0x08008e72   0x08008e72   0x0000005a   Code   RO          405    i.set_no_motion     bmi2.o
    0x08008ecc   0x08008ecc   0x000000c6   Code   RO          406    i.set_no_motion_config  bmi2.o
    0x08008f92   0x08008f92   0x000000c6   Code   RO          408    i.set_orient_config  bmi2.o
    0x08009058   0x08009058   0x00000056   Code   RO          409    i.set_orientation   bmi2.o
    0x080090ae   0x080090ae   0x0000009e   Code   RO          410    i.set_primary_ois_config  bmi2.o
    0x0800914c   0x0800914c   0x0000005a   Code   RO          412    i.set_sig_motion    bmi2.o
    0x080091a6   0x080091a6   0x000000be   Code   RO          413    i.set_sig_motion_config  bmi2.o
    0x08009264   0x08009264   0x00000056   Code   RO          414    i.set_single_tap    bmi2.o
    0x080092ba   0x080092ba   0x0000005a   Code   RO          415    i.set_step_activity  bmi2.o
    0x08009314   0x08009314   0x000000c0   Code   RO          416    i.set_step_config   bmi2.o
    0x080093d4   0x080093d4   0x000000d4   Code   RO          417    i.set_step_count_params_config  bmi2.o
    0x080094a8   0x080094a8   0x0000005a   Code   RO          418    i.set_step_counter  bmi2.o
    0x08009502   0x08009502   0x0000005a   Code   RO          419    i.set_step_detector  bmi2.o
    0x0800955c   0x0800955c   0x00000056   Code   RO          420    i.set_tilt          bmi2.o
    0x080095b2   0x080095b2   0x0000008e   Code   RO          421    i.set_tilt_config   bmi2.o
    0x08009640   0x08009640   0x00000056   Code   RO          422    i.set_triple_tap    bmi2.o
    0x08009696   0x08009696   0x00000056   Code   RO          423    i.set_up_hold_to_wake  bmi2.o
    0x080096ec   0x080096ec   0x0000008e   Code   RO          424    i.set_up_hold_to_wake_config  bmi2.o
    0x0800977a   0x0800977a   0x00000056   Code   RO          425    i.set_wake_up       bmi2.o
    0x080097d0   0x080097d0   0x000000bc   Code   RO          426    i.set_wake_up_config  bmi2.o
    0x0800988c   0x0800988c   0x000000b6   Code   RO          427    i.set_wrist_gest_config  bmi2.o
    0x08009942   0x08009942   0x000000c8   Code   RO          428    i.set_wrist_gest_w_config  bmi2.o
    0x08009a0a   0x08009a0a   0x00000056   Code   RO          429    i.set_wrist_gesture  bmi2.o
    0x08009a60   0x08009a60   0x00000056   Code   RO          430    i.set_wrist_gesture_wh  bmi2.o
    0x08009ab6   0x08009ab6   0x00000056   Code   RO          431    i.set_wrist_wear_wake_up  bmi2.o
    0x08009b0c   0x08009b0c   0x000000c8   Code   RO          432    i.set_wrist_wear_wake_up_config  bmi2.o
    0x08009bd4   0x08009bd4   0x00000056   Code   RO          433    i.set_wrist_wear_wake_up_wh  bmi2.o
    0x08009c2a   0x08009c2a   0x000000fa   Code   RO          434    i.set_wrist_wear_wake_up_wh_config  bmi2.o
    0x08009d24   0x08009d24   0x0000006e   Code   RO         7639    i.sqrt              m_wm.l(sqrt.o)
    0x08009d92   0x08009d92   0x00000002   PAD
    0x08009d94   0x08009d94   0x000000cc   Code   RO         1743    i.uart_rx_idle_callback  drv_uart.o
    0x08009e60   0x08009e60   0x00000040   Code   RO          446    i.upload_file       bmi2.o
    0x08009ea0   0x08009ea0   0x00000004   Code   RO         1356    i.user_delay_us     bmi2_common.o
    0x08009ea4   0x08009ea4   0x00000024   Code   RO         1357    i.user_i2c_reg_read  bmi2_common.o
    0x08009ec8   0x08009ec8   0x0000004c   Code   RO         1358    i.user_i2c_reg_write  bmi2_common.o
    0x08009f14   0x08009f14   0x00000026   Code   RO         5903    i.uxListRemove      list.o
    0x08009f3a   0x08009f3a   0x00000002   PAD
    0x08009f3c   0x08009f3c   0x00000014   Code   RO         2034    i.vApplicationGetIdleTaskMemory  freertos.o
    0x08009f50   0x08009f50   0x00000016   Code   RO         5904    i.vListInitialise   list.o
    0x08009f66   0x08009f66   0x00000006   Code   RO         5905    i.vListInitialiseItem  list.o
    0x08009f6c   0x08009f6c   0x00000030   Code   RO         5906    i.vListInsert       list.o
    0x08009f9c   0x08009f9c   0x00000018   Code   RO         5907    i.vListInsertEnd    list.o
    0x08009fb4   0x08009fb4   0x00000040   Code   RO         7024    i.vPortEnterCritical  port.o
    0x08009ff4   0x08009ff4   0x00000028   Code   RO         7025    i.vPortExitCritical  port.o
    0x0800a01c   0x0800a01c   0x00000064   Code   RO         6955    i.vPortFree         heap_4.o
    0x0800a080   0x0800a080   0x00000024   Code   RO         7026    i.vPortSetupTimerInterrupt  port.o
    0x0800a0a4   0x0800a0a4   0x0000004c   Code   RO         6281    i.vTaskDelay        tasks.o
    0x0800a0f0   0x0800a0f0   0x0000006c   Code   RO         6294    i.vTaskStartScheduler  tasks.o
    0x0800a15c   0x0800a15c   0x00000010   Code   RO         6296    i.vTaskSuspendAll   tasks.o
    0x0800a16c   0x0800a16c   0x0000005c   Code   RO         6297    i.vTaskSwitchContext  tasks.o
    0x0800a1c8   0x0800a1c8   0x000000e4   Code   RO          452    i.write_config_file  bmi2.o
    0x0800a2ac   0x0800a2ac   0x000000f4   Code   RO         7028    i.xPortStartScheduler  port.o
    0x0800a3a0   0x0800a3a0   0x0000005a   Code   RO         6300    i.xTaskCreate       tasks.o
    0x0800a3fa   0x0800a3fa   0x00000056   Code   RO         6301    i.xTaskCreateStatic  tasks.o
    0x0800a450   0x0800a450   0x000000cc   Code   RO         6308    i.xTaskIncrementTick  tasks.o
    0x0800a51c   0x0800a51c   0x000000c4   Code   RO         6314    i.xTaskResumeAll    tasks.o
    0x0800a5e0   0x0800a5e0   0x00000006   Data   RO          454    .constdata          bmi2.o
    0x0800a5e6   0x0800a5e6   0x00002045   Data   RO         1507    .constdata          bmi270.o
    0x0800c62b   0x0800c62b   0x00000001   PAD
    0x0800c62c   0x0800c62c   0x00000038   Data   RO         2036    .constdata          freertos.o
    0x0800c664   0x0800c664   0x00000008   Data   RO         3302    .constdata          stm32f4xx_hal_dma.o
    0x0800c66c   0x0800c66c   0x00000010   Data   RO         5766    .constdata          system_stm32f4xx.o
    0x0800c67c   0x0800c67c   0x00000008   Data   RO         5767    .constdata          system_stm32f4xx.o
    0x0800c684   0x0800c684   0x00000004   PAD
    0x0800c688   0x0800c688   0x00000050   Data   RO         7528    .constdata          m_wm.l(asin.o)
    0x0800c6d8   0x0800c6d8   0x00000098   Data   RO         7601    .constdata          m_wm.l(atan.o)
    0x0800c770   0x0800c770   0x00000008   Data   RO         7636    .constdata          m_wm.l(qnan.o)
    0x0800c778   0x0800c778   0x00000018   Data   RO         2037    .conststring        freertos.o
    0x0800c790   0x0800c790   0x00000020   Data   RO         7695    Region$$Table       anon$$obj.o


    Execution Region RW_IRAM1 (Exec base: 0x20000000, Load base: 0x0800c7b0, Size: 0x00005388, Max: 0x0001c000, ABSOLUTE, COMPRESSED[0x0000005c])

    Exec Addr    Load Addr    Size         Type   Attr      Idx    E Section Name        Object

    0x20000000   COMPRESSED   0x0000006c   Data   RW           26    .data               bmi.o
    0x2000006c   COMPRESSED   0x00000002   Data   RW         1361    .data               bmi2_common.o
    0x2000006e   COMPRESSED   0x00000002   PAD
    0x20000070   COMPRESSED   0x00000004   Data   RW         1598    .data               drv_haltick.o
    0x20000074   COMPRESSED   0x00000008   Data   RW         2038    .data               freertos.o
    0x2000007c   COMPRESSED   0x00000004   Data   RW         2103    .data               can.o
    0x20000080   COMPRESSED   0x0000000c   Data   RW         3729    .data               stm32f4xx_hal.o
    0x2000008c   COMPRESSED   0x00000004   Data   RW         5768    .data               system_stm32f4xx.o
    0x20000090   COMPRESSED   0x0000003c   Data   RW         6317    .data               tasks.o
    0x200000cc   COMPRESSED   0x00000020   Data   RW         6961    .data               heap_4.o
    0x200000ec   COMPRESSED   0x0000000c   Data   RW         7029    .data               port.o
    0x200000f8   COMPRESSED   0x0000000c   Data   RW         7101    .data               imu_potocol.o
    0x20000104   COMPRESSED   0x00000001   Data   RW         7177    .data               imu_sensor.o
    0x20000105   COMPRESSED   0x00000003   PAD
    0x20000108   COMPRESSED   0x00000038   Data   RW         7178    .data               imu_sensor.o
    0x20000140   COMPRESSED   0x0000001c   Data   RW         7179    .data               imu_sensor.o
    0x2000015c   COMPRESSED   0x00000004   Data   RW         7180    .data               imu_sensor.o
    0x20000160   COMPRESSED   0x0000001c   Data   RW         7227    .data               motor.o
    0x2000017c   COMPRESSED   0x0000001a   Data   RW         7411    .data               rc_sensor.o
    0x20000196   COMPRESSED   0x00000002   PAD
    0x20000198   COMPRESSED   0x0000001c   Data   RW         7412    .data               rc_sensor.o
    0x200001b4   COMPRESSED   0x00000008   Data   RW         7463    .data               device.o
    0x200001bc   COMPRESSED   0x00000004   Data   RW         7667    .data               mc_w.l(mvars.o)
    0x200001c0   COMPRESSED   0x00000004   Data   RW         7668    .data               mc_w.l(mvars.o)
    0x200001c4   COMPRESSED   0x00000004   Data   RW         7672    .data               mc_w.l(errno.o)
    0x200001c8        -       0x00000068   Zero   RW           25    .bss                bmi.o
    0x20000230        -       0x00000088   Zero   RW         1643    .bss                drv_can.o
    0x200002b8        -       0x0000031e   Zero   RW         1744    .bss                drv_uart.o
    0x200005d6   COMPRESSED   0x00000002   PAD
    0x200005d8        -       0x00000254   Zero   RW         2035    .bss                freertos.o
    0x2000082c        -       0x00000050   Zero   RW         2102    .bss                can.o
    0x2000087c        -       0x00000048   Zero   RW         2150    .bss                adc.o
    0x200008c4        -       0x00000014   Zero   RW         2192    .bss                dac.o
    0x200008d8        -       0x00000090   Zero   RW         2260    .bss                tim.o
    0x20000968        -       0x000002f0   Zero   RW         2315    .bss                usart.o
    0x20000c58        -       0x00000048   Zero   RW         2514    .bss                stm32f4xx_hal_timebase_tim.o
    0x20000ca0        -       0x000000f0   Zero   RW         6316    .bss                tasks.o
    0x20000d90        -       0x00003c00   Zero   RW         6960    .bss                heap_4.o
    0x20004990        -       0x000003e8   Zero   RW         7226    .bss                motor.o
    0x20004d78        -       0x00000010   Zero   RW         7318    .bss                rp_can.o
    0x20004d88        -       0x00000200   Zero   RW            2    HEAP                startup_stm32f407xx.o
    0x20004f88        -       0x00000400   Zero   RW            1    STACK               startup_stm32f407xx.o


    Execution Region RW_IRAM2 (Exec base: 0x2001c000, Load base: 0x0800c80c, Size: 0x00000000, Max: 0x00004000, ABSOLUTE)

    **** No section assigned to this execution region ****


==============================================================================

Image component sizes


      Code (inc. data)   RO Data    RW Data    ZI Data      Debug   Object Name

       196         24          0          0         72       1709   adc.o
      1680         46          0        108        104     766477   bmi.o
     15630        116          6          0          0     114922   bmi2.o
       120         10       8261          0          0       1614   bmi270.o
       354         30          0          2          0       5518   bmi2_common.o
       396         46          0          4         80       2502   can.o
       120          0          0          0          0      23309   cmsis_os.o
       156         20          0          0         20       1679   dac.o
        24          4          0          8          0       1210   device.o
       386         20          0          0          0       3024   dji_pid.o
       124          4          0          0          0        846   dma.o
        30          0          0          0          0        534   driver.o
       330         42          0          0        136       7500   drv_can.o
        60          6          0          4          0       1764   drv_haltick.o
      1184         86          0          0        798       9147   drv_uart.o
         0          0          0          0          0      16900   event_groups.o
       100         12         80          8        596       6376   freertos.o
       292         20          0          0          0       1091   gpio.o
       472         24          0         32      15360       7427   heap_4.o
       252         10          0         12          0       2305   imu_potocol.o
       298         22          0         89          0       3295   imu_sensor.o
       138          0          0          0          0       3558   list.o
       248         10          0          0          0      35696   main.o
       882         64          0         28       1000       8447   motor.o
       702         72          0         12          0      11012   port.o
       186          6          0          0          0       6182   rc_potocol.o
       118          0          0         54          0       5988   rc_sensor.o
        40          0          0          0         16       1430   rp_can.o
       544         62          0          0          0       4307   soft_iic.o
        36          8        392          0       1536        836   startup_stm32f407xx.o
        80         14          0         12          0       8090   stm32f4xx_hal.o
       712         28          0          0          0       2887   stm32f4xx_hal_adc.o
      1638          6          0          0          0      14303   stm32f4xx_hal_can.o
       158         14          0          0          0      33166   stm32f4xx_hal_cortex.o
       110          0          0          0          0       1911   stm32f4xx_hal_dac.o
       934         16          8          0          0       5631   stm32f4xx_hal_dma.o
       506         46          0          0          0       2200   stm32f4xx_hal_gpio.o
        56          4          0          0          0        870   stm32f4xx_hal_msp.o
      1412         86          0          0          0       5913   stm32f4xx_hal_rcc.o
      1794        108          0          0          0      15470   stm32f4xx_hal_tim.o
       232         28          0          0          0       3289   stm32f4xx_hal_tim_ex.o
       116         14          0          0         72       1427   stm32f4xx_hal_timebase_tim.o
      1276         16          0          0          0       8304   stm32f4xx_hal_uart.o
       144         60          0          0          0       7605   stm32f4xx_it.o
         0          0          0          0          0        392   stream_buffer.o
        16          4         24          4          0       1135   system_stm32f4xx.o
      1520        112          0         60        240      19510   tasks.o
       572         52          0          0        144       3285   tim.o
      1016         86          0          0        752       4405   usart.o

    ----------------------------------------------------------------------
     37450       1458       8808        444      20928    1196398   Object Totals
         0          0         32          0          0          0   (incl. Generated)
        60          0          5          7          2          0   (incl. Padding)

    ----------------------------------------------------------------------

      Code (inc. data)   RO Data    RW Data    ZI Data      Debug   Library Member Name

       864         94         80          0          0        280   asin.o
       744        106        152          0          0        352   atan.o
       496         64          0          0          0        192   atan2.o
       104         16          0          0          0        496   dunder.o
        24          0          0          0          0        124   fabs.o
        48          0          0          0          0        124   fpclassify.o
       248          0          0          0          0        152   poly.o
         0          0          8          0          0          0   qnan.o
       110          0          0          0          0        148   sqrt.o
        86          0          0          0          0          0   __dczerorl2.o
         0          0          0          0          0          0   entry.o
         0          0          0          0          0          0   entry10a.o
         0          0          0          0          0          0   entry11a.o
         8          4          0          0          0          0   entry2.o
         4          0          0          0          0          0   entry5.o
         0          0          0          0          0          0   entry7b.o
         0          0          0          0          0          0   entry8b.o
         8          4          0          0          0          0   entry9a.o
        12          6          0          4          0         68   errno.o
        30          0          0          0          0          0   handlers.o
        36          8          0          0          0         68   init.o
         0          0          0          0          0          0   iusefp.o
        30          0          0          0          0         68   llshl.o
        36          0          0          0          0         68   llsshr.o
        32          0          0          0          0         68   llushr.o
       188         20          0          0          0        160   malloc.o
        36          0          0          0          0         68   memcpya.o
        36          0          0          0          0        108   memseta.o
         0          0          0          8          0          0   mvars.o
        98          0          0          0          0         92   uldiv.o
        56          0          0          0          0         88   d2f.o
       334          0          0          0          0        148   dadd.o
       222          0          0          0          0        100   ddiv.o
       186          0          0          0          0        176   depilogue.o
       228          0          0          0          0         96   dmul.o
       162          0          0          0          0        100   dsqrt.o
        38          0          0          0          0         68   f2d.o
       110          0          0          0          0        168   fepilogue.o

    ----------------------------------------------------------------------
      4622        322        240         12          0       3580   Library Totals
         8          0          0          0          0          0   (incl. Padding)

    ----------------------------------------------------------------------

      Code (inc. data)   RO Data    RW Data    ZI Data      Debug   Library Name

      2638        280        240          0          0       1868   m_wm.l
       640         42          0         12          0        768   mc_w.l
      1336          0          0          0          0        944   mf_w.l

    ----------------------------------------------------------------------
      4622        322        240         12          0       3580   Library Totals

    ----------------------------------------------------------------------

==============================================================================


      Code (inc. data)   RO Data    RW Data    ZI Data      Debug   

     42072       1780       9048        456      20928    1165382   Grand Totals
     42072       1780       9048         92      20928    1165382   ELF Image Totals (compressed)
     42072       1780       9048         92          0          0   ROM Totals

==============================================================================

    Total RO  Size (Code + RO Data)                51120 (  49.92kB)
    Total RW  Size (RW Data + ZI Data)             21384 (  20.88kB)
    Total ROM Size (Code + RO Data + RW Data)      51212 (  50.01kB)

==============================================================================

