Component: ARM Compiler 5.06 update 6 (build 750) Tool: armlink [4d35ed]

==============================================================================

Section Cross References

    startup_stm32f407xx.o(RESET) refers to startup_stm32f407xx.o(STACK) for __initial_sp
    startup_stm32f407xx.o(RESET) refers to startup_stm32f407xx.o(.text) for Reset_Handler
    startup_stm32f407xx.o(RESET) refers to stm32f4xx_it.o(i.NMI_Handler) for NMI_Handler
    startup_stm32f407xx.o(RESET) refers to stm32f4xx_it.o(i.HardFault_Handler) for HardFault_Handler
    startup_stm32f407xx.o(RESET) refers to stm32f4xx_it.o(i.MemManage_Handler) for MemManage_Handler
    startup_stm32f407xx.o(RESET) refers to stm32f4xx_it.o(i.BusFault_Handler) for BusFault_Handler
    startup_stm32f407xx.o(RESET) refers to stm32f4xx_it.o(i.UsageFault_Handler) for UsageFault_Handler
    startup_stm32f407xx.o(RESET) refers to port.o(.emb_text) for SVC_Handler
    startup_stm32f407xx.o(RESET) refers to stm32f4xx_it.o(i.DebugMon_Handler) for DebugMon_Handler
    startup_stm32f407xx.o(RESET) refers to port.o(i.SysTick_Handler) for SysTick_Handler
    startup_stm32f407xx.o(RESET) refers to stm32f4xx_it.o(i.DMA1_Stream0_IRQHandler) for DMA1_Stream0_IRQHandler
    startup_stm32f407xx.o(RESET) refers to stm32f4xx_it.o(i.DMA1_Stream2_IRQHandler) for DMA1_Stream2_IRQHandler
    startup_stm32f407xx.o(RESET) refers to stm32f4xx_it.o(i.DMA1_Stream5_IRQHandler) for DMA1_Stream5_IRQHandler
    startup_stm32f407xx.o(RESET) refers to stm32f4xx_it.o(i.CAN1_RX0_IRQHandler) for CAN1_RX0_IRQHandler
    startup_stm32f407xx.o(RESET) refers to stm32f4xx_it.o(i.TIM2_IRQHandler) for TIM2_IRQHandler
    startup_stm32f407xx.o(RESET) refers to stm32f4xx_it.o(i.USART1_IRQHandler) for USART1_IRQHandler
    startup_stm32f407xx.o(RESET) refers to stm32f4xx_it.o(i.USART2_IRQHandler) for USART2_IRQHandler
    startup_stm32f407xx.o(RESET) refers to stm32f4xx_it.o(i.DMA1_Stream7_IRQHandler) for DMA1_Stream7_IRQHandler
    startup_stm32f407xx.o(RESET) refers to stm32f4xx_it.o(i.DMA2_Stream2_IRQHandler) for DMA2_Stream2_IRQHandler
    startup_stm32f407xx.o(RESET) refers to stm32f4xx_it.o(i.CAN2_RX0_IRQHandler) for CAN2_RX0_IRQHandler
    startup_stm32f407xx.o(.text) refers to system_stm32f4xx.o(i.SystemInit) for SystemInit
    startup_stm32f407xx.o(.text) refers to entry.o(.ARM.Collect$$$$00000000) for __main
    bmi.o(i.BMI_Get_ACC) refers to bmi2_common.o(i.MPU_Read_Byte) for MPU_Read_Byte
    bmi.o(i.BMI_Get_AUX) refers to bmi2_common.o(i.MPU_Read_Byte) for MPU_Read_Byte
    bmi.o(i.BMI_Get_EulerAngle) refers to bmi.o(i.lsb_to_dps) for lsb_to_dps
    bmi.o(i.BMI_Get_EulerAngle) refers to bmi.o(i.lsb_to_mps2) for lsb_to_mps2
    bmi.o(i.BMI_Get_EulerAngle) refers to bmi.o(i.inVSqrt) for inVSqrt
    bmi.o(i.BMI_Get_EulerAngle) refers to f2d.o(.text) for __aeabi_f2d
    bmi.o(i.BMI_Get_EulerAngle) refers to atan2.o(i.__hardfp_atan2) for __hardfp_atan2
    bmi.o(i.BMI_Get_EulerAngle) refers to dmul.o(.text) for __aeabi_dmul
    bmi.o(i.BMI_Get_EulerAngle) refers to d2f.o(.text) for __aeabi_d2f
    bmi.o(i.BMI_Get_EulerAngle) refers to asin.o(i.__hardfp_asin) for __hardfp_asin
    bmi.o(i.BMI_Get_EulerAngle) refers to bmi.o(.data) for .data
    bmi.o(i.BMI_Get_EulerAngle) refers to bmi.o(.bss) for .bss
    bmi.o(i.BMI_Get_GRO) refers to bmi2_common.o(i.MPU_Read_Byte) for MPU_Read_Byte
    bmi.o(i.BMI_Get_RawData) refers to bmi2_common.o(i.MPU_Read_all) for MPU_Read_all
    bmi.o(i.BMI_Init) refers to bmi2_common.o(i.bmi2_interface_selection) for bmi2_interface_selection
    bmi.o(i.BMI_Init) refers to bmi2_common.o(i.bmi2_error_codes_print_result) for bmi2_error_codes_print_result
    bmi.o(i.BMI_Init) refers to bmi270.o(i.bmi270_init) for bmi270_init
    bmi.o(i.BMI_Init) refers to bmi2.o(i.bmi2_sensor_enable) for bmi2_sensor_enable
    bmi.o(i.BMI_Init) refers to bmi.o(i.Set_gyro) for Set_gyro
    bmi.o(i.BMI_Init) refers to bmi.o(i.Set_accel) for Set_accel
    bmi.o(i.BMI_Init) refers to bmi.o(.bss) for .bss
    bmi.o(i.Set_accel) refers to bmi2.o(i.bmi2_get_sensor_config) for bmi2_get_sensor_config
    bmi.o(i.Set_accel) refers to bmi2_common.o(i.bmi2_error_codes_print_result) for bmi2_error_codes_print_result
    bmi.o(i.Set_accel) refers to bmi2.o(i.bmi2_map_data_int) for bmi2_map_data_int
    bmi.o(i.Set_accel) refers to bmi2.o(i.bmi2_set_sensor_config) for bmi2_set_sensor_config
    bmi.o(i.Set_gyro) refers to bmi2.o(i.bmi2_get_sensor_config) for bmi2_get_sensor_config
    bmi.o(i.Set_gyro) refers to bmi2_common.o(i.bmi2_error_codes_print_result) for bmi2_error_codes_print_result
    bmi.o(i.Set_gyro) refers to bmi2.o(i.bmi2_map_data_int) for bmi2_map_data_int
    bmi.o(i.Set_gyro) refers to bmi2.o(i.bmi2_set_sensor_config) for bmi2_set_sensor_config
    bmi2.o(i.abort_bmi2) refers to bmi2.o(i.bmi2_extract_input_feat_config) for bmi2_extract_input_feat_config
    bmi2.o(i.abort_bmi2) refers to bmi2.o(i.bmi2_get_feat_config) for bmi2_get_feat_config
[...]
    ..\Drivers\STM32F4xx_HAL_Driver\Src\stm32f4xx_hal_cortex.c 0x00000000   Number         0  stm32f4xx_hal_cortex.o ABSOLUTE
    ..\Drivers\STM32F4xx_HAL_Driver\Src\stm32f4xx_hal_dac.c 0x00000000   Number         0  stm32f4xx_hal_dac.o ABSOLUTE
    ..\Drivers\STM32F4xx_HAL_Driver\Src\stm32f4xx_hal_dac_ex.c 0x00000000   Number         0  stm32f4xx_hal_dac_ex.o ABSOLUTE
    ..\Drivers\STM32F4xx_HAL_Driver\Src\stm32f4xx_hal_dma.c 0x00000000   Number         0  stm32f4xx_hal_dma.o ABSOLUTE
    ..\Drivers\STM32F4xx_HAL_Driver\Src\stm32f4xx_hal_dma_ex.c 0x00000000   Number         0  stm32f4xx_hal_dma_ex.o ABSOLUTE
    ..\Drivers\STM32F4xx_HAL_Driver\Src\stm32f4xx_hal_exti.c 0x00000000   Number         0  stm32f4xx_hal_exti.o ABSOLUTE
    ..\Drivers\STM32F4xx_HAL_Driver\Src\stm32f4xx_hal_flash.c 0x00000000   Number         0  stm32f4xx_hal_flash.o ABSOLUTE
    ..\Drivers\STM32F4xx_HAL_Driver\Src\stm32f4xx_hal_flash_ex.c 0x00000000   Number         0  stm32f4xx_hal_flash_ex.o ABSOLUTE
    ..\Drivers\STM32F4xx_HAL_Driver\Src\stm32f4xx_hal_flash_ramfunc.c 0x00000000   Number         0  stm32f4xx_hal_flash_ramfunc.o ABSOLUTE
    ..\Drivers\STM32F4xx_HAL_Driver\Src\stm32f4xx_hal_gpio.c 0x00000000   Number         0  stm32f4xx_hal_gpio.o ABSOLUTE
    ..\Drivers\STM32F4xx_HAL_Driver\Src\stm32f4xx_hal_pwr.c 0x00000000   Number         0  stm32f4xx_hal_pwr.o ABSOLUTE
    ..\Drivers\STM32F4xx_HAL_Driver\Src\stm32f4xx_hal_pwr_ex.c 0x00000000   Number         0  stm32f4xx_hal_pwr_ex.o ABSOLUTE
    ..\Drivers\STM32F4xx_HAL_Driver\Src\stm32f4xx_hal_rcc.c 0x00000000   Number         0  stm32f4xx_hal_rcc.o ABSOLUTE
    ..\Drivers\STM32F4xx_HAL_Driver\Src\stm32f4xx_hal_rcc_ex.c 0x00000000   Number         0  stm32f4xx_hal_rcc_ex.o ABSOLUTE
    ..\Drivers\STM32F4xx_HAL_Driver\Src\stm32f4xx_hal_tim.c 0x00000000   Number         0  stm32f4xx_hal_tim.o ABSOLUTE
    ..\Drivers\STM32F4xx_HAL_Driver\Src\stm32f4xx_hal_tim_ex.c 0x00000000   Number         0  stm32f4xx_hal_tim_ex.o ABSOLUTE
    ..\Drivers\STM32F4xx_HAL_Driver\Src\stm32f4xx_hal_uart.c 0x00000000   Number         0  stm32f4xx_hal_uart.o ABSOLUTE
    ..\Middlewares\Third_Party\FreeRTOS\Source\CMSIS_RTOS\cmsis_os.c 0x00000000   Number         0  cmsis_os.o ABSOLUTE
    ..\Middlewares\Third_Party\FreeRTOS\Source\portable\RVDS\ARM_CM4F\port.c 0x00000000   Number         0  port.o ABSOLUTE
    ..\\Application\\AlgorithmLayer\\rp_math.c 0x00000000   Number         0  rp_math.o ABSOLUTE
    ..\\Application\\DeviceLayer\\Imu\\bmi.c 0x00000000   Number         0  bmi.o ABSOLUTE
    ..\\Application\\DeviceLayer\\Imu\\bmi2_common.c 0x00000000   Number         0  bmi2_common.o ABSOLUTE
    ..\\Application\\DeviceLayer\\Imu\\soft_iic.c 0x00000000   Number         0  soft_iic.o ABSOLUTE
    ..\\Application\\DeviceLayer\\Sensor\\imu_sensor.c 0x00000000   Number         0  imu_sensor.o ABSOLUTE
    ..\\Application\\DeviceLayer\\motor\\motor.c 0x00000000   Number         0  motor.o ABSOLUTE
    ..\\Application\\DriverLayer\\drv_can.c  0x00000000   Number         0  drv_can.o ABSOLUTE
    ..\\Application\\DriverLayer\\drv_haltick.c 0x00000000   Number         0  drv_haltick.o ABSOLUTE
    ..\\Application\\PotocolLayer\\imu_potocol.c 0x00000000   Number         0  imu_potocol.o ABSOLUTE
    cdcmple.s                                0x00000000   Number         0  cdcmple.o ABSOLUTE
    dc.s                                     0x00000000   Number         0  dc.o ABSOLUTE
    handlers.s                               0x00000000   Number         0  handlers.o ABSOLUTE
    init.s                                   0x00000000   Number         0  init.o ABSOLUTE
    startup_stm32f407xx.s                    0x00000000   Number         0  startup_stm32f407xx.o ABSOLUTE
    RESET                                    0x08000000   Section      392  startup_stm32f407xx.o(RESET)
    .ARM.Collect$$$$00000000                 0x08000188   Section        0  entry.o(.ARM.Collect$$$$00000000)
    .ARM.Collect$$$$00000001                 0x08000188   Section        4  entry2.o(.ARM.Collect$$$$00000001)
    .ARM.Collect$$$$00000004                 0x0800018c   Section        4  entry5.o(.ARM.Collect$$$$00000004)
    .ARM.Collect$$$$00000008                 0x08000190   Section        0  entry7b.o(.ARM.Collect$$$$00000008)
    .ARM.Collect$$$$0000000A                 0x08000190   Section        0  entry8b.o(.ARM.Collect$$$$0000000A)
    .ARM.Collect$$$$0000000B                 0x08000190   Section        8  entry9a.o(.ARM.Collect$$$$0000000B)
    .ARM.Collect$$$$0000000D                 0x08000198   Section        0  entry10a.o(.ARM.Collect$$$$0000000D)
    .ARM.Collect$$$$0000000F                 0x08000198   Section        0  entry11a.o(.ARM.Collect$$$$0000000F)
    .ARM.Collect$$$$00002712                 0x08000198   Section        4  entry2.o(.ARM.Collect$$$$00002712)
    __lit__00000000                          0x08000198   Data           4  entry2.o(.ARM.Collect$$$$00002712)
    .emb_text                                0x0800019c   Section      190  port.o(.emb_text)
    $v0                                      0x0800019c   Number         0  port.o(.emb_text)
    .text                                    0x0800025c   Section       36  startup_stm32f407xx.o(.text)
    $v0                                      0x0800025c   Number         0  startup_stm32f407xx.o(.text)
    .text                                    0x08000280   Section        0  uldiv.o(.text)
    .text                                    0x080002e2   Section        0  memcpya.o(.text)
    .text                                    0x08000306   Section        0  memseta.o(.text)
    .text                                    0x0800032a   Section        0  llshl.o(.text)
    .text                                    0x08000348   Section        0  llushr.o(.text)
    .text                                    0x08000368   Section       36  init.o(.text)
    i.ADC_Init                               0x0800038c   Section        0  stm32f4xx_hal_adc.o(i.ADC_Init)
    ADC_Init                                 0x0800038d   Thumb Code   284  stm32f4xx_hal_adc.o(i.ADC_Init)
    i.BusFault_Handler                       0x080004b4   Section        0  stm32f4xx_it.o(i.BusFault_Handler)
    i.CAN1_Init                              0x080004b8   Section        0  drv_can.o(i.CAN1_Init)
    i.CAN1_RX0_IRQHandler                    0x080004e0   Section        0  stm32f4xx_it.o(i.CAN1_RX0_IRQHandler)
    i.CAN1_rxDataHandler                     0x080004ec   Section        0  motor.o(i.CAN1_rxDataHandler)
    i.CAN2_Init                              0x08000510   Section        0  drv_can.o(i.CAN2_Init)
    i.CAN2_RX0_IRQHandler                    0x08000538   Section        0  stm32f4xx_it.o(i.CAN2_RX0_IRQHandler)
    i.CAN2_rxDataHandler                     0x08000544   Section        0  drv_can.o(i.CAN2_rxDataHandler)
    i.CAN_Filter_ParamsInit                  0x08000546   Section        0  drv_can.o(i.CAN_Filter_ParamsInit)
    CAN_Filter_ParamsInit                    0x08000547   Thumb Code    26  drv_can.o(i.CAN_Filter_ParamsInit)
    i.CAN_Rx_Callback                        0x08000560   Section        0  drv_can.o(i.CAN_Rx_Callback)
    CAN_Rx_Callback                          0x08000561   Thumb Code    74  drv_can.o(i.CAN_Rx_Callback)
    i.DMA1_Stream0_IRQHandler                0x080005b8   Section        0  stm32f4xx_it.o(i.DMA1_Stream0_IRQHandler)
    i.DMA1_Stream2_IRQHandler                0x080005c4   Section        0  stm32f4xx_it.o(i.DMA1_Stream2_IRQHandler)
    i.DMA1_Stream5_IRQHandler                0x080005d0   Section        0  stm32f4xx_it.o(i.DMA1_Stream5_IRQHandler)
    i.DMA1_Stream7_IRQHandler                0x080005dc   Section        0  stm32f4xx_it.o(i.DMA1_Stream7_IRQHandler)
    i.DMA2_Stream2_IRQHandler                0x080005e8   Section        0  stm32f4xx_it.o(i.DMA2_Stream2_IRQHandler)
    i.DMA_CalcBaseAndBitshift                0x080005f4   Section        0  stm32f4xx_hal_dma.o(i.DMA_CalcBaseAndBitshift)
    DMA_CalcBaseAndBitshift                  0x080005f5   Thumb Code    34  stm32f4xx_hal_dma.o(i.DMA_CalcBaseAndBitshift)
    i.DMA_CheckFifoParam                     0x0800061c   Section        0  stm32f4xx_hal_dma.o(i.DMA_CheckFifoParam)
    DMA_CheckFifoParam                       0x0800061d   Thumb Code    84  stm32f4xx_hal_dma.o(i.DMA_CheckFifoParam)
    i.DebugMon_Handler                       0x08000670   Section        0  stm32f4xx_it.o(i.DebugMon_Handler)
    i.Error_Handler                          0x08000672   Section        0  main.o(i.Error_Handler)
    i.GIMBAL_Motor_Update                    0x08000676   Section        0  motor.o(i.GIMBAL_Motor_Update)
    i.HAL_ADC_ConfigChannel                  0x0800068c   Section        0  stm32f4xx_hal_adc.o(i.HAL_ADC_ConfigChannel)
    i.HAL_ADC_Init                           0x080007d8   Section        0  stm32f4xx_hal_adc.o(i.HAL_ADC_Init)
    i.HAL_ADC_MspInit                        0x0800082c   Section        0  adc.o(i.HAL_ADC_MspInit)
    i.HAL_CAN_ActivateNotification           0x0800088c   Section        0  stm32f4xx_hal_can.o(i.HAL_CAN_ActivateNotification)
    i.HAL_CAN_ConfigFilter                   0x080008b0   Section        0  stm32f4xx_hal_can.o(i.HAL_CAN_ConfigFilter)
    i.HAL_CAN_ErrorCallback                  0x080009bc   Section        0  stm32f4xx_hal_can.o(i.HAL_CAN_ErrorCallback)
    i.HAL_CAN_GetRxMessage                   0x080009be   Section        0  stm32f4xx_hal_can.o(i.HAL_CAN_GetRxMessage)
    i.HAL_CAN_IRQHandler                     0x08000aa6   Section        0  stm32f4xx_hal_can.o(i.HAL_CAN_IRQHandler)
    i.HAL_CAN_Init                           0x08000ca2   Section        0  stm32f4xx_hal_can.o(i.HAL_CAN_Init)
    i.HAL_CAN_MspInit                        0x08000dbc   Section        0  can.o(i.HAL_CAN_MspInit)
    i.HAL_CAN_RxFifo0FullCallback            0x08000eb8   Section        0  stm32f4xx_hal_can.o(i.HAL_CAN_RxFifo0FullCallback)
    i.HAL_CAN_RxFifo0MsgPendingCallback      0x08000ebc   Section        0  drv_can.o(i.HAL_CAN_RxFifo0MsgPendingCallback)
    i.HAL_CAN_RxFifo1FullCallback            0x08000ed8   Section        0  stm32f4xx_hal_can.o(i.HAL_CAN_RxFifo1FullCallback)
    i.HAL_CAN_RxFifo1MsgPendingCallback      0x08000eda   Section        0  stm32f4xx_hal_can.o(i.HAL_CAN_RxFifo1MsgPendingCallback)
    i.HAL_CAN_SleepCallback                  0x08000edc   Section        0  stm32f4xx_hal_can.o(i.HAL_CAN_SleepCallback)
    i.HAL_CAN_Start                          0x08000ee0   Section        0  stm32f4xx_hal_can.o(i.HAL_CAN_Start)
    i.HAL_CAN_TxMailbox0AbortCallback        0x08000f38   Section        0  stm32f4xx_hal_can.o(i.HAL_CAN_TxMailbox0AbortCallback)
    i.HAL_CAN_TxMailbox0CompleteCallback     0x08000f3a   Section        0  stm32f4xx_hal_can.o(i.HAL_CAN_TxMailbox0CompleteCallback)
    i.HAL_CAN_TxMailbox1AbortCallback        0x08000f3c   Section        0  stm32f4xx_hal_can.o(i.HAL_CAN_TxMailbox1AbortCallback)
    i.HAL_CAN_TxMailbox1CompleteCallback     0x08000f3e   Section        0  stm32f4xx_hal_can.o(i.HAL_CAN_TxMailbox1CompleteCallback)
    i.HAL_CAN_TxMailbox2AbortCallback        0x08000f40   Section        0  stm32f4xx_hal_can.o(i.HAL_CAN_TxMailbox2AbortCallback)
    i.HAL_CAN_TxMailbox2CompleteCallback     0x08000f42   Section        0  stm32f4xx_hal_can.o(i.HAL_CAN_TxMailbox2CompleteCallback)
    i.HAL_CAN_WakeUpFromRxMsgCallback        0x08000f44   Section        0  stm32f4xx_hal_can.o(i.HAL_CAN_WakeUpFromRxMsgCallback)
    i.HAL_DAC_ConfigChannel                  0x08000f46   Section        0  stm32f4xx_hal_dac.o(i.HAL_DAC_ConfigChannel)
    i.HAL_DAC_Init                           0x08000f8c   Section        0  stm32f4xx_hal_dac.o(i.HAL_DAC_Init)
    i.HAL_DAC_MspInit                        0x08000fb4   Section        0  dac.o(i.HAL_DAC_MspInit)
    i.HAL_DMA_Abort                          0x08001014   Section        0  stm32f4xx_hal_dma.o(i.HAL_DMA_Abort)
    i.HAL_DMA_Abort_IT                       0x080010a6   Section        0  stm32f4xx_hal_dma.o(i.HAL_DMA_Abort_IT)
    i.HAL_DMA_IRQHandler                     0x080010cc   Section        0  stm32f4xx_hal_dma.o(i.HAL_DMA_IRQHandler)
    i.HAL_DMA_Init                           0x0800126c   Section        0  stm32f4xx_hal_dma.o(i.HAL_DMA_Init)
    i.HAL_GPIO_Init                          0x08001340   Section        0  stm32f4xx_hal_gpio.o(i.HAL_GPIO_Init)
    i.HAL_GPIO_WritePin                      0x08001530   Section        0  stm32f4xx_hal_gpio.o(i.HAL_GPIO_WritePin)
    i.HAL_GetTick                            0x0800153c   Section        0  stm32f4xx_hal.o(i.HAL_GetTick)
    i.HAL_IncTick                            0x08001548   Section        0  stm32f4xx_hal.o(i.HAL_IncTick)
    i.HAL_Init                               0x08001558   Section        0  stm32f4xx_hal.o(i.HAL_Init)
    i.HAL_InitTick                           0x0800158c   Section        0  stm32f4xx_hal_timebase_tim.o(i.HAL_InitTick)
    i.HAL_MspInit                            0x08001600   Section        0  stm32f4xx_hal_msp.o(i.HAL_MspInit)
    i.HAL_NVIC_EnableIRQ                     0x08001638   Section        0  stm32f4xx_hal_cortex.o(i.HAL_NVIC_EnableIRQ)
    i.HAL_NVIC_SetPriority                   0x08001654   Section        0  stm32f4xx_hal_cortex.o(i.HAL_NVIC_SetPriority)
    i.HAL_NVIC_SetPriorityGrouping           0x08001694   Section        0  stm32f4xx_hal_cortex.o(i.HAL_NVIC_SetPriorityGrouping)
    i.HAL_RCC_ClockConfig                    0x080016b8   Section        0  stm32f4xx_hal_rcc.o(i.HAL_RCC_ClockConfig)
    i.HAL_RCC_GetClockConfig                 0x080017ec   Section        0  stm32f4xx_hal_rcc.o(i.HAL_RCC_GetClockConfig)
    i.HAL_RCC_GetPCLK1Freq                   0x0800182c   Section        0  stm32f4xx_hal_rcc.o(i.HAL_RCC_GetPCLK1Freq)
    i.HAL_RCC_GetPCLK2Freq                   0x0800184c   Section        0  stm32f4xx_hal_rcc.o(i.HAL_RCC_GetPCLK2Freq)
    i.HAL_RCC_GetSysClockFreq                0x0800186c   Section        0  stm32f4xx_hal_rcc.o(i.HAL_RCC_GetSysClockFreq)
    i.HAL_RCC_OscConfig                      0x080018d0   Section        0  stm32f4xx_hal_rcc.o(i.HAL_RCC_OscConfig)
    i.HAL_TIMEx_BreakCallback                0x08001c3c   Section        0  stm32f4xx_hal_tim_ex.o(i.HAL_TIMEx_BreakCallback)
    i.HAL_TIMEx_CommutCallback               0x08001c3e   Section        0  stm32f4xx_hal_tim_ex.o(i.HAL_TIMEx_CommutCallback)
    i.HAL_TIMEx_ConfigBreakDeadTime          0x08001c40   Section        0  stm32f4xx_hal_tim_ex.o(i.HAL_TIMEx_ConfigBreakDeadTime)
    i.HAL_TIMEx_MasterConfigSynchronization  0x08001c94   Section        0  stm32f4xx_hal_tim_ex.o(i.HAL_TIMEx_MasterConfigSynchronization)
    i.HAL_TIM_Base_Init                      0x08001d24   Section        0  stm32f4xx_hal_tim.o(i.HAL_TIM_Base_Init)
    i.HAL_TIM_Base_MspInit                   0x08001d80   Section        0  tim.o(i.HAL_TIM_Base_MspInit)
    i.HAL_TIM_Base_Start_IT                  0x08001dc4   Section        0  stm32f4xx_hal_tim.o(i.HAL_TIM_Base_Start_IT)
    i.HAL_TIM_ConfigClockSource              0x08001e44   Section        0  stm32f4xx_hal_tim.o(i.HAL_TIM_ConfigClockSource)
    i.HAL_TIM_IC_CaptureCallback             0x08001f20   Section        0  stm32f4xx_hal_tim.o(i.HAL_TIM_IC_CaptureCallback)
    i.HAL_TIM_IRQHandler                     0x08001f22   Section        0  stm32f4xx_hal_tim.o(i.HAL_TIM_IRQHandler)
    i.HAL_TIM_MspPostInit                    0x08002088   Section        0  tim.o(i.HAL_TIM_MspPostInit)
    i.HAL_TIM_OC_DelayElapsedCallback        0x0800210c   Section        0  stm32f4xx_hal_tim.o(i.HAL_TIM_OC_DelayElapsedCallback)
    i.HAL_TIM_PWM_ConfigChannel              0x0800210e   Section        0  stm32f4xx_hal_tim.o(i.HAL_TIM_PWM_ConfigChannel)
    i.HAL_TIM_PWM_Init                       0x080021da   Section        0  stm32f4xx_hal_tim.o(i.HAL_TIM_PWM_Init)
    i.HAL_TIM_PWM_MspInit                    0x08002234   Section        0  stm32f4xx_hal_tim.o(i.HAL_TIM_PWM_MspInit)
    i.HAL_TIM_PWM_PulseFinishedCallback      0x08002236   Section        0  stm32f4xx_hal_tim.o(i.HAL_TIM_PWM_PulseFinishedCallback)
    i.HAL_TIM_PeriodElapsedCallback          0x08002238   Section        0  main.o(i.HAL_TIM_PeriodElapsedCallback)
    i.HAL_TIM_TriggerCallback                0x08002246   Section        0  stm32f4xx_hal_tim.o(i.HAL_TIM_TriggerCallback)
    i.HAL_UARTEx_RxEventCallback             0x08002248   Section        0  stm32f4xx_hal_uart.o(i.HAL_UARTEx_RxEventCallback)
    i.HAL_UART_ErrorCallback                 0x0800224a   Section        0  stm32f4xx_hal_uart.o(i.HAL_UART_ErrorCallback)
    i.HAL_UART_IRQHandler                    0x0800224c   Section        0  stm32f4xx_hal_uart.o(i.HAL_UART_IRQHandler)
    i.HAL_UART_Init                          0x080024b4   Section        0  stm32f4xx_hal_uart.o(i.HAL_UART_Init)
    i.HAL_UART_MspInit                       0x08002518   Section        0  usart.o(i.HAL_UART_MspInit)
    i.HAL_UART_RxCpltCallback                0x0800282c   Section        0  stm32f4xx_hal_uart.o(i.HAL_UART_RxCpltCallback)
    i.HAL_UART_TxCpltCallback                0x0800282e   Section        0  stm32f4xx_hal_uart.o(i.HAL_UART_TxCpltCallback)
    i.HardFault_Handler                      0x08002830   Section        0  stm32f4xx_it.o(i.HardFault_Handler)
    i.MX_ADC1_Init                           0x08002834   Section        0  adc.o(i.MX_ADC1_Init)
    i.MX_CAN1_Init                           0x08002898   Section        0  can.o(i.MX_CAN1_Init)
    i.MX_CAN2_Init                           0x080028e0   Section        0  can.o(i.MX_CAN2_Init)
    i.MX_DAC_Init                            0x08002928   Section        0  dac.o(i.MX_DAC_Init)
    i.MX_DMA_Init                            0x08002964   Section        0  dma.o(i.MX_DMA_Init)
    i.MX_FREERTOS_Init                       0x080029e0   Section        0  freertos.o(i.MX_FREERTOS_Init)
    i.MX_GPIO_Init                           0x08002a1c   Section        0  gpio.o(i.MX_GPIO_Init)
    i.MX_TIM1_Init                           0x08002b40   Section        0  tim.o(i.MX_TIM1_Init)
    i.MX_TIM3_Init                           0x08002c0c   Section        0  tim.o(i.MX_TIM3_Init)
    i.MX_UART4_Init                          0x08002cb4   Section        0  usart.o(i.MX_UART4_Init)
    i.MX_UART5_Init                          0x08002cec   Section        0  usart.o(i.MX_UART5_Init)
    i.MX_USART1_UART_Init                    0x08002d24   Section        0  usart.o(i.MX_USART1_UART_Init)
    i.MX_USART2_UART_Init                    0x08002d5c   Section        0  usart.o(i.MX_USART2_UART_Init)
    i.MemManage_Handler                      0x08002d98   Section        0  stm32f4xx_it.o(i.MemManage_Handler)
    i.Motor_Init                             0x08002d9a   Section        0  motor.o(i.Motor_Init)
    i.NMI_Handler                            0x08002da8   Section        0  stm32f4xx_it.o(i.NMI_Handler)
    i.StartDefaultTask                       0x08002daa   Section        0  freertos.o(i.StartDefaultTask)
    i.StartMonitorTask                       0x08002db2   Section        0  freertos.o(i.StartMonitorTask)
    i.SysTick_Handler                        0x08002dbc   Section        0  port.o(i.SysTick_Handler)
    i.SystemClock_Config                     0x08002de8   Section        0  main.o(i.SystemClock_Config)
    i.SystemInit                             0x08002e80   Section        0  system_stm32f4xx.o(i.SystemInit)
    i.TIM2_IRQHandler                        0x08002e90   Section        0  stm32f4xx_it.o(i.TIM2_IRQHandler)
    i.TIM_Base_SetConfig                     0x08002e9c   Section        0  stm32f4xx_hal_tim.o(i.TIM_Base_SetConfig)
    i.TIM_ETR_SetConfig                      0x08002f64   Section        0  stm32f4xx_hal_tim.o(i.TIM_ETR_SetConfig)
    i.TIM_ITRx_SetConfig                     0x08002f78   Section        0  stm32f4xx_hal_tim.o(i.TIM_ITRx_SetConfig)
    TIM_ITRx_SetConfig                       0x08002f79   Thumb Code    16  stm32f4xx_hal_tim.o(i.TIM_ITRx_SetConfig)
    i.TIM_OC1_SetConfig                      0x08002f88   Section        0  stm32f4xx_hal_tim.o(i.TIM_OC1_SetConfig)
    TIM_OC1_SetConfig                        0x08002f89   Thumb Code    88  stm32f4xx_hal_tim.o(i.TIM_OC1_SetConfig)
    i.TIM_OC2_SetConfig                      0x08002fe8   Section        0  stm32f4xx_hal_tim.o(i.TIM_OC2_SetConfig)
    i.TIM_OC3_SetConfig                      0x08003054   Section        0  stm32f4xx_hal_tim.o(i.TIM_OC3_SetConfig)
    TIM_OC3_SetConfig                        0x08003055   Thumb Code    96  stm32f4xx_hal_tim.o(i.TIM_OC3_SetConfig)
    i.TIM_OC4_SetConfig                      0x080030bc   Section        0  stm32f4xx_hal_tim.o(i.TIM_OC4_SetConfig)
    TIM_OC4_SetConfig                        0x080030bd   Thumb Code    70  stm32f4xx_hal_tim.o(i.TIM_OC4_SetConfig)
    i.TIM_TI1_ConfigInputStage               0x0800310c   Section        0  stm32f4xx_hal_tim.o(i.TIM_TI1_ConfigInputStage)
    TIM_TI1_ConfigInputStage                 0x0800310d   Thumb Code    34  stm32f4xx_hal_tim.o(i.TIM_TI1_ConfigInputStage)
    i.TIM_TI2_ConfigInputStage               0x0800312e   Section        0  stm32f4xx_hal_tim.o(i.TIM_TI2_ConfigInputStage)
    TIM_TI2_ConfigInputStage                 0x0800312f   Thumb Code    36  stm32f4xx_hal_tim.o(i.TIM_TI2_ConfigInputStage)
    i.UART_DMAAbortOnError                   0x08003152   Section        0  stm32f4xx_hal_uart.o(i.UART_DMAAbortOnError)
    UART_DMAAbortOnError                     0x08003153   Thumb Code    16  stm32f4xx_hal_uart.o(i.UART_DMAAbortOnError)
    i.UART_EndRxTransfer                     0x08003162   Section        0  stm32f4xx_hal_uart.o(i.UART_EndRxTransfer)
    UART_EndRxTransfer                       0x08003163   Thumb Code    78  stm32f4xx_hal_uart.o(i.UART_EndRxTransfer)
    i.UART_Receive_IT                        0x080031b0   Section        0  stm32f4xx_hal_uart.o(i.UART_Receive_IT)
    UART_Receive_IT                          0x080031b1   Thumb Code   192  stm32f4xx_hal_uart.o(i.UART_Receive_IT)
    i.UART_SetConfig                         0x08003270   Section        0  stm32f4xx_hal_uart.o(i.UART_SetConfig)
    UART_SetConfig                           0x08003271   Thumb Code   258  stm32f4xx_hal_uart.o(i.UART_SetConfig)
    i.USART1_IRQHandler                      0x0800337c   Section        0  stm32f4xx_it.o(i.USART1_IRQHandler)
    i.USART2_IRQHandler                      0x08003388   Section        0  stm32f4xx_it.o(i.USART2_IRQHandler)
    i.UsageFault_Handler                     0x08003394   Section        0  stm32f4xx_it.o(i.UsageFault_Handler)
    i.__NVIC_SetPriority                     0x08003396   Section        0  stm32f4xx_hal_cortex.o(i.__NVIC_SetPriority)
    __NVIC_SetPriority                       0x08003397   Thumb Code    32  stm32f4xx_hal_cortex.o(i.__NVIC_SetPriority)
    i.__scatterload_copy                     0x080033b6   Section       14  handlers.o(i.__scatterload_copy)
    i.__scatterload_null                     0x080033c4   Section        2  handlers.o(i.__scatterload_null)
    i.__scatterload_zeroinit                 0x080033c6   Section       14  handlers.o(i.__scatterload_zeroinit)
    i.main                                   0x080033d4   Section        0  main.o(i.main)
    i.makeFreeRtosPriority                   0x0800341a   Section        0  cmsis_os.o(i.makeFreeRtosPriority)
    makeFreeRtosPriority                     0x0800341b   Thumb Code    12  cmsis_os.o(i.makeFreeRtosPriority)
    i.osDelay                                0x08003426   Section        0  cmsis_os.o(i.osDelay)
    i.osKernelStart                          0x08003434   Section        0  cmsis_os.o(i.osKernelStart)
    i.osThreadCreate                         0x0800343e   Section        0  cmsis_os.o(i.osThreadCreate)
    i.prvAddCurrentTaskToDelayedList         0x08003494   Section        0  tasks.o(i.prvAddCurrentTaskToDelayedList)
    prvAddCurrentTaskToDelayedList           0x08003495   Thumb Code   102  tasks.o(i.prvAddCurrentTaskToDelayedList)
    i.prvAddNewTaskToReadyList               0x08003504   Section        0  tasks.o(i.prvAddNewTaskToReadyList)
    prvAddNewTaskToReadyList                 0x08003505   Thumb Code   194  tasks.o(i.prvAddNewTaskToReadyList)
    i.prvDeleteTCB                           0x080035d4   Section        0  tasks.o(i.prvDeleteTCB)
    prvDeleteTCB                             0x080035d5   Thumb Code    52  tasks.o(i.prvDeleteTCB)
    i.prvHeapInit                            0x08003608   Section        0  heap_4.o(i.prvHeapInit)
    prvHeapInit                              0x08003609   Thumb Code    66  heap_4.o(i.prvHeapInit)
    i.prvIdleTask                            0x08003654   Section        0  tasks.o(i.prvIdleTask)
    prvIdleTask                              0x08003655   Thumb Code    82  tasks.o(i.prvIdleTask)
    i.prvInitialiseNewTask                   0x080036b4   Section        0  tasks.o(i.prvInitialiseNewTask)
    prvInitialiseNewTask                     0x080036b5   Thumb Code   152  tasks.o(i.prvInitialiseNewTask)
    i.prvInsertBlockIntoFreeList             0x0800374c   Section        0  heap_4.o(i.prvInsertBlockIntoFreeList)
    prvInsertBlockIntoFreeList               0x0800374d   Thumb Code    72  heap_4.o(i.prvInsertBlockIntoFreeList)
    i.prvResetNextTaskUnblockTime            0x08003798   Section        0  tasks.o(i.prvResetNextTaskUnblockTime)
    prvResetNextTaskUnblockTime              0x08003799   Thumb Code    26  tasks.o(i.prvResetNextTaskUnblockTime)
    i.prvTaskExitError                       0x080037b8   Section        0  port.o(i.prvTaskExitError)
    prvTaskExitError                         0x080037b9   Thumb Code    36  port.o(i.prvTaskExitError)
    i.pvPortMalloc                           0x080037e0   Section        0  heap_4.o(i.pvPortMalloc)
    i.pxPortInitialiseStack                  0x080038bc   Section        0  port.o(i.pxPortInitialiseStack)
    i.uxListRemove                           0x080038e8   Section        0  list.o(i.uxListRemove)
    i.vApplicationGetIdleTaskMemory          0x08003910   Section        0  freertos.o(i.vApplicationGetIdleTaskMemory)
    i.vListInitialise                        0x08003924   Section        0  list.o(i.vListInitialise)
    i.vListInitialiseItem                    0x0800393a   Section        0  list.o(i.vListInitialiseItem)
    i.vListInsert                            0x08003940   Section        0  list.o(i.vListInsert)
    i.vListInsertEnd                         0x08003970   Section        0  list.o(i.vListInsertEnd)
    i.vPortEnterCritical                     0x08003988   Section        0  port.o(i.vPortEnterCritical)
    i.vPortExitCritical                      0x080039c8   Section        0  port.o(i.vPortExitCritical)
    i.vPortFree                              0x080039f0   Section        0  heap_4.o(i.vPortFree)
    i.vPortSetupTimerInterrupt               0x08003a54   Section        0  port.o(i.vPortSetupTimerInterrupt)
    i.vTaskDelay                             0x08003a78   Section        0  tasks.o(i.vTaskDelay)
    i.vTaskStartScheduler                    0x08003ac4   Section        0  tasks.o(i.vTaskStartScheduler)
    i.vTaskSuspendAll                        0x08003b30   Section        0  tasks.o(i.vTaskSuspendAll)
    i.vTaskSwitchContext                     0x08003b40   Section        0  tasks.o(i.vTaskSwitchContext)
    i.xPortStartScheduler                    0x08003b9c   Section        0  port.o(i.xPortStartScheduler)
    i.xTaskCreate                            0x08003c90   Section        0  tasks.o(i.xTaskCreate)
    i.xTaskCreateStatic                      0x08003cea   Section        0  tasks.o(i.xTaskCreateStatic)
    i.xTaskIncrementTick                     0x08003d40   Section        0  tasks.o(i.xTaskIncrementTick)
    i.xTaskResumeAll                         0x08003e0c   Section        0  tasks.o(i.xTaskResumeAll)
    .constdata                               0x08003ed0   Section       56  freertos.o(.constdata)
    .constdata                               0x08003f08   Section        8  stm32f4xx_hal_dma.o(.constdata)
    flagBitshiftOffset                       0x08003f08   Data           8  stm32f4xx_hal_dma.o(.constdata)
    .constdata                               0x08003f10   Section       16  system_stm32f4xx.o(.constdata)
    .constdata                               0x08003f20   Section        8  system_stm32f4xx.o(.constdata)
    .conststring                             0x08003f28   Section       24  freertos.o(.conststring)
    .data                                    0x20000000   Section        8  freertos.o(.data)
    .data                                    0x20000008   Section        4  can.o(.data)
    HAL_RCC_CAN1_CLK_ENABLED                 0x20000008   Data           4  can.o(.data)
    .data                                    0x2000000c   Section       12  stm32f4xx_hal.o(.data)
    .data                                    0x20000018   Section        4  system_stm32f4xx.o(.data)
    .data                                    0x2000001c   Section       60  tasks.o(.data)
    uxDeletedTasksWaitingCleanUp             0x20000020   Data           4  tasks.o(.data)
    uxCurrentNumberOfTasks                   0x20000024   Data           4  tasks.o(.data)
    xTickCount                               0x20000028   Data           4  tasks.o(.data)
    uxTopReadyPriority                       0x2000002c   Data           4  tasks.o(.data)
    xSchedulerRunning                        0x20000030   Data           4  tasks.o(.data)
    xPendedTicks                             0x20000034   Data           4  tasks.o(.data)
    xYieldPending                            0x20000038   Data           4  tasks.o(.data)
    xNumOfOverflows                          0x2000003c   Data           4  tasks.o(.data)
    uxTaskNumber                             0x20000040   Data           4  tasks.o(.data)
    xNextTaskUnblockTime                     0x20000044   Data           4  tasks.o(.data)
    xIdleTaskHandle                          0x20000048   Data           4  tasks.o(.data)
    uxSchedulerSuspended                     0x2000004c   Data           4  tasks.o(.data)
    pxDelayedTaskList                        0x20000050   Data           4  tasks.o(.data)
    pxOverflowDelayedTaskList                0x20000054   Data           4  tasks.o(.data)
    .data                                    0x20000058   Section       32  heap_4.o(.data)
    pxEnd                                    0x20000058   Data           4  heap_4.o(.data)
    xFreeBytesRemaining                      0x2000005c   Data           4  heap_4.o(.data)
    xMinimumEverFreeBytesRemaining           0x20000060   Data           4  heap_4.o(.data)
    xNumberOfSuccessfulAllocations           0x20000064   Data           4  heap_4.o(.data)
    xNumberOfSuccessfulFrees                 0x20000068   Data           4  heap_4.o(.data)
    xBlockAllocatedBit                       0x2000006c   Data           4  heap_4.o(.data)
    xStart                                   0x20000070   Data           8  heap_4.o(.data)
    .data                                    0x20000078   Section       12  port.o(.data)
    ucMaxSysCallPriority                     0x20000078   Data           1  port.o(.data)
    uxCriticalNesting                        0x2000007c   Data           4  port.o(.data)
    ulMaxPRIGROUPValue                       0x20000080   Data           4  port.o(.data)
    .bss                                     0x20000084   Section      136  drv_can.o(.bss)
    .bss                                     0x2000010c   Section      596  freertos.o(.bss)
    xIdleTaskTCBBuffer                       0x2000010c   Data          84  freertos.o(.bss)
    xIdleStack                               0x20000160   Data         512  freertos.o(.bss)
    .bss                                     0x20000360   Section       72  adc.o(.bss)
    .bss                                     0x200003a8   Section       80  can.o(.bss)
    .bss                                     0x200003f8   Section       20  dac.o(.bss)
    .bss                                     0x2000040c   Section      144  tim.o(.bss)
    .bss                                     0x2000049c   Section      752  usart.o(.bss)
    .bss                                     0x2000078c   Section       72  stm32f4xx_hal_timebase_tim.o(.bss)
    .bss                                     0x200007d4   Section      240  tasks.o(.bss)
    pxReadyTasksLists                        0x200007d4   Data         140  tasks.o(.bss)
    xDelayedTaskList1                        0x20000860   Data          20  tasks.o(.bss)
    xDelayedTaskList2                        0x20000874   Data          20  tasks.o(.bss)
    xPendingReadyList                        0x20000888   Data          20  tasks.o(.bss)
    xTasksWaitingTermination                 0x2000089c   Data          20  tasks.o(.bss)
    xSuspendedTaskList                       0x200008b0   Data          20  tasks.o(.bss)
    .bss                                     0x200008c4   Section    15360  heap_4.o(.bss)
    ucHeap                                   0x200008c4   Data       15360  heap_4.o(.bss)
    .bss                                     0x200044c4   Section       48  motor.o(.bss)
    STACK                                    0x200044f8   Section     1024  startup_stm32f407xx.o(STACK)

    Global Symbols

    Symbol Name                              Value     Ov Type        Size  Object(Section)

    BuildAttributes$$THM_ISAv4$E$P$D$K$B$S$7EM$VFPi3$EXTD16$VFPS$VFMA$PE$A:L22UL41UL21$X:L11$S22US41US21$IEEE1$IW$USESV6$~STKCKD$USESV7$~SHL$OTIME$ROPI$IEEEX$EBA8$MICROLIB$REQ8$PRES8$EABIv2 0x00000000   Number         0  anon$$obj.o ABSOLUTE
    __ARM_use_no_argv                        0x00000000   Number         0  main.o ABSOLUTE
    __cpp_initialize__aeabi_                  - Undefined Weak Reference
    __cxa_finalize                            - Undefined Weak Reference
    __decompress                              - Undefined Weak Reference
    _clock_init                               - Undefined Weak Reference
    _microlib_exit                            - Undefined Weak Reference
    __Vectors_Size                           0x00000188   Number         0  startup_stm32f407xx.o ABSOLUTE
    __Vectors                                0x08000000   Data           4  startup_stm32f407xx.o(RESET)
    __Vectors_End                            0x08000188   Data           0  startup_stm32f407xx.o(RESET)
    __main                                   0x08000189   Thumb Code     0  entry.o(.ARM.Collect$$$$00000000)
    _main_stk                                0x08000189   Thumb Code     0  entry2.o(.ARM.Collect$$$$00000001)
    _main_scatterload                        0x0800018d   Thumb Code     0  entry5.o(.ARM.Collect$$$$00000004)
    __main_after_scatterload                 0x08000191   Thumb Code     0  entry5.o(.ARM.Collect$$$$00000004)
    _main_clock                              0x08000191   Thumb Code     0  entry7b.o(.ARM.Collect$$$$00000008)
    _main_cpp_init                           0x08000191   Thumb Code     0  entry8b.o(.ARM.Collect$$$$0000000A)
    _main_init                               0x08000191   Thumb Code     0  entry9a.o(.ARM.Collect$$$$0000000B)
    __rt_final_cpp                           0x08000199   Thumb Code     0  entry10a.o(.ARM.Collect$$$$0000000D)
    __rt_final_exit                          0x08000199   Thumb Code     0  entry11a.o(.ARM.Collect$$$$0000000F)
    SVC_Handler                              0x0800019d   Thumb Code    28  port.o(.emb_text)
    __asm___6_port_c_39a90d8d__prvStartFirstTask 0x080001bd   Thumb Code    36  port.o(.emb_text)
    __asm___6_port_c_39a90d8d__prvEnableVFP  0x080001e5   Thumb Code    16  port.o(.emb_text)
    PendSV_Handler                           0x080001f9   Thumb Code    88  port.o(.emb_text)
    vPortGetIPSR                             0x08000255   Thumb Code     6  port.o(.emb_text)
    Reset_Handler                            0x0800025d   Thumb Code     8  startup_stm32f407xx.o(.text)
    ADC_IRQHandler                           0x08000277   Thumb Code     0  startup_stm32f407xx.o(.text)
    CAN1_RX1_IRQHandler                      0x08000277   Thumb Code     0  startup_stm32f407xx.o(.text)
    CAN1_SCE_IRQHandler                      0x08000277   Thumb Code     0  startup_stm32f407xx.o(.text)
    CAN1_TX_IRQHandler                       0x08000277   Thumb Code     0  startup_stm32f407xx.o(.text)
    CAN2_RX1_IRQHandler                      0x08000277   Thumb Code     0  startup_stm32f407xx.o(.text)
    CAN2_SCE_IRQHandler                      0x08000277   Thumb Code     0  startup_stm32f407xx.o(.text)
    CAN2_TX_IRQHandler                       0x08000277   Thumb Code     0  startup_stm32f407xx.o(.text)
    DCMI_IRQHandler                          0x08000277   Thumb Code     0  startup_stm32f407xx.o(.text)
    DMA1_Stream1_IRQHandler                  0x08000277   Thumb Code     0  startup_stm32f407xx.o(.text)
    DMA1_Stream3_IRQHandler                  0x08000277   Thumb Code     0  startup_stm32f407xx.o(.text)
    DMA1_Stream4_IRQHandler                  0x08000277   Thumb Code     0  startup_stm32f407xx.o(.text)
    DMA1_Stream6_IRQHandler                  0x08000277   Thumb Code     0  startup_stm32f407xx.o(.text)
    DMA2_Stream0_IRQHandler                  0x08000277   Thumb Code     0  startup_stm32f407xx.o(.text)
    DMA2_Stream1_IRQHandler                  0x08000277   Thumb Code     0  startup_stm32f407xx.o(.text)
    DMA2_Stream3_IRQHandler                  0x08000277   Thumb Code     0  startup_stm32f407xx.o(.text)
    DMA2_Stream4_IRQHandler                  0x08000277   Thumb Code     0  startup_stm32f407xx.o(.text)
    DMA2_Stream5_IRQHandler                  0x08000277   Thumb Code     0  startup_stm32f407xx.o(.text)
    DMA2_Stream6_IRQHandler                  0x08000277   Thumb Code     0  startup_stm32f407xx.o(.text)
    DMA2_Stream7_IRQHandler                  0x08000277   Thumb Code     0  startup_stm32f407xx.o(.text)
    ETH_IRQHandler                           0x08000277   Thumb Code     0  startup_stm32f407xx.o(.text)
    ETH_WKUP_IRQHandler                      0x08000277   Thumb Code     0  startup_stm32f407xx.o(.text)
    EXTI0_IRQHandler                         0x08000277   Thumb Code     0  startup_stm32f407xx.o(.text)
    EXTI15_10_IRQHandler                     0x08000277   Thumb Code     0  startup_stm32f407xx.o(.text)
    EXTI1_IRQHandler                         0x08000277   Thumb Code     0  startup_stm32f407xx.o(.text)
    EXTI2_IRQHandler                         0x08000277   Thumb Code     0  startup_stm32f407xx.o(.text)
    EXTI3_IRQHandler                         0x08000277   Thumb Code     0  startup_stm32f407xx.o(.text)
    EXTI4_IRQHandler                         0x08000277   Thumb Code     0  startup_stm32f407xx.o(.text)
    EXTI9_5_IRQHandler                       0x08000277   Thumb Code     0  startup_stm32f407xx.o(.text)
    FLASH_IRQHandler                         0x08000277   Thumb Code     0  startup_stm32f407xx.o(.text)
    FMC_IRQHandler                           0x08000277   Thumb Code     0  startup_stm32f407xx.o(.text)
    FPU_IRQHandler                           0x08000277   Thumb Code     0  startup_stm32f407xx.o(.text)
    HASH_RNG_IRQHandler                      0x08000277   Thumb Code     0  startup_stm32f407xx.o(.text)
    I2C1_ER_IRQHandler                       0x08000277   Thumb Code     0  startup_stm32f407xx.o(.text)
    I2C1_EV_IRQHandler                       0x08000277   Thumb Code     0  startup_stm32f407xx.o(.text)
    I2C2_ER_IRQHandler                       0x08000277   Thumb Code     0  startup_stm32f407xx.o(.text)
    I2C2_EV_IRQHandler                       0x08000277   Thumb Code     0  startup_stm32f407xx.o(.text)
    I2C3_ER_IRQHandler                       0x08000277   Thumb Code     0  startup_stm32f407xx.o(.text)
    I2C3_EV_IRQHandler                       0x08000277   Thumb Code     0  startup_stm32f407xx.o(.text)
    OTG_FS_IRQHandler                        0x08000277   Thumb Code     0  startup_stm32f407xx.o(.text)
    OTG_FS_WKUP_IRQHandler                   0x08000277   Thumb Code     0  startup_stm32f407xx.o(.text)
    OTG_HS_EP1_IN_IRQHandler                 0x08000277   Thumb Code     0  startup_stm32f407xx.o(.text)
    OTG_HS_EP1_OUT_IRQHandler                0x08000277   Thumb Code     0  startup_stm32f407xx.o(.text)
    OTG_HS_IRQHandler                        0x08000277   Thumb Code     0  startup_stm32f407xx.o(.text)
    OTG_HS_WKUP_IRQHandler                   0x08000277   Thumb Code     0  startup_stm32f407xx.o(.text)
    PVD_IRQHandler                           0x08000277   Thumb Code     0  startup_stm32f407xx.o(.text)
    RCC_IRQHandler                           0x08000277   Thumb Code     0  startup_stm32f407xx.o(.text)
    RTC_Alarm_IRQHandler                     0x08000277   Thumb Code     0  startup_stm32f407xx.o(.text)
    RTC_WKUP_IRQHandler                      0x08000277   Thumb Code     0  startup_stm32f407xx.o(.text)
    SDIO_IRQHandler                          0x08000277   Thumb Code     0  startup_stm32f407xx.o(.text)
    SPI1_IRQHandler                          0x08000277   Thumb Code     0  startup_stm32f407xx.o(.text)
    SPI2_IRQHandler                          0x08000277   Thumb Code     0  startup_stm32f407xx.o(.text)
    SPI3_IRQHandler                          0x08000277   Thumb Code     0  startup_stm32f407xx.o(.text)
    TAMP_STAMP_IRQHandler                    0x08000277   Thumb Code     0  startup_stm32f407xx.o(.text)
    TIM1_BRK_TIM9_IRQHandler                 0x08000277   Thumb Code     0  startup_stm32f407xx.o(.text)
    TIM1_CC_IRQHandler                       0x08000277   Thumb Code     0  startup_stm32f407xx.o(.text)
    TIM1_TRG_COM_TIM11_IRQHandler            0x08000277   Thumb Code     0  startup_stm32f407xx.o(.text)
    TIM1_UP_TIM10_IRQHandler                 0x08000277   Thumb Code     0  startup_stm32f407xx.o(.text)
    TIM3_IRQHandler                          0x08000277   Thumb Code     0  startup_stm32f407xx.o(.text)
    TIM4_IRQHandler                          0x08000277   Thumb Code     0  startup_stm32f407xx.o(.text)
    TIM5_IRQHandler                          0x08000277   Thumb Code     0  startup_stm32f407xx.o(.text)
    TIM6_DAC_IRQHandler                      0x08000277   Thumb Code     0  startup_stm32f407xx.o(.text)
    TIM7_IRQHandler                          0x08000277   Thumb Code     0  startup_stm32f407xx.o(.text)
    TIM8_BRK_TIM12_IRQHandler                0x08000277   Thumb Code     0  startup_stm32f407xx.o(.text)
    TIM8_CC_IRQHandler                       0x08000277   Thumb Code     0  startup_stm32f407xx.o(.text)
    TIM8_TRG_COM_TIM14_IRQHandler            0x08000277   Thumb Code     0  startup_stm32f407xx.o(.text)
    TIM8_UP_TIM13_IRQHandler                 0x08000277   Thumb Code     0  startup_stm32f407xx.o(.text)
    UART4_IRQHandler                         0x08000277   Thumb Code     0  startup_stm32f407xx.o(.text)
    UART5_IRQHandler                         0x08000277   Thumb Code     0  startup_stm32f407xx.o(.text)
    USART3_IRQHandler                        0x08000277   Thumb Code     0  startup_stm32f407xx.o(.text)
    USART6_IRQHandler                        0x08000277   Thumb Code     0  startup_stm32f407xx.o(.text)
    WWDG_IRQHandler                          0x08000277   Thumb Code     0  startup_stm32f407xx.o(.text)
    __aeabi_uldivmod                         0x08000281   Thumb Code    98  uldiv.o(.text)
    __aeabi_memcpy                           0x080002e3   Thumb Code    36  memcpya.o(.text)
    __aeabi_memcpy4                          0x080002e3   Thumb Code     0  memcpya.o(.text)
    __aeabi_memcpy8                          0x080002e3   Thumb Code     0  memcpya.o(.text)
    __aeabi_memset                           0x08000307   Thumb Code    14  memseta.o(.text)
    __aeabi_memset4                          0x08000307   Thumb Code     0  memseta.o(.text)
    __aeabi_memset8                          0x08000307   Thumb Code     0  memseta.o(.text)
    __aeabi_memclr                           0x08000315   Thumb Code     4  memseta.o(.text)
    __aeabi_memclr4                          0x08000315   Thumb Code     0  memseta.o(.text)
    __aeabi_memclr8                          0x08000315   Thumb Code     0  memseta.o(.text)
    memset                                   0x08000319   Thumb Code    18  memseta.o(.text)
    __aeabi_llsl                             0x0800032b   Thumb Code    30  llshl.o(.text)
    _ll_shift_l                              0x0800032b   Thumb Code     0  llshl.o(.text)
    __aeabi_llsr                             0x08000349   Thumb Code    32  llushr.o(.text)
    _ll_ushift_r                             0x08000349   Thumb Code     0  llushr.o(.text)
    __scatterload                            0x08000369   Thumb Code    28  init.o(.text)
    __scatterload_rt2                        0x08000369   Thumb Code     0  init.o(.text)
    BusFault_Handler                         0x080004b5   Thumb Code     2  stm32f4xx_it.o(i.BusFault_Handler)
    CAN1_Init                                0x080004b9   Thumb Code    36  drv_can.o(i.CAN1_Init)
    CAN1_RX0_IRQHandler                      0x080004e1   Thumb Code     6  stm32f4xx_it.o(i.CAN1_RX0_IRQHandler)
    CAN1_rxDataHandler                       0x080004ed   Thumb Code    32  motor.o(i.CAN1_rxDataHandler)
    CAN2_Init                                0x08000511   Thumb Code    36  drv_can.o(i.CAN2_Init)
    CAN2_RX0_IRQHandler                      0x08000539   Thumb Code     6  stm32f4xx_it.o(i.CAN2_RX0_IRQHandler)
    CAN2_rxDataHandler                       0x08000545   Thumb Code     2  drv_can.o(i.CAN2_rxDataHandler)
    DMA1_Stream0_IRQHandler                  0x080005b9   Thumb Code     6  stm32f4xx_it.o(i.DMA1_Stream0_IRQHandler)
    DMA1_Stream2_IRQHandler                  0x080005c5   Thumb Code     6  stm32f4xx_it.o(i.DMA1_Stream2_IRQHandler)
    DMA1_Stream5_IRQHandler                  0x080005d1   Thumb Code     6  stm32f4xx_it.o(i.DMA1_Stream5_IRQHandler)
    DMA1_Stream7_IRQHandler                  0x080005dd   Thumb Code     6  stm32f4xx_it.o(i.DMA1_Stream7_IRQHandler)
    DMA2_Stream2_IRQHandler                  0x080005e9   Thumb Code     6  stm32f4xx_it.o(i.DMA2_Stream2_IRQHandler)
    DebugMon_Handler                         0x08000671   Thumb Code     2  stm32f4xx_it.o(i.DebugMon_Handler)
    Error_Handler                            0x08000673   Thumb Code     4  main.o(i.Error_Handler)
    GIMBAL_Motor_Update                      0x08000677   Thumb Code    20  motor.o(i.GIMBAL_Motor_Update)
    HAL_ADC_ConfigChannel                    0x0800068d   Thumb Code   316  stm32f4xx_hal_adc.o(i.HAL_ADC_ConfigChannel)
    HAL_ADC_Init                             0x080007d9   Thumb Code    84  stm32f4xx_hal_adc.o(i.HAL_ADC_Init)
    HAL_ADC_MspInit                          0x0800082d   Thumb Code    84  adc.o(i.HAL_ADC_MspInit)
    HAL_CAN_ActivateNotification             0x0800088d   Thumb Code    36  stm32f4xx_hal_can.o(i.HAL_CAN_ActivateNotification)
    HAL_CAN_ConfigFilter                     0x080008b1   Thumb Code   262  stm32f4xx_hal_can.o(i.HAL_CAN_ConfigFilter)
    HAL_CAN_ErrorCallback                    0x080009bd   Thumb Code     2  stm32f4xx_hal_can.o(i.HAL_CAN_ErrorCallback)
    HAL_CAN_GetRxMessage                     0x080009bf   Thumb Code   232  stm32f4xx_hal_can.o(i.HAL_CAN_GetRxMessage)
    HAL_CAN_IRQHandler                       0x08000aa7   Thumb Code   508  stm32f4xx_hal_can.o(i.HAL_CAN_IRQHandler)
    HAL_CAN_Init                             0x08000ca3   Thumb Code   282  stm32f4xx_hal_can.o(i.HAL_CAN_Init)
    HAL_CAN_MspInit                          0x08000dbd   Thumb Code   226  can.o(i.HAL_CAN_MspInit)
    HAL_CAN_RxFifo0FullCallback              0x08000eb9   Thumb Code     2  stm32f4xx_hal_can.o(i.HAL_CAN_RxFifo0FullCallback)
    HAL_CAN_RxFifo0MsgPendingCallback        0x08000ebd   Thumb Code    20  drv_can.o(i.HAL_CAN_RxFifo0MsgPendingCallback)
    HAL_CAN_RxFifo1FullCallback              0x08000ed9   Thumb Code     2  stm32f4xx_hal_can.o(i.HAL_CAN_RxFifo1FullCallback)
    HAL_CAN_RxFifo1MsgPendingCallback        0x08000edb   Thumb Code     2  stm32f4xx_hal_can.o(i.HAL_CAN_RxFifo1MsgPendingCallback)
    HAL_CAN_SleepCallback                    0x08000edd   Thumb Code     2  stm32f4xx_hal_can.o(i.HAL_CAN_SleepCallback)
    HAL_CAN_Start                            0x08000ee1   Thumb Code    88  stm32f4xx_hal_can.o(i.HAL_CAN_Start)
    HAL_CAN_TxMailbox0AbortCallback          0x08000f39   Thumb Code     2  stm32f4xx_hal_can.o(i.HAL_CAN_TxMailbox0AbortCallback)
    HAL_CAN_TxMailbox0CompleteCallback       0x08000f3b   Thumb Code     2  stm32f4xx_hal_can.o(i.HAL_CAN_TxMailbox0CompleteCallback)
    HAL_CAN_TxMailbox1AbortCallback          0x08000f3d   Thumb Code     2  stm32f4xx_hal_can.o(i.HAL_CAN_TxMailbox1AbortCallback)
    HAL_CAN_TxMailbox1CompleteCallback       0x08000f3f   Thumb Code     2  stm32f4xx_hal_can.o(i.HAL_CAN_TxMailbox1CompleteCallback)
    HAL_CAN_TxMailbox2AbortCallback          0x08000f41   Thumb Code     2  stm32f4xx_hal_can.o(i.HAL_CAN_TxMailbox2AbortCallback)
    HAL_CAN_TxMailbox2CompleteCallback       0x08000f43   Thumb Code     2  stm32f4xx_hal_can.o(i.HAL_CAN_TxMailbox2CompleteCallback)
    HAL_CAN_WakeUpFromRxMsgCallback          0x08000f45   Thumb Code     2  stm32f4xx_hal_can.o(i.HAL_CAN_WakeUpFromRxMsgCallback)
    HAL_DAC_ConfigChannel                    0x08000f47   Thumb Code    70  stm32f4xx_hal_dac.o(i.HAL_DAC_ConfigChannel)
    HAL_DAC_Init                             0x08000f8d   Thumb Code    40  stm32f4xx_hal_dac.o(i.HAL_DAC_Init)
    HAL_DAC_MspInit                          0x08000fb5   Thumb Code    84  dac.o(i.HAL_DAC_MspInit)
    HAL_DMA_Abort                            0x08001015   Thumb Code   146  stm32f4xx_hal_dma.o(i.HAL_DMA_Abort)
    HAL_DMA_Abort_IT                         0x080010a7   Thumb Code    36  stm32f4xx_hal_dma.o(i.HAL_DMA_Abort_IT)
    HAL_DMA_IRQHandler                       0x080010cd   Thumb Code   412  stm32f4xx_hal_dma.o(i.HAL_DMA_IRQHandler)
    HAL_DMA_Init                             0x0800126d   Thumb Code   206  stm32f4xx_hal_dma.o(i.HAL_DMA_Init)
    HAL_GPIO_Init                            0x08001341   Thumb Code   450  stm32f4xx_hal_gpio.o(i.HAL_GPIO_Init)
    HAL_GPIO_WritePin                        0x08001531   Thumb Code    10  stm32f4xx_hal_gpio.o(i.HAL_GPIO_WritePin)
    HAL_GetTick                              0x0800153d   Thumb Code     6  stm32f4xx_hal.o(i.HAL_GetTick)
    HAL_IncTick                              0x08001549   Thumb Code    12  stm32f4xx_hal.o(i.HAL_IncTick)
    HAL_Init                                 0x08001559   Thumb Code    48  stm32f4xx_hal.o(i.HAL_Init)
    HAL_InitTick                             0x0800158d   Thumb Code   102  stm32f4xx_hal_timebase_tim.o(i.HAL_InitTick)
    HAL_MspInit                              0x08001601   Thumb Code    52  stm32f4xx_hal_msp.o(i.HAL_MspInit)
    HAL_NVIC_EnableIRQ                       0x08001639   Thumb Code    26  stm32f4xx_hal_cortex.o(i.HAL_NVIC_EnableIRQ)
    HAL_NVIC_SetPriority                     0x08001655   Thumb Code    60  stm32f4xx_hal_cortex.o(i.HAL_NVIC_SetPriority)
    HAL_NVIC_SetPriorityGrouping             0x08001695   Thumb Code    26  stm32f4xx_hal_cortex.o(i.HAL_NVIC_SetPriorityGrouping)
    HAL_RCC_ClockConfig                      0x080016b9   Thumb Code   288  stm32f4xx_hal_rcc.o(i.HAL_RCC_ClockConfig)
    HAL_RCC_GetClockConfig                   0x080017ed   Thumb Code    54  stm32f4xx_hal_rcc.o(i.HAL_RCC_GetClockConfig)
    HAL_RCC_GetPCLK1Freq                     0x0800182d   Thumb Code    20  stm32f4xx_hal_rcc.o(i.HAL_RCC_GetPCLK1Freq)
    HAL_RCC_GetPCLK2Freq                     0x0800184d   Thumb Code    20  stm32f4xx_hal_rcc.o(i.HAL_RCC_GetPCLK2Freq)
    HAL_RCC_GetSysClockFreq                  0x0800186d   Thumb Code    88  stm32f4xx_hal_rcc.o(i.HAL_RCC_GetSysClockFreq)
    HAL_RCC_OscConfig                        0x080018d1   Thumb Code   856  stm32f4xx_hal_rcc.o(i.HAL_RCC_OscConfig)
    HAL_TIMEx_BreakCallback                  0x08001c3d   Thumb Code     2  stm32f4xx_hal_tim_ex.o(i.HAL_TIMEx_BreakCallback)
    HAL_TIMEx_CommutCallback                 0x08001c3f   Thumb Code     2  stm32f4xx_hal_tim_ex.o(i.HAL_TIMEx_CommutCallback)
    HAL_TIMEx_ConfigBreakDeadTime            0x08001c41   Thumb Code    84  stm32f4xx_hal_tim_ex.o(i.HAL_TIMEx_ConfigBreakDeadTime)
    HAL_TIMEx_MasterConfigSynchronization    0x08001c95   Thumb Code   116  stm32f4xx_hal_tim_ex.o(i.HAL_TIMEx_MasterConfigSynchronization)
    HAL_TIM_Base_Init                        0x08001d25   Thumb Code    90  stm32f4xx_hal_tim.o(i.HAL_TIM_Base_Init)
    HAL_TIM_Base_MspInit                     0x08001d81   Thumb Code    56  tim.o(i.HAL_TIM_Base_MspInit)
    HAL_TIM_Base_Start_IT                    0x08001dc5   Thumb Code   100  stm32f4xx_hal_tim.o(i.HAL_TIM_Base_Start_IT)
    HAL_TIM_ConfigClockSource                0x08001e45   Thumb Code   220  stm32f4xx_hal_tim.o(i.HAL_TIM_ConfigClockSource)
    HAL_TIM_IC_CaptureCallback               0x08001f21   Thumb Code     2  stm32f4xx_hal_tim.o(i.HAL_TIM_IC_CaptureCallback)
    HAL_TIM_IRQHandler                       0x08001f23   Thumb Code   358  stm32f4xx_hal_tim.o(i.HAL_TIM_IRQHandler)
    HAL_TIM_MspPostInit                      0x08002089   Thumb Code   110  tim.o(i.HAL_TIM_MspPostInit)
    HAL_TIM_OC_DelayElapsedCallback          0x0800210d   Thumb Code     2  stm32f4xx_hal_tim.o(i.HAL_TIM_OC_DelayElapsedCallback)
    HAL_TIM_PWM_ConfigChannel                0x0800210f   Thumb Code   204  stm32f4xx_hal_tim.o(i.HAL_TIM_PWM_ConfigChannel)
    HAL_TIM_PWM_Init                         0x080021db   Thumb Code    90  stm32f4xx_hal_tim.o(i.HAL_TIM_PWM_Init)
    HAL_TIM_PWM_MspInit                      0x08002235   Thumb Code     2  stm32f4xx_hal_tim.o(i.HAL_TIM_PWM_MspInit)
    HAL_TIM_PWM_PulseFinishedCallback        0x08002237   Thumb Code     2  stm32f4xx_hal_tim.o(i.HAL_TIM_PWM_PulseFinishedCallback)
    HAL_TIM_PeriodElapsedCallback            0x08002239   Thumb Code    14  main.o(i.HAL_TIM_PeriodElapsedCallback)
    HAL_TIM_TriggerCallback                  0x08002247   Thumb Code     2  stm32f4xx_hal_tim.o(i.HAL_TIM_TriggerCallback)
    HAL_UARTEx_RxEventCallback               0x08002249   Thumb Code     2  stm32f4xx_hal_uart.o(i.HAL_UARTEx_RxEventCallback)
    HAL_UART_ErrorCallback                   0x0800224b   Thumb Code     2  stm32f4xx_hal_uart.o(i.HAL_UART_ErrorCallback)
    HAL_UART_IRQHandler                      0x0800224d   Thumb Code   610  stm32f4xx_hal_uart.o(i.HAL_UART_IRQHandler)
    HAL_UART_Init                            0x080024b5   Thumb Code    98  stm32f4xx_hal_uart.o(i.HAL_UART_Init)
    HAL_UART_MspInit                         0x08002519   Thumb Code   740  usart.o(i.HAL_UART_MspInit)
    HAL_UART_RxCpltCallback                  0x0800282d   Thumb Code     2  stm32f4xx_hal_uart.o(i.HAL_UART_RxCpltCallback)
    HAL_UART_TxCpltCallback                  0x0800282f   Thumb Code     2  stm32f4xx_hal_uart.o(i.HAL_UART_TxCpltCallback)
    HardFault_Handler                        0x08002831   Thumb Code     2  stm32f4xx_it.o(i.HardFault_Handler)
    MX_ADC1_Init                             0x08002835   Thumb Code    88  adc.o(i.MX_ADC1_Init)
    MX_CAN1_Init                             0x08002899   Thumb Code    62  can.o(i.MX_CAN1_Init)
    MX_CAN2_Init                             0x080028e1   Thumb Code    62  can.o(i.MX_CAN2_Init)
    MX_DAC_Init                              0x08002929   Thumb Code    52  dac.o(i.MX_DAC_Init)
    MX_DMA_Init                              0x08002965   Thumb Code   120  dma.o(i.MX_DMA_Init)
    MX_FREERTOS_Init                         0x080029e1   Thumb Code    52  freertos.o(i.MX_FREERTOS_Init)
    MX_GPIO_Init                             0x08002a1d   Thumb Code   272  gpio.o(i.MX_GPIO_Init)
    MX_TIM1_Init                             0x08002b41   Thumb Code   194  tim.o(i.MX_TIM1_Init)
    MX_TIM3_Init                             0x08002c0d   Thumb Code   160  tim.o(i.MX_TIM3_Init)
    MX_UART4_Init                            0x08002cb5   Thumb Code    48  usart.o(i.MX_UART4_Init)
    MX_UART5_Init                            0x08002ced   Thumb Code    48  usart.o(i.MX_UART5_Init)
    MX_USART1_UART_Init                      0x08002d25   Thumb Code    48  usart.o(i.MX_USART1_UART_Init)
    MX_USART2_UART_Init                      0x08002d5d   Thumb Code    46  usart.o(i.MX_USART2_UART_Init)
    MemManage_Handler                        0x08002d99   Thumb Code     2  stm32f4xx_it.o(i.MemManage_Handler)
    Motor_Init                               0x08002d9b   Thumb Code    14  motor.o(i.Motor_Init)
    NMI_Handler                              0x08002da9   Thumb Code     2  stm32f4xx_it.o(i.NMI_Handler)
    StartDefaultTask                         0x08002dab   Thumb Code     8  freertos.o(i.StartDefaultTask)
    StartMonitorTask                         0x08002db3   Thumb Code     8  freertos.o(i.StartMonitorTask)
    SysTick_Handler                          0x08002dbd   Thumb Code    38  port.o(i.SysTick_Handler)
    SystemClock_Config                       0x08002de9   Thumb Code   142  main.o(i.SystemClock_Config)
    SystemInit                               0x08002e81   Thumb Code    12  system_stm32f4xx.o(i.SystemInit)
    TIM2_IRQHandler                          0x08002e91   Thumb Code     6  stm32f4xx_it.o(i.TIM2_IRQHandler)
    TIM_Base_SetConfig                       0x08002e9d   Thumb Code   156  stm32f4xx_hal_tim.o(i.TIM_Base_SetConfig)
    TIM_ETR_SetConfig                        0x08002f65   Thumb Code    20  stm32f4xx_hal_tim.o(i.TIM_ETR_SetConfig)
    TIM_OC2_SetConfig                        0x08002fe9   Thumb Code    98  stm32f4xx_hal_tim.o(i.TIM_OC2_SetConfig)
    USART1_IRQHandler                        0x0800337d   Thumb Code     6  stm32f4xx_it.o(i.USART1_IRQHandler)
    USART2_IRQHandler                        0x08003389   Thumb Code     6  stm32f4xx_it.o(i.USART2_IRQHandler)
    UsageFault_Handler                       0x08003395   Thumb Code     2  stm32f4xx_it.o(i.UsageFault_Handler)
    __scatterload_copy                       0x080033b7   Thumb Code    14  handlers.o(i.__scatterload_copy)
    __scatterload_null                       0x080033c5   Thumb Code     2  handlers.o(i.__scatterload_null)
    __scatterload_zeroinit                   0x080033c7   Thumb Code    14  handlers.o(i.__scatterload_zeroinit)
    main                                     0x080033d5   Thumb Code    70  main.o(i.main)
    osDelay                                  0x08003427   Thumb Code    14  cmsis_os.o(i.osDelay)
    osKernelStart                            0x08003435   Thumb Code    10  cmsis_os.o(i.osKernelStart)
    osThreadCreate                           0x0800343f   Thumb Code    84  cmsis_os.o(i.osThreadCreate)
    pvPortMalloc                             0x080037e1   Thumb Code   216  heap_4.o(i.pvPortMalloc)
    pxPortInitialiseStack                    0x080038bd   Thumb Code    40  port.o(i.pxPortInitialiseStack)
    uxListRemove                             0x080038e9   Thumb Code    38  list.o(i.uxListRemove)
    vApplicationGetIdleTaskMemory            0x08003911   Thumb Code    16  freertos.o(i.vApplicationGetIdleTaskMemory)
    vListInitialise                          0x08003925   Thumb Code    22  list.o(i.vListInitialise)
    vListInitialiseItem                      0x0800393b   Thumb Code     6  list.o(i.vListInitialiseItem)
    vListInsert                              0x08003941   Thumb Code    48  list.o(i.vListInsert)
    vListInsertEnd                           0x08003971   Thumb Code    24  list.o(i.vListInsertEnd)
    vPortEnterCritical                       0x08003989   Thumb Code    54  port.o(i.vPortEnterCritical)
    vPortExitCritical                        0x080039c9   Thumb Code    34  port.o(i.vPortExitCritical)
    vPortFree                                0x080039f1   Thumb Code    94  heap_4.o(i.vPortFree)
    vPortSetupTimerInterrupt                 0x08003a55   Thumb Code    32  port.o(i.vPortSetupTimerInterrupt)
    vTaskDelay                               0x08003a79   Thumb Code    66  tasks.o(i.vTaskDelay)
    vTaskStartScheduler                      0x08003ac5   Thumb Code    90  tasks.o(i.vTaskStartScheduler)
    vTaskSuspendAll                          0x08003b31   Thumb Code    10  tasks.o(i.vTaskSuspendAll)
    vTaskSwitchContext                       0x08003b41   Thumb Code    82  tasks.o(i.vTaskSwitchContext)
    xPortStartScheduler                      0x08003b9d   Thumb Code   222  port.o(i.xPortStartScheduler)
    xTaskCreate                              0x08003c91   Thumb Code    90  tasks.o(i.xTaskCreate)
    xTaskCreateStatic                        0x08003ceb   Thumb Code    86  tasks.o(i.xTaskCreateStatic)
    xTaskIncrementTick                       0x08003d41   Thumb Code   194  tasks.o(i.xTaskIncrementTick)
    xTaskResumeAll                           0x08003e0d   Thumb Code   182  tasks.o(i.xTaskResumeAll)
    AHBPrescTable                            0x08003f10   Data          16  system_stm32f4xx.o(.constdata)
    APBPrescTable                            0x08003f20   Data           8  system_stm32f4xx.o(.constdata)
    Region$$Table$$Base                      0x08003f40   Number         0  anon$$obj.o(Region$$Table)
    Region$$Table$$Limit                     0x08003f60   Number         0  anon$$obj.o(Region$$Table)
    defaultTaskHandle                        0x20000000   Data           4  freertos.o(.data)
    MonitorTaskHandle                        0x20000004   Data           4  freertos.o(.data)
    uwTickFreq                               0x2000000c   Data           1  stm32f4xx_hal.o(.data)
    uwTickPrio                               0x20000010   Data           4  stm32f4xx_hal.o(.data)
    uwTick                                   0x20000014   Data           4  stm32f4xx_hal.o(.data)
    SystemCoreClock                          0x20000018   Data           4  system_stm32f4xx.o(.data)
    pxCurrentTCB                             0x2000001c   Data           4  tasks.o(.data)
    hcan1RxFrame                             0x20000084   Data          36  drv_can.o(.bss)
    hcan2RxFrame                             0x200000a8   Data          36  drv_can.o(.bss)
    hcan1TxFrame                             0x200000cc   Data          32  drv_can.o(.bss)
    hcan2TxFrame                             0x200000ec   Data          32  drv_can.o(.bss)
    hadc1                                    0x20000360   Data          72  adc.o(.bss)
    hcan1                                    0x200003a8   Data          40  can.o(.bss)
    hcan2                                    0x200003d0   Data          40  can.o(.bss)
    hdac                                     0x200003f8   Data          20  dac.o(.bss)
    htim1                                    0x2000040c   Data          72  tim.o(.bss)
    htim3                                    0x20000454   Data          72  tim.o(.bss)
    huart4                                   0x2000049c   Data          68  usart.o(.bss)
    huart5                                   0x200004e0   Data          68  usart.o(.bss)
    huart1                                   0x20000524   Data          68  usart.o(.bss)
    huart2                                   0x20000568   Data          68  usart.o(.bss)
    hdma_uart4_rx                            0x200005ac   Data          96  usart.o(.bss)
    hdma_uart5_rx                            0x2000060c   Data          96  usart.o(.bss)
    hdma_uart5_tx                            0x2000066c   Data          96  usart.o(.bss)
    hdma_usart1_rx                           0x200006cc   Data          96  usart.o(.bss)
    hdma_usart2_rx                           0x2000072c   Data          96  usart.o(.bss)
    htim2                                    0x2000078c   Data          72  stm32f4xx_hal_timebase_tim.o(.bss)
    GM6020_data                              0x200044c4   Data          48  motor.o(.bss)
    __initial_sp                             0x200048f8   Data           0  startup_stm32f407xx.o(STACK)



==============================================================================

Memory Map of the image

  Image Entry point : 0x08000189

  Load Region LR_IROM1 (Base: 0x08000000, Size: 0x00003fe4, Max: 0x00080000, ABSOLUTE)

    Execution Region ER_IROM1 (Exec base: 0x08000000, Load base: 0x08000000, Size: 0x00003f60, Max: 0x00080000, ABSOLUTE)

    Exec Addr    Load Addr    Size         Type   Attr      Idx    E Section Name        Object

    0x08000000   0x08000000   0x00000188   Data   RO            3    RESET               startup_stm32f407xx.o
    0x08000188   0x08000188   0x00000000   Code   RO         7128  * .ARM.Collect$$$$00000000  mc_w.l(entry.o)
    0x08000188   0x08000188   0x00000004   Code   RO         7226    .ARM.Collect$$$$00000001  mc_w.l(entry2.o)
    0x0800018c   0x0800018c   0x00000004   Code   RO         7229    .ARM.Collect$$$$00000004  mc_w.l(entry5.o)
    0x08000190   0x08000190   0x00000000   Code   RO         7231    .ARM.Collect$$$$00000008  mc_w.l(entry7b.o)
    0x08000190   0x08000190   0x00000000   Code   RO         7233    .ARM.Collect$$$$0000000A  mc_w.l(entry8b.o)
    0x08000190   0x08000190   0x00000008   Code   RO         7234    .ARM.Collect$$$$0000000B  mc_w.l(entry9a.o)
    0x08000198   0x08000198   0x00000000   Code   RO         7236    .ARM.Collect$$$$0000000D  mc_w.l(entry10a.o)
    0x08000198   0x08000198   0x00000000   Code   RO         7238    .ARM.Collect$$$$0000000F  mc_w.l(entry11a.o)
    0x08000198   0x08000198   0x00000004   Code   RO         7227    .ARM.Collect$$$$00002712  mc_w.l(entry2.o)
    0x0800019c   0x0800019c   0x000000be   Code   RO         6851    .emb_text           port.o
    0x0800025a   0x0800025a   0x00000002   PAD
    0x0800025c   0x0800025c   0x00000024   Code   RO            4    .text               startup_stm32f407xx.o
    0x08000280   0x08000280   0x00000062   Code   RO         7131    .text               mc_w.l(uldiv.o)
    0x080002e2   0x080002e2   0x00000024   Code   RO         7133    .text               mc_w.l(memcpya.o)
    0x08000306   0x08000306   0x00000024   Code   RO         7137    .text               mc_w.l(memseta.o)
    0x0800032a   0x0800032a   0x0000001e   Code   RO         7240    .text               mc_w.l(llshl.o)
    0x08000348   0x08000348   0x00000020   Code   RO         7242    .text               mc_w.l(llushr.o)
    0x08000368   0x08000368   0x00000024   Code   RO         7264    .text               mc_w.l(init.o)
    0x0800038c   0x0800038c   0x00000128   Code   RO         2385    i.ADC_Init          stm32f4xx_hal_adc.o
    0x080004b4   0x080004b4   0x00000002   Code   RO         2201    i.BusFault_Handler  stm32f4xx_it.o
    0x080004b6   0x080004b6   0x00000002   PAD
    0x080004b8   0x080004b8   0x00000028   Code   RO         1633    i.CAN1_Init         drv_can.o
    0x080004e0   0x080004e0   0x0000000c   Code   RO         2202    i.CAN1_RX0_IRQHandler  stm32f4xx_it.o
    0x080004ec   0x080004ec   0x00000024   Code   RO         7001    i.CAN1_rxDataHandler  motor.o
    0x08000510   0x08000510   0x00000028   Code   RO         1636    i.CAN2_Init         drv_can.o
    0x08000538   0x08000538   0x0000000c   Code   RO         2203    i.CAN2_RX0_IRQHandler  stm32f4xx_it.o
    0x08000544   0x08000544   0x00000002   Code   RO         1638    i.CAN2_rxDataHandler  drv_can.o
    0x08000546   0x08000546   0x0000001a   Code   RO         1639    i.CAN_Filter_ParamsInit  drv_can.o
    0x08000560   0x08000560   0x00000058   Code   RO         1640    i.CAN_Rx_Callback   drv_can.o
    0x080005b8   0x080005b8   0x0000000c   Code   RO         2204    i.DMA1_Stream0_IRQHandler  stm32f4xx_it.o
    0x080005c4   0x080005c4   0x0000000c   Code   RO         2205    i.DMA1_Stream2_IRQHandler  stm32f4xx_it.o
    0x080005d0   0x080005d0   0x0000000c   Code   RO         2206    i.DMA1_Stream5_IRQHandler  stm32f4xx_it.o
    0x080005dc   0x080005dc   0x0000000c   Code   RO         2207    i.DMA1_Stream7_IRQHandler  stm32f4xx_it.o
    0x080005e8   0x080005e8   0x0000000c   Code   RO         2208    i.DMA2_Stream2_IRQHandler  stm32f4xx_it.o
    0x080005f4   0x080005f4   0x00000028   Code   RO         3119    i.DMA_CalcBaseAndBitshift  stm32f4xx_hal_dma.o
    0x0800061c   0x0800061c   0x00000054   Code   RO         3120    i.DMA_CheckFifoParam  stm32f4xx_hal_dma.o
    0x08000670   0x08000670   0x00000002   Code   RO         2209    i.DebugMon_Handler  stm32f4xx_it.o
    0x08000672   0x08000672   0x00000004   Code   RO         1729    i.Error_Handler     main.o
    0x08000676   0x08000676   0x00000014   Code   RO         7006    i.GIMBAL_Motor_Update  motor.o
    0x0800068a   0x0800068a   0x00000002   PAD
    0x0800068c   0x0800068c   0x0000014c   Code   RO         2387    i.HAL_ADC_ConfigChannel  stm32f4xx_hal_adc.o
    0x080007d8   0x080007d8   0x00000054   Code   RO         2396    i.HAL_ADC_Init      stm32f4xx_hal_adc.o
    0x0800082c   0x0800082c   0x00000060   Code   RO         1931    i.HAL_ADC_MspInit   adc.o
    0x0800088c   0x0800088c   0x00000024   Code   RO         3793    i.HAL_CAN_ActivateNotification  stm32f4xx_hal_can.o
    0x080008b0   0x080008b0   0x0000010c   Code   RO         3795    i.HAL_CAN_ConfigFilter  stm32f4xx_hal_can.o
    0x080009bc   0x080009bc   0x00000002   Code   RO         3798    i.HAL_CAN_ErrorCallback  stm32f4xx_hal_can.o
    0x080009be   0x080009be   0x000000e8   Code   RO         3801    i.HAL_CAN_GetRxMessage  stm32f4xx_hal_can.o
    0x08000aa6   0x08000aa6   0x000001fc   Code   RO         3805    i.HAL_CAN_IRQHandler  stm32f4xx_hal_can.o
    0x08000ca2   0x08000ca2   0x0000011a   Code   RO         3806    i.HAL_CAN_Init      stm32f4xx_hal_can.o
    0x08000dbc   0x08000dbc   0x000000fc   Code   RO         1973    i.HAL_CAN_MspInit   can.o
    0x08000eb8   0x08000eb8   0x00000002   Code   RO         3813    i.HAL_CAN_RxFifo0FullCallback  stm32f4xx_hal_can.o
    0x08000eba   0x08000eba   0x00000002   PAD
    0x08000ebc   0x08000ebc   0x0000001c   Code   RO         1642    i.HAL_CAN_RxFifo0MsgPendingCallback  drv_can.o
    0x08000ed8   0x08000ed8   0x00000002   Code   RO         3815    i.HAL_CAN_RxFifo1FullCallback  stm32f4xx_hal_can.o
    0x08000eda   0x08000eda   0x00000002   Code   RO         3816    i.HAL_CAN_RxFifo1MsgPendingCallback  stm32f4xx_hal_can.o
    0x08000edc   0x08000edc   0x00000002   Code   RO         3817    i.HAL_CAN_SleepCallback  stm32f4xx_hal_can.o
    0x08000ede   0x08000ede   0x00000002   PAD
    0x08000ee0   0x08000ee0   0x00000058   Code   RO         3818    i.HAL_CAN_Start     stm32f4xx_hal_can.o
    0x08000f38   0x08000f38   0x00000002   Code   RO         3820    i.HAL_CAN_TxMailbox0AbortCallback  stm32f4xx_hal_can.o
    0x08000f3a   0x08000f3a   0x00000002   Code   RO         3821    i.HAL_CAN_TxMailbox0CompleteCallback  stm32f4xx_hal_can.o
    0x08000f3c   0x08000f3c   0x00000002   Code   RO         3822    i.HAL_CAN_TxMailbox1AbortCallback  stm32f4xx_hal_can.o
    0x08000f3e   0x08000f3e   0x00000002   Code   RO         3823    i.HAL_CAN_TxMailbox1CompleteCallback  stm32f4xx_hal_can.o
    0x08000f40   0x08000f40   0x00000002   Code   RO         3824    i.HAL_CAN_TxMailbox2AbortCallback  stm32f4xx_hal_can.o
    0x08000f42   0x08000f42   0x00000002   Code   RO         3825    i.HAL_CAN_TxMailbox2CompleteCallback  stm32f4xx_hal_can.o
    0x08000f44   0x08000f44   0x00000002   Code   RO         3827    i.HAL_CAN_WakeUpFromRxMsgCallback  stm32f4xx_hal_can.o
    0x08000f46   0x08000f46   0x00000046   Code   RO         4029    i.HAL_DAC_ConfigChannel  stm32f4xx_hal_dac.o
    0x08000f8c   0x08000f8c   0x00000028   Code   RO         4039    i.HAL_DAC_Init      stm32f4xx_hal_dac.o
    0x08000fb4   0x08000fb4   0x00000060   Code   RO         2022    i.HAL_DAC_MspInit   dac.o
    0x08001014   0x08001014   0x00000092   Code   RO         3122    i.HAL_DMA_Abort     stm32f4xx_hal_dma.o
    0x080010a6   0x080010a6   0x00000024   Code   RO         3123    i.HAL_DMA_Abort_IT  stm32f4xx_hal_dma.o
    0x080010ca   0x080010ca   0x00000002   PAD
    0x080010cc   0x080010cc   0x000001a0   Code   RO         3127    i.HAL_DMA_IRQHandler  stm32f4xx_hal_dma.o
    0x0800126c   0x0800126c   0x000000d4   Code   RO         3128    i.HAL_DMA_Init      stm32f4xx_hal_dma.o
    0x08001340   0x08001340   0x000001f0   Code   RO         3015    i.HAL_GPIO_Init     stm32f4xx_hal_gpio.o
    0x08001530   0x08001530   0x0000000a   Code   RO         3019    i.HAL_GPIO_WritePin  stm32f4xx_hal_gpio.o
    0x0800153a   0x0800153a   0x00000002   PAD
    0x0800153c   0x0800153c   0x0000000c   Code   RO         3547    i.HAL_GetTick       stm32f4xx_hal.o
    0x08001548   0x08001548   0x00000010   Code   RO         3553    i.HAL_IncTick       stm32f4xx_hal.o
    0x08001558   0x08001558   0x00000034   Code   RO         3554    i.HAL_Init          stm32f4xx_hal.o
    0x0800158c   0x0800158c   0x00000074   Code   RO         2343    i.HAL_InitTick      stm32f4xx_hal_timebase_tim.o
    0x08001600   0x08001600   0x00000038   Code   RO         2319    i.HAL_MspInit       stm32f4xx_hal_msp.o
    0x08001638   0x08001638   0x0000001a   Code   RO         3404    i.HAL_NVIC_EnableIRQ  stm32f4xx_hal_cortex.o
    0x08001652   0x08001652   0x00000002   PAD
    0x08001654   0x08001654   0x00000040   Code   RO         3410    i.HAL_NVIC_SetPriority  stm32f4xx_hal_cortex.o
    0x08001694   0x08001694   0x00000024   Code   RO         3411    i.HAL_NVIC_SetPriorityGrouping  stm32f4xx_hal_cortex.o
    0x080016b8   0x080016b8   0x00000134   Code   RO         2661    i.HAL_RCC_ClockConfig  stm32f4xx_hal_rcc.o
    0x080017ec   0x080017ec   0x00000040   Code   RO         2665    i.HAL_RCC_GetClockConfig  stm32f4xx_hal_rcc.o
    0x0800182c   0x0800182c   0x00000020   Code   RO         2668    i.HAL_RCC_GetPCLK1Freq  stm32f4xx_hal_rcc.o
    0x0800184c   0x0800184c   0x00000020   Code   RO         2669    i.HAL_RCC_GetPCLK2Freq  stm32f4xx_hal_rcc.o
    0x0800186c   0x0800186c   0x00000064   Code   RO         2670    i.HAL_RCC_GetSysClockFreq  stm32f4xx_hal_rcc.o
    0x080018d0   0x080018d0   0x0000036c   Code   RO         2673    i.HAL_RCC_OscConfig  stm32f4xx_hal_rcc.o
    0x08001c3c   0x08001c3c   0x00000002   Code   RO         4972    i.HAL_TIMEx_BreakCallback  stm32f4xx_hal_tim_ex.o
    0x08001c3e   0x08001c3e   0x00000002   Code   RO         4973    i.HAL_TIMEx_CommutCallback  stm32f4xx_hal_tim_ex.o
    0x08001c40   0x08001c40   0x00000054   Code   RO         4975    i.HAL_TIMEx_ConfigBreakDeadTime  stm32f4xx_hal_tim_ex.o
    0x08001c94   0x08001c94   0x00000090   Code   RO         4991    i.HAL_TIMEx_MasterConfigSynchronization  stm32f4xx_hal_tim_ex.o
    0x08001d24   0x08001d24   0x0000005a   Code   RO         4268    i.HAL_TIM_Base_Init  stm32f4xx_hal_tim.o
    0x08001d7e   0x08001d7e   0x00000002   PAD
    0x08001d80   0x08001d80   0x00000044   Code   RO         2088    i.HAL_TIM_Base_MspInit  tim.o
    0x08001dc4   0x08001dc4   0x00000080   Code   RO         4273    i.HAL_TIM_Base_Start_IT  stm32f4xx_hal_tim.o
    0x08001e44   0x08001e44   0x000000dc   Code   RO         4277    i.HAL_TIM_ConfigClockSource  stm32f4xx_hal_tim.o
    0x08001f20   0x08001f20   0x00000002   Code   RO         4302    i.HAL_TIM_IC_CaptureCallback  stm32f4xx_hal_tim.o
    0x08001f22   0x08001f22   0x00000166   Code   RO         4316    i.HAL_TIM_IRQHandler  stm32f4xx_hal_tim.o
    0x08002088   0x08002088   0x00000084   Code   RO         2089    i.HAL_TIM_MspPostInit  tim.o
    0x0800210c   0x0800210c   0x00000002   Code   RO         4319    i.HAL_TIM_OC_DelayElapsedCallback  stm32f4xx_hal_tim.o
    0x0800210e   0x0800210e   0x000000cc   Code   RO         4340    i.HAL_TIM_PWM_ConfigChannel  stm32f4xx_hal_tim.o
    0x080021da   0x080021da   0x0000005a   Code   RO         4343    i.HAL_TIM_PWM_Init  stm32f4xx_hal_tim.o
    0x08002234   0x08002234   0x00000002   Code   RO         4345    i.HAL_TIM_PWM_MspInit  stm32f4xx_hal_tim.o
    0x08002236   0x08002236   0x00000002   Code   RO         4346    i.HAL_TIM_PWM_PulseFinishedCallback  stm32f4xx_hal_tim.o
    0x08002238   0x08002238   0x0000000e   Code   RO         1730    i.HAL_TIM_PeriodElapsedCallback  main.o
    0x08002246   0x08002246   0x00000002   Code   RO         4359    i.HAL_TIM_TriggerCallback  stm32f4xx_hal_tim.o
    0x08002248   0x08002248   0x00000002   Code   RO         5250    i.HAL_UARTEx_RxEventCallback  stm32f4xx_hal_uart.o
    0x0800224a   0x0800224a   0x00000002   Code   RO         5264    i.HAL_UART_ErrorCallback  stm32f4xx_hal_uart.o
    0x0800224c   0x0800224c   0x00000268   Code   RO         5267    i.HAL_UART_IRQHandler  stm32f4xx_hal_uart.o
    0x080024b4   0x080024b4   0x00000062   Code   RO         5268    i.HAL_UART_Init     stm32f4xx_hal_uart.o
    0x08002516   0x08002516   0x00000002   PAD
    0x08002518   0x08002518   0x00000314   Code   RO         2142    i.HAL_UART_MspInit  usart.o
    0x0800282c   0x0800282c   0x00000002   Code   RO         5274    i.HAL_UART_RxCpltCallback  stm32f4xx_hal_uart.o
    0x0800282e   0x0800282e   0x00000002   Code   RO         5279    i.HAL_UART_TxCpltCallback  stm32f4xx_hal_uart.o
    0x08002830   0x08002830   0x00000002   Code   RO         2210    i.HardFault_Handler  stm32f4xx_it.o
    0x08002832   0x08002832   0x00000002   PAD
    0x08002834   0x08002834   0x00000064   Code   RO         1932    i.MX_ADC1_Init      adc.o
    0x08002898   0x08002898   0x00000048   Code   RO         1974    i.MX_CAN1_Init      can.o
    0x080028e0   0x080028e0   0x00000048   Code   RO         1975    i.MX_CAN2_Init      can.o
    0x08002928   0x08002928   0x0000003c   Code   RO         2023    i.MX_DAC_Init       dac.o
    0x08002964   0x08002964   0x0000007c   Code   RO         2063    i.MX_DMA_Init       dma.o
    0x080029e0   0x080029e0   0x0000003c   Code   RO         1873    i.MX_FREERTOS_Init  freertos.o
    0x08002a1c   0x08002a1c   0x00000124   Code   RO         1849    i.MX_GPIO_Init      gpio.o
    0x08002b40   0x08002b40   0x000000cc   Code   RO         2090    i.MX_TIM1_Init      tim.o
    0x08002c0c   0x08002c0c   0x000000a8   Code   RO         2091    i.MX_TIM3_Init      tim.o
    0x08002cb4   0x08002cb4   0x00000038   Code   RO         2143    i.MX_UART4_Init     usart.o
    0x08002cec   0x08002cec   0x00000038   Code   RO         2144    i.MX_UART5_Init     usart.o
    0x08002d24   0x08002d24   0x00000038   Code   RO         2145    i.MX_USART1_UART_Init  usart.o
    0x08002d5c   0x08002d5c   0x0000003c   Code   RO         2146    i.MX_USART2_UART_Init  usart.o
    0x08002d98   0x08002d98   0x00000002   Code   RO         2211    i.MemManage_Handler  stm32f4xx_it.o
    0x08002d9a   0x08002d9a   0x0000000e   Code   RO         7007    i.Motor_Init        motor.o
    0x08002da8   0x08002da8   0x00000002   Code   RO         2212    i.NMI_Handler       stm32f4xx_it.o
    0x08002daa   0x08002daa   0x00000008   Code   RO         1874    i.StartDefaultTask  freertos.o
    0x08002db2   0x08002db2   0x00000008   Code   RO         1875    i.StartMonitorTask  freertos.o
    0x08002dba   0x08002dba   0x00000002   PAD
    0x08002dbc   0x08002dbc   0x0000002c   Code   RO         6852    i.SysTick_Handler   port.o
    0x08002de8   0x08002de8   0x00000098   Code   RO         1731    i.SystemClock_Config  main.o
    0x08002e80   0x08002e80   0x00000010   Code   RO         5597    i.SystemInit        system_stm32f4xx.o
    0x08002e90   0x08002e90   0x0000000c   Code   RO         2213    i.TIM2_IRQHandler   stm32f4xx_it.o
    0x08002e9c   0x08002e9c   0x000000c8   Code   RO         4361    i.TIM_Base_SetConfig  stm32f4xx_hal_tim.o
    0x08002f64   0x08002f64   0x00000014   Code   RO         4372    i.TIM_ETR_SetConfig  stm32f4xx_hal_tim.o
    0x08002f78   0x08002f78   0x00000010   Code   RO         4373    i.TIM_ITRx_SetConfig  stm32f4xx_hal_tim.o
    0x08002f88   0x08002f88   0x00000060   Code   RO         4374    i.TIM_OC1_SetConfig  stm32f4xx_hal_tim.o
    0x08002fe8   0x08002fe8   0x0000006c   Code   RO         4375    i.TIM_OC2_SetConfig  stm32f4xx_hal_tim.o
    0x08003054   0x08003054   0x00000068   Code   RO         4376    i.TIM_OC3_SetConfig  stm32f4xx_hal_tim.o
    0x080030bc   0x080030bc   0x00000050   Code   RO         4377    i.TIM_OC4_SetConfig  stm32f4xx_hal_tim.o
    0x0800310c   0x0800310c   0x00000022   Code   RO         4379    i.TIM_TI1_ConfigInputStage  stm32f4xx_hal_tim.o
    0x0800312e   0x0800312e   0x00000024   Code   RO         4381    i.TIM_TI2_ConfigInputStage  stm32f4xx_hal_tim.o
    0x08003152   0x08003152   0x00000010   Code   RO         5281    i.UART_DMAAbortOnError  stm32f4xx_hal_uart.o
    0x08003162   0x08003162   0x0000004e   Code   RO         5291    i.UART_EndRxTransfer  stm32f4xx_hal_uart.o
    0x080031b0   0x080031b0   0x000000c0   Code   RO         5293    i.UART_Receive_IT   stm32f4xx_hal_uart.o
    0x08003270   0x08003270   0x0000010c   Code   RO         5294    i.UART_SetConfig    stm32f4xx_hal_uart.o
    0x0800337c   0x0800337c   0x0000000c   Code   RO         2214    i.USART1_IRQHandler  stm32f4xx_it.o
    0x08003388   0x08003388   0x0000000c   Code   RO         2215    i.USART2_IRQHandler  stm32f4xx_it.o
    0x08003394   0x08003394   0x00000002   Code   RO         2216    i.UsageFault_Handler  stm32f4xx_it.o
    0x08003396   0x08003396   0x00000020   Code   RO         3417    i.__NVIC_SetPriority  stm32f4xx_hal_cortex.o
    0x080033b6   0x080033b6   0x0000000e   Code   RO         7274    i.__scatterload_copy  mc_w.l(handlers.o)
    0x080033c4   0x080033c4   0x00000002   Code   RO         7275    i.__scatterload_null  mc_w.l(handlers.o)
    0x080033c6   0x080033c6   0x0000000e   Code   RO         7276    i.__scatterload_zeroinit  mc_w.l(handlers.o)
    0x080033d4   0x080033d4   0x00000046   Code   RO         1732    i.main              main.o
    0x0800341a   0x0800341a   0x0000000c   Code   RO         6417    i.makeFreeRtosPriority  cmsis_os.o
    0x08003426   0x08003426   0x0000000e   Code   RO         6419    i.osDelay           cmsis_os.o
    0x08003434   0x08003434   0x0000000a   Code   RO         6422    i.osKernelStart     cmsis_os.o
    0x0800343e   0x0800343e   0x00000054   Code   RO         6456    i.osThreadCreate    cmsis_os.o
    0x08003492   0x08003492   0x00000002   PAD
    0x08003494   0x08003494   0x00000070   Code   RO         6099    i.prvAddCurrentTaskToDelayedList  tasks.o
    0x08003504   0x08003504   0x000000d0   Code   RO         6100    i.prvAddNewTaskToReadyList  tasks.o
    0x080035d4   0x080035d4   0x00000034   Code   RO         6101    i.prvDeleteTCB      tasks.o
    0x08003608   0x08003608   0x0000004c   Code   RO         6784    i.prvHeapInit       heap_4.o
    0x08003654   0x08003654   0x00000060   Code   RO         6102    i.prvIdleTask       tasks.o
    0x080036b4   0x080036b4   0x00000098   Code   RO         6103    i.prvInitialiseNewTask  tasks.o
    0x0800374c   0x0800374c   0x0000004c   Code   RO         6785    i.prvInsertBlockIntoFreeList  heap_4.o
    0x08003798   0x08003798   0x00000020   Code   RO         6104    i.prvResetNextTaskUnblockTime  tasks.o
    0x080037b8   0x080037b8   0x00000028   Code   RO         6853    i.prvTaskExitError  port.o
    0x080037e0   0x080037e0   0x000000dc   Code   RO         6786    i.pvPortMalloc      heap_4.o
    0x080038bc   0x080038bc   0x0000002c   Code   RO         6854    i.pxPortInitialiseStack  port.o
    0x080038e8   0x080038e8   0x00000026   Code   RO         5735    i.uxListRemove      list.o
    0x0800390e   0x0800390e   0x00000002   PAD
    0x08003910   0x08003910   0x00000014   Code   RO         1876    i.vApplicationGetIdleTaskMemory  freertos.o
    0x08003924   0x08003924   0x00000016   Code   RO         5736    i.vListInitialise   list.o
    0x0800393a   0x0800393a   0x00000006   Code   RO         5737    i.vListInitialiseItem  list.o
    0x08003940   0x08003940   0x00000030   Code   RO         5738    i.vListInsert       list.o
    0x08003970   0x08003970   0x00000018   Code   RO         5739    i.vListInsertEnd    list.o
    0x08003988   0x08003988   0x00000040   Code   RO         6856    i.vPortEnterCritical  port.o
    0x080039c8   0x080039c8   0x00000028   Code   RO         6857    i.vPortExitCritical  port.o
    0x080039f0   0x080039f0   0x00000064   Code   RO         6787    i.vPortFree         heap_4.o
    0x08003a54   0x08003a54   0x00000024   Code   RO         6858    i.vPortSetupTimerInterrupt  port.o
    0x08003a78   0x08003a78   0x0000004c   Code   RO         6113    i.vTaskDelay        tasks.o
    0x08003ac4   0x08003ac4   0x0000006c   Code   RO         6126    i.vTaskStartScheduler  tasks.o
    0x08003b30   0x08003b30   0x00000010   Code   RO         6128    i.vTaskSuspendAll   tasks.o
    0x08003b40   0x08003b40   0x0000005c   Code   RO         6129    i.vTaskSwitchContext  tasks.o
    0x08003b9c   0x08003b9c   0x000000f4   Code   RO         6860    i.xPortStartScheduler  port.o
    0x08003c90   0x08003c90   0x0000005a   Code   RO         6132    i.xTaskCreate       tasks.o
    0x08003cea   0x08003cea   0x00000056   Code   RO         6133    i.xTaskCreateStatic  tasks.o
    0x08003d40   0x08003d40   0x000000cc   Code   RO         6140    i.xTaskIncrementTick  tasks.o
    0x08003e0c   0x08003e0c   0x000000c4   Code   RO         6146    i.xTaskResumeAll    tasks.o
    0x08003ed0   0x08003ed0   0x00000038   Data   RO         1878    .constdata          freertos.o
    0x08003f08   0x08003f08   0x00000008   Data   RO         3134    .constdata          stm32f4xx_hal_dma.o
    0x08003f10   0x08003f10   0x00000010   Data   RO         5598    .constdata          system_stm32f4xx.o
    0x08003f20   0x08003f20   0x00000008   Data   RO         5599    .constdata          system_stm32f4xx.o
    0x08003f28   0x08003f28   0x00000018   Data   RO         1879    .conststring        freertos.o
    0x08003f40   0x08003f40   0x00000020   Data   RO         7272    Region$$Table       anon$$obj.o


    Execution Region RW_IRAM1 (Exec base: 0x20000000, Load base: 0x08003f60, Size: 0x000048f8, Max: 0x0001c000, ABSOLUTE)

    Exec Addr    Load Addr    Size         Type   Attr      Idx    E Section Name        Object

    0x20000000   0x08003f60   0x00000008   Data   RW         1880    .data               freertos.o
    0x20000008   0x08003f68   0x00000004   Data   RW         1977    .data               can.o
    0x2000000c   0x08003f6c   0x0000000c   Data   RW         3561    .data               stm32f4xx_hal.o
    0x20000018   0x08003f78   0x00000004   Data   RW         5600    .data               system_stm32f4xx.o
    0x2000001c   0x08003f7c   0x0000003c   Data   RW         6149    .data               tasks.o
    0x20000058   0x08003fb8   0x00000020   Data   RW         6793    .data               heap_4.o
    0x20000078   0x08003fd8   0x0000000c   Data   RW         6861    .data               port.o
    0x20000084        -       0x00000088   Zero   RW         1643    .bss                drv_can.o
    0x2000010c        -       0x00000254   Zero   RW         1877    .bss                freertos.o
    0x20000360        -       0x00000048   Zero   RW         1933    .bss                adc.o
    0x200003a8        -       0x00000050   Zero   RW         1976    .bss                can.o
    0x200003f8        -       0x00000014   Zero   RW         2024    .bss                dac.o
    0x2000040c        -       0x00000090   Zero   RW         2092    .bss                tim.o
    0x2000049c        -       0x000002f0   Zero   RW         2147    .bss                usart.o
    0x2000078c        -       0x00000048   Zero   RW         2346    .bss                stm32f4xx_hal_timebase_tim.o
    0x200007d4        -       0x000000f0   Zero   RW         6148    .bss                tasks.o
    0x200008c4        -       0x00003c00   Zero   RW         6792    .bss                heap_4.o
    0x200044c4        -       0x00000030   Zero   RW         7009    .bss                motor.o
    0x200044f4   0x08003fe4   0x00000004   PAD
    0x200044f8        -       0x00000400   Zero   RW            1    STACK               startup_stm32f407xx.o


    Execution Region RW_IRAM2 (Exec base: 0x2001c000, Load base: 0x08003fe4, Size: 0x00000000, Max: 0x00004000, ABSOLUTE)

    **** No section assigned to this execution region ****


==============================================================================

Image component sizes


      Code (inc. data)   RO Data    RW Data    ZI Data      Debug   Object Name

       196         24          0          0         72       1685   adc.o
         0          0          0          0          0     718308   bmi.o
       396         46          0          4         80       2470   can.o
       120          0          0          0          0      23261   cmsis_os.o
       156         20          0          0         20       1651   dac.o
       124          4          0          0          0        834   dma.o
       224         30          0          0        136       7210   drv_can.o
         0          0          0          0          0      16880   event_groups.o
        96         12         80          8        596       3275   freertos.o
       292         20          0          0          0       1083   gpio.o
       472         24          0         32      15360       7387   heap_4.o
       138          0          0          0          0       3522   list.o
       240         10          0          0          0      35568   main.o
        70          4          0          0         48       2977   motor.o
       702         72          0         12          0      10948   port.o
        36          8        392          0       1024        832   startup_stm32f407xx.o
        80         14          0         12          0       8058   stm32f4xx_hal.o
       712         28          0          0          0       2867   stm32f4xx_hal_adc.o
      1438          6          0          0          0      13048   stm32f4xx_hal_can.o
       158         14          0          0          0      33138   stm32f4xx_hal_cortex.o
       110          0          0          0          0       1895   stm32f4xx_hal_dac.o
       934         16          8          0          0       5583   stm32f4xx_hal_dma.o
       506         46          0          0          0       2180   stm32f4xx_hal_gpio.o
        56          4          0          0          0        858   stm32f4xx_hal_msp.o
      1412         86          0          0          0       5869   stm32f4xx_hal_rcc.o
      1794        108          0          0          0      15318   stm32f4xx_hal_tim.o
       232         28          0          0          0       3253   stm32f4xx_hal_tim_ex.o
       116         14          0          0         72       1407   stm32f4xx_hal_timebase_tim.o
      1276         16          0          0          0       8256   stm32f4xx_hal_uart.o
       132         60          0          0          0       7453   stm32f4xx_it.o
         0          0          0          0          0        392   stream_buffer.o
        16          4         24          4          0       1115   system_stm32f4xx.o
      1520        112          0         60        240      19410   tasks.o
       572         52          0          0        144       3249   tim.o
      1016         86          0          0        752       4361   usart.o

    ----------------------------------------------------------------------
     15370        968        536        132      18548     975601   Object Totals
         0          0         32          0          0          0   (incl. Generated)
        28          0          0          0          4          0   (incl. Padding)

    ----------------------------------------------------------------------

      Code (inc. data)   RO Data    RW Data    ZI Data      Debug   Library Member Name

         0          0          0          0          0          0   entry.o
         0          0          0          0          0          0   entry10a.o
         0          0          0          0          0          0   entry11a.o
         8          4          0          0          0          0   entry2.o
         4          0          0          0          0          0   entry5.o
         0          0          0          0          0          0   entry7b.o
         0          0          0          0          0          0   entry8b.o
         8          4          0          0          0          0   entry9a.o
        30          0          0          0          0          0   handlers.o
        36          8          0          0          0         68   init.o
        30          0          0          0          0         68   llshl.o
        32          0          0          0          0         68   llushr.o
        36          0          0          0          0         68   memcpya.o
        36          0          0          0          0        108   memseta.o
        98          0          0          0          0         92   uldiv.o

    ----------------------------------------------------------------------
       318         16          0          0          0        472   Library Totals
         0          0          0          0          0          0   (incl. Padding)

    ----------------------------------------------------------------------

      Code (inc. data)   RO Data    RW Data    ZI Data      Debug   Library Name

       318         16          0          0          0        472   mc_w.l

    ----------------------------------------------------------------------
       318         16          0          0          0        472   Library Totals

    ----------------------------------------------------------------------

==============================================================================


      Code (inc. data)   RO Data    RW Data    ZI Data      Debug   

     15688        984        536        132      18548     960121   Grand Totals
     15688        984        536        132      18548     960121   ELF Image Totals
     15688        984        536        132          0          0   ROM Totals

==============================================================================

    Total RO  Size (Code + RO Data)                16224 (  15.84kB)
    Total RW  Size (RW Data + ZI Data)             18680 (  18.24kB)
    Total ROM Size (Code + RO Data + RW Data)      16356 (  15.97kB)

==============================================================================

